W0430 06:34:29.157000 597769 torch/distributed/run.py:803] 
W0430 06:34:29.157000 597769 torch/distributed/run.py:803] *****************************************
W0430 06:34:29.157000 597769 torch/distributed/run.py:803] Setting OMP_NUM_THREADS environment variable for each process to be 1 in default, to avoid your system being overloaded, please further tune the variable for optimal performance in your application as needed. 
W0430 06:34:29.157000 597769 torch/distributed/run.py:803] *****************************************
Hyperparameters:
  adam_eps: 1e-08
  adam_wd: 0.02
  artifact_dir: 
  attn_clip_sigmas: 13.0
  attn_out_gate_enabled: False
  attn_out_gate_src: proj
  beta1: 0.9
  beta2: 0.99
  caseops_enabled: True
  compressor: brotli
  data_dir: ./data
  datasets_dir: ./data/datasets/fineweb10B_sp8192_caseops/datasets/datasets/fineweb10B_sp8192_lossless_caps_caseops_v1_reserved
  distributed: True
  ema_decay: 0.9965
  embed_bits: 7
  embed_clip_sigmas: 14.0
  embed_lr: 0.6
  embed_wd: 0.085
  enable_looping_at: 0.35
  eval_seq_len: 2560
  eval_stride: 64
  fused_ce_enabled: True
  gate_window: 12
  gated_attn_enabled: False
  gated_attn_init_std: 0.01
  gated_attn_quant_gate: False
  global_ttt_batch_seqs: 32
  global_ttt_chunk_tokens: 32768
  global_ttt_epochs: 1
  global_ttt_grad_clip: 1.0
  global_ttt_lr: 0.001
  global_ttt_momentum: 0.9
  global_ttt_muon_nesterov: True
  global_ttt_muon_ns_steps: 5
  global_ttt_optimizer: sgd
  global_ttt_respect_doc_boundaries: True
  global_ttt_warmup_chunks: 0
  global_ttt_warmup_start_lr: 0.0
  gptq_calibration_batches: 16
  gptq_reserve_seconds: 0.5
  grad_accum_steps: 1
  grad_clip_norm: 0.3
  is_main_process: True
  iterations: 20000
  ln_scale: True
  local_rank: 0
  logfile: logs/bb75dacd-07cb-4676-9c4c-955945a46a40.txt
  logit_softcap: 30.0
  loop_end: 5
  loop_start: 3
  lqer_asym_enabled: True
  lqer_asym_group: 64
  lqer_enabled: True
  lqer_factor_bits: 4
  lqer_rank: 4
  lqer_top_k: 3
  matrix_bits: 6
  matrix_clip_sigmas: 12.85
  matrix_lr: 0.026
  max_wallclock_seconds: 600.0
  min_lr: 0.1
  mlp_clip_sigmas: 11.5
  mlp_mult: 4.0
  model_dim: 512
  model_path: final_model.pt
  muon_backend_steps: 5
  muon_huber_delta: 0.1
  muon_huber_wd: False
  muon_momentum: 0.97
  muon_momentum_warmup_start: 0.92
  muon_momentum_warmup_steps: 1500
  muon_row_normalize: True
  muon_wd: 0.095
  num_heads: 8
  num_kv_heads: 4
  num_layers: 11
  num_loops: 2
  optrot_enabled: False
  parallel_final_lane: mean
  parallel_start_layer: 8
  phased_ttt_num_phases: 2
  phased_ttt_prefix_docs: 2500
  qk_gain_init: 5.0
  qk_gain_schedule: []
  quantized_model_path: final_model.int6.ptz
  rank: 0
  rope_base: 10000.0
  rope_dims: 16
  rope_train_seq_len: 2048
  rope_yarn: False
  run_id: bb75dacd-07cb-4676-9c4c-955945a46a40
  scalar_lr: 0.02
  seed: 314
  skip_gates_enabled: True
  smear_gate_enabled: True
  sparse_attn_gate_enabled: True
  sparse_attn_gate_init_std: 0.0
  sparse_attn_gate_scale: 0.5
  tie_embeddings: True
  tied_embed_init_std: 0.005
  tied_embed_lr: 0.03
  tokenizer_path: ./data/datasets/fineweb10B_sp8192_caseops/datasets/tokenizers/fineweb_8192_bpe_lossless_caps_caseops_v1_reserved.model
  train_batch_tokens: 786432
  train_files: ./data/datasets/fineweb10B_sp8192_caseops/datasets/datasets/fineweb10B_sp8192_lossless_caps_caseops_v1_reserved/fineweb_train_*.bin
  train_log_every: 500
  train_seq_len: 2048
  ttt_batch_size: 64
  ttt_beta1: 0.0
  ttt_beta2: 0.99
  ttt_chunk_size: 48
  ttt_enabled: True
  ttt_eval_batches: 
  ttt_eval_seq_len: 2560
  ttt_grad_steps: 1
  ttt_k_lora: False
  ttt_lora_lr: 7.5e-05
  ttt_lora_rank: 80
  ttt_mlp_lora: True
  ttt_o_lora: True
  ttt_optimizer: adam
  ttt_weight_decay: 2.0
  val_batch_tokens: 524288
  val_bytes_files: ./data/datasets/fineweb10B_sp8192_caseops/datasets/datasets/fineweb10B_sp8192_lossless_caps_caseops_v1_reserved/fineweb_val_bytes_*.bin
  val_doc_fraction: 1.0
  val_files: ./data/datasets/fineweb10B_sp8192_caseops/datasets/datasets/fineweb10B_sp8192_lossless_caps_caseops_v1_reserved/fineweb_val_*.bin
  val_loss_every: 4000
  vocab_size: 8192
  warmdown_frac: 0.85
  warmup_steps: 20
  world_size: 8
  xsa_last_n: 11
train_shards: 1499
val_tokens: 47851520
model_params:35945671
gptq:reserving 0s, effective=599500ms
warmup_cu_buckets:64,128,192,256 iters_each:3
warmup_step: 1/20
warmup_step: 2/20
warmup_step: 3/20
warmup_step: 4/20
warmup_step: 5/20
warmup_step: 6/20
warmup_step: 10/20
warmup_step: 20/20
loop_warmup:enabled encoder:[0, 1, 2, 3, 4, 5, 3, 4] decoder:[5, 3, 4, 5, 6, 7, 8, 9, 10]
loop_warmup_step: 1/20
loop_warmup_step: 2/20
loop_warmup_step: 3/20
loop_warmup_step: 4/20
loop_warmup_step: 5/20
loop_warmup_step: 6/20
loop_warmup_step: 10/20
loop_warmup_step: 20/20
0/20000 val_loss: 8.9980 val_bpb: 4.1114
1/20000 train_loss: 8.9988 train_time: 0.0m tok/s: 12433690
2/20000 train_loss: 12.8563 train_time: 0.0m tok/s: 11763958
3/20000 train_loss: 10.2278 train_time: 0.0m tok/s: 10431804
4/20000 train_loss: 8.6726 train_time: 0.0m tok/s: 9899636
5/20000 train_loss: 7.8994 train_time: 0.0m tok/s: 9601284
500/20000 train_loss: 2.7338 train_time: 0.8m tok/s: 8438441
1000/20000 train_loss: 2.7839 train_time: 1.6m tok/s: 8409445
1500/20000 train_loss: 2.7163 train_time: 2.3m tok/s: 8400239
2000/20000 train_loss: 2.4882 train_time: 3.1m tok/s: 8396607
layer_loop:enabled step:2241 frac:0.350 encoder:[0, 1, 2, 3, 4, 5, 3, 4] decoder:[5, 3, 4, 5, 6, 7, 8, 9, 10]
2500/20000 train_loss: 2.6747 train_time: 4.1m tok/s: 8001448
3000/20000 train_loss: 2.4862 train_time: 5.3m tok/s: 7467213
3500/20000 train_loss: 2.3653 train_time: 6.5m tok/s: 7071689
4000/20000 train_loss: 2.5073 train_time: 7.7m tok/s: 6848547
4000/20000 val_loss: 2.4219 val_bpb: 1.1066
4500/20000 train_loss: 2.3911 train_time: 8.8m tok/s: 6697042
5000/20000 train_loss: 2.2764 train_time: 10.0m tok/s: 6580330
5014/20000 val_loss: 2.3473 val_bpb: 1.0725
stopping_early: wallclock_cap train_time: 599540ms step: 5014/20000
peak memory allocated: 41709 MiB reserved: 46930 MiB
ema:applying EMA weights
diagnostic pre-quantization post-ema val_loss:2.32150772 val_bpb:1.06074598 eval_time:11097ms
Serialized model: 135417533 bytes
Code size (uncompressed): 167610 bytes
Code size (compressed): 33230 bytes
GPTQ:collecting Hessians from calibration data...
GPTQ:collected 67 Hessians in 3.5s
Quantized weights:
  gptq (int6): blocks.attn.c_k.weight, blocks.attn.c_q.weight, blocks.attn.c_v.weight, blocks.attn.proj.weight, blocks.mlp.fc.weight, blocks.mlp.proj.weight
  gptq (int6)+lqer_asym: blocks.mlp.fc.weight
  gptq (int7)+lqer_asym: tok_emb.weight
  passthrough (float16): blocks.attn.attn_gate_w, blocks.attn.q_gain, blocks.attn_scale, blocks.mlp_scale, blocks.resid_mix, parallel_post_lambdas, parallel_resid_lambdas, skip_gates, skip_weights, smear_gate.weight, smear_lambda
Serialized model quantized+brotli: 16108791 bytes
Total submission size quantized+brotli: 16142021 bytes
diagnostic quantized val_loss:2.34031970 val_bpb:1.06934157 eval_time:12451ms
ttt_lora:warming up compile (random tokens, no val data)
ttt_lora:compile warmup done (146.2s)

beginning TTT eval timer
ttt_phased: total_docs:50000 prefix_docs:2500 suffix_docs:47500 num_phases:2 boundaries:[1250, 2500]
ttp: b780/782 bl:2.2316 bb:1.0751 rl:2.2316 rb:1.0751 dl:13091-17244 gd:0
ttp: b766/782 bl:2.1313 bb:0.9999 rl:2.2077 rb:1.0568 dl:4521-4680 gd:0
ttp: b760/782 bl:2.3415 bb:1.0368 rl:2.2300 rb:1.0532 dl:3817-3916 gd:0
ttpp: phase:1/2 pd:1680 gd:1250 t:232.3s
tttg: c1/181 lr:0.001000 t:0.3s
tttg: c2/181 lr:0.001000 t:0.4s
tttg: c3/181 lr:0.001000 t:0.5s
tttg: c4/181 lr:0.000999 t:0.5s
tttg: c5/181 lr:0.000999 t:0.6s
tttg: c6/181 lr:0.000998 t:0.7s
tttg: c7/181 lr:0.000997 t:0.8s
tttg: c8/181 lr:0.000996 t:0.9s
tttg: c9/181 lr:0.000995 t:0.9s
tttg: c10/181 lr:0.000994 t:1.0s
tttg: c11/181 lr:0.000992 t:1.1s
tttg: c12/181 lr:0.000991 t:1.2s
tttg: c13/181 lr:0.000989 t:1.3s
tttg: c14/181 lr:0.000987 t:1.4s
tttg: c15/181 lr:0.000985 t:1.4s
tttg: c16/181 lr:0.000983 t:1.5s
tttg: c17/181 lr:0.000981 t:1.6s
tttg: c18/181 lr:0.000978 t:1.7s
tttg: c19/181 lr:0.000976 t:1.8s
tttg: c20/181 lr:0.000973 t:1.8s
tttg: c21/181 lr:0.000970 t:1.9s
tttg: c22/181 lr:0.000967 t:2.0s
tttg: c23/181 lr:0.000964 t:2.1s
tttg: c24/181 lr:0.000960 t:2.2s
tttg: c25/181 lr:0.000957 t:2.2s
tttg: c26/181 lr:0.000953 t:2.3s
tttg: c27/181 lr:0.000949 t:2.4s
tttg: c28/181 lr:0.000946 t:2.5s
tttg: c29/181 lr:0.000941 t:2.6s
tttg: c30/181 lr:0.000937 t:2.6s
tttg: c31/181 lr:0.000933 t:2.7s
tttg: c32/181 lr:0.000929 t:2.8s
tttg: c33/181 lr:0.000924 t:2.9s
tttg: c34/181 lr:0.000919 t:3.0s
tttg: c35/181 lr:0.000915 t:3.1s
tttg: c36/181 lr:0.000910 t:3.2s
tttg: c37/181 lr:0.000905 t:3.2s
tttg: c38/181 lr:0.000899 t:3.3s
tttg: c39/181 lr:0.000894 t:3.4s
tttg: c40/181 lr:0.000889 t:3.5s
tttg: c41/181 lr:0.000883 t:3.5s
tttg: c42/181 lr:0.000877 t:3.6s
tttg: c43/181 lr:0.000872 t:3.7s
tttg: c44/181 lr:0.000866 t:3.8s
tttg: c45/181 lr:0.000860 t:3.9s
tttg: c46/181 lr:0.000854 t:3.9s
tttg: c47/181 lr:0.000847 t:4.0s
tttg: c48/181 lr:0.000841 t:4.1s
tttg: c49/181 lr:0.000835 t:4.2s
tttg: c50/181 lr:0.000828 t:4.3s
tttg: c51/181 lr:0.000821 t:4.4s
tttg: c52/181 lr:0.000815 t:4.4s
tttg: c53/181 lr:0.000808 t:4.5s
tttg: c54/181 lr:0.000801 t:4.6s
tttg: c55/181 lr:0.000794 t:4.7s
tttg: c56/181 lr:0.000787 t:4.8s
tttg: c57/181 lr:0.000780 t:4.8s
tttg: c58/181 lr:0.000772 t:4.9s
tttg: c59/181 lr:0.000765 t:5.0s
tttg: c60/181 lr:0.000758 t:5.1s
tttg: c61/181 lr:0.000750 t:5.2s
tttg: c62/181 lr:0.000742 t:5.2s
tttg: c63/181 lr:0.000735 t:5.3s
tttg: c64/181 lr:0.000727 t:5.4s
tttg: c65/181 lr:0.000719 t:5.5s
tttg: c66/181 lr:0.000711 t:5.6s
tttg: c67/181 lr:0.000703 t:5.6s
tttg: c68/181 lr:0.000695 t:5.7s
tttg: c69/181 lr:0.000687 t:5.8s
tttg: c70/181 lr:0.000679 t:5.9s
tttg: c71/181 lr:0.000671 t:6.0s
tttg: c72/181 lr:0.000663 t:6.1s
tttg: c73/181 lr:0.000655 t:6.1s
tttg: c74/181 lr:0.000646 t:6.2s
tttg: c75/181 lr:0.000638 t:6.3s
tttg: c76/181 lr:0.000629 t:6.4s
tttg: c77/181 lr:0.000621 t:6.5s
tttg: c78/181 lr:0.000612 t:6.6s
tttg: c79/181 lr:0.000604 t:6.6s
tttg: c80/181 lr:0.000595 t:6.7s
tttg: c81/181 lr:0.000587 t:6.8s
tttg: c82/181 lr:0.000578 t:6.9s
tttg: c83/181 lr:0.000570 t:7.0s
tttg: c84/181 lr:0.000561 t:7.0s
tttg: c85/181 lr:0.000552 t:7.1s
tttg: c86/181 lr:0.000544 t:7.2s
tttg: c87/181 lr:0.000535 t:7.3s
tttg: c88/181 lr:0.000526 t:7.4s
tttg: c89/181 lr:0.000517 t:7.4s
tttg: c90/181 lr:0.000509 t:7.5s
tttg: c91/181 lr:0.000500 t:7.6s
tttg: c92/181 lr:0.000491 t:7.7s
tttg: c93/181 lr:0.000483 t:7.8s
tttg: c94/181 lr:0.000474 t:7.9s
tttg: c95/181 lr:0.000465 t:7.9s
tttg: c96/181 lr:0.000456 t:8.0s
tttg: c97/181 lr:0.000448 t:8.1s
tttg: c98/181 lr:0.000439 t:8.2s
tttg: c99/181 lr:0.000430 t:8.3s
tttg: c100/181 lr:0.000422 t:8.3s
tttg: c101/181 lr:0.000413 t:8.4s
tttg: c102/181 lr:0.000405 t:8.5s
tttg: c103/181 lr:0.000396 t:8.6s
tttg: c104/181 lr:0.000388 t:8.7s
tttg: c105/181 lr:0.000379 t:8.7s
tttg: c106/181 lr:0.000371 t:8.8s
tttg: c107/181 lr:0.000362 t:8.9s
tttg: c108/181 lr:0.000354 t:9.0s
tttg: c109/181 lr:0.000345 t:9.1s
tttg: c110/181 lr:0.000337 t:9.1s
tttg: c111/181 lr:0.000329 t:9.2s
tttg: c112/181 lr:0.000321 t:9.3s
tttg: c113/181 lr:0.000313 t:9.4s
tttg: c114/181 lr:0.000305 t:9.5s
tttg: c115/181 lr:0.000297 t:9.6s
tttg: c116/181 lr:0.000289 t:9.6s
tttg: c117/181 lr:0.000281 t:9.7s
tttg: c118/181 lr:0.000273 t:9.8s
tttg: c119/181 lr:0.000265 t:9.9s
tttg: c120/181 lr:0.000258 t:10.0s
tttg: c121/181 lr:0.000250 t:10.0s
tttg: c122/181 lr:0.000242 t:10.1s
tttg: c123/181 lr:0.000235 t:10.2s
tttg: c124/181 lr:0.000228 t:10.3s
tttg: c125/181 lr:0.000220 t:10.4s
tttg: c126/181 lr:0.000213 t:10.4s
tttg: c127/181 lr:0.000206 t:10.5s
tttg: c128/181 lr:0.000199 t:10.6s
tttg: c129/181 lr:0.000192 t:10.7s
tttg: c130/181 lr:0.000185 t:10.8s
tttg: c131/181 lr:0.000179 t:10.8s
tttg: c132/181 lr:0.000172 t:10.9s
tttg: c133/181 lr:0.000165 t:11.0s
tttg: c134/181 lr:0.000159 t:11.1s
tttg: c135/181 lr:0.000153 t:11.2s
tttg: c136/181 lr:0.000146 t:11.2s
tttg: c137/181 lr:0.000140 t:11.3s
tttg: c138/181 lr:0.000134 t:11.4s
tttg: c139/181 lr:0.000128 t:11.5s
tttg: c140/181 lr:0.000123 t:11.6s
tttg: c141/181 lr:0.000117 t:11.6s
tttg: c142/181 lr:0.000111 t:11.7s
tttg: c143/181 lr:0.000106 t:11.8s
tttg: c144/181 lr:0.000101 t:11.9s
tttg: c145/181 lr:0.000095 t:12.0s
tttg: c146/181 lr:0.000090 t:12.0s
tttg: c147/181 lr:0.000085 t:12.1s
tttg: c148/181 lr:0.000081 t:12.2s
tttg: c149/181 lr:0.000076 t:12.3s
tttg: c150/181 lr:0.000071 t:12.3s
tttg: c151/181 lr:0.000067 t:12.4s
tttg: c152/181 lr:0.000063 t:12.5s
tttg: c153/181 lr:0.000059 t:12.6s
tttg: c154/181 lr:0.000054 t:12.7s
tttg: c155/181 lr:0.000051 t:12.7s
tttg: c156/181 lr:0.000047 t:12.8s
tttg: c157/181 lr:0.000043 t:12.9s
tttg: c158/181 lr:0.000040 t:13.0s
tttg: c159/181 lr:0.000036 t:13.1s
tttg: c160/181 lr:0.000033 t:13.1s
tttg: c161/181 lr:0.000030 t:13.2s
tttg: c162/181 lr:0.000027 t:13.3s
tttg: c163/181 lr:0.000024 t:13.4s
tttg: c164/181 lr:0.000022 t:13.5s
tttg: c165/181 lr:0.000019 t:13.6s
tttg: c166/181 lr:0.000017 t:13.6s
tttg: c167/181 lr:0.000015 t:13.7s
tttg: c168/181 lr:0.000013 t:13.8s
tttg: c169/181 lr:0.000011 t:13.9s
tttg: c170/181 lr:0.000009 t:14.0s
tttg: c171/181 lr:0.000008 t:14.0s
tttg: c172/181 lr:0.000006 t:14.1s
tttg: c173/181 lr:0.000005 t:14.2s
tttg: c174/181 lr:0.000004 t:14.3s
tttg: c175/181 lr:0.000003 t:14.3s
tttg: c176/181 lr:0.000002 t:14.4s
tttg: c177/181 lr:0.000001 t:14.5s
tttg: c178/181 lr:0.000001 t:14.6s
tttg: c179/181 lr:0.000000 t:14.7s
tttg: c180/181 lr:0.000000 t:14.7s
ttpr: phase:1/2 t:248.5s
ttp: b749/782 bl:2.3880 bb:1.0836 rl:2.2485 rb:1.0569 dl:3039-3089 gd:0
ttp: b747/782 bl:2.2948 bb:1.0488 rl:2.2532 rb:1.0561 dl:2944-2991 gd:0
ttp: b744/782 bl:2.3949 bb:1.0774 rl:2.2657 rb:1.0580 dl:2806-2842 gd:0
ttp: b741/782 bl:2.3094 bb:1.0357 rl:2.2691 rb:1.0562 dl:2686-2730 gd:0
ttp: b737/782 bl:2.3101 bb:1.0385 rl:2.2719 rb:1.0549 dl:2550-2583 gd:0
ttpp: phase:2/2 pd:2960 gd:2500 t:353.1s
tttg: c1/289 lr:0.001000 t:0.1s
tttg: c2/289 lr:0.001000 t:0.2s
tttg: c3/289 lr:0.001000 t:0.2s
tttg: c4/289 lr:0.001000 t:0.3s
tttg: c5/289 lr:0.001000 t:0.4s
tttg: c6/289 lr:0.000999 t:0.5s
tttg: c7/289 lr:0.000999 t:0.6s
tttg: c8/289 lr:0.000999 t:0.6s
tttg: c9/289 lr:0.000998 t:0.7s
tttg: c10/289 lr:0.000998 t:0.8s
tttg: c11/289 lr:0.000997 t:0.9s
tttg: c12/289 lr:0.000996 t:1.0s
tttg: c13/289 lr:0.000996 t:1.0s
tttg: c14/289 lr:0.000995 t:1.1s
tttg: c15/289 lr:0.000994 t:1.2s
tttg: c16/289 lr:0.000993 t:1.3s
tttg: c17/289 lr:0.000992 t:1.4s
tttg: c18/289 lr:0.000991 t:1.4s
tttg: c19/289 lr:0.000990 t:1.5s
tttg: c20/289 lr:0.000989 t:1.6s
tttg: c21/289 lr:0.000988 t:1.7s
tttg: c22/289 lr:0.000987 t:1.8s
tttg: c23/289 lr:0.000986 t:1.9s
tttg: c24/289 lr:0.000984 t:1.9s
tttg: c25/289 lr:0.000983 t:2.0s
tttg: c26/289 lr:0.000982 t:2.1s
tttg: c27/289 lr:0.000980 t:2.2s
tttg: c28/289 lr:0.000978 t:2.3s
tttg: c29/289 lr:0.000977 t:2.3s
tttg: c30/289 lr:0.000975 t:2.4s
tttg: c31/289 lr:0.000973 t:2.5s
tttg: c32/289 lr:0.000972 t:2.6s
tttg: c33/289 lr:0.000970 t:2.6s
tttg: c34/289 lr:0.000968 t:2.7s
tttg: c35/289 lr:0.000966 t:2.8s
tttg: c36/289 lr:0.000964 t:2.9s
tttg: c37/289 lr:0.000962 t:3.0s
tttg: c38/289 lr:0.000960 t:3.0s
tttg: c39/289 lr:0.000958 t:3.1s
tttg: c40/289 lr:0.000955 t:3.2s
tttg: c41/289 lr:0.000953 t:3.3s
tttg: c42/289 lr:0.000951 t:3.4s
tttg: c43/289 lr:0.000948 t:3.5s
tttg: c44/289 lr:0.000946 t:3.6s
tttg: c45/289 lr:0.000944 t:3.6s
tttg: c46/289 lr:0.000941 t:3.7s
tttg: c47/289 lr:0.000938 t:3.8s
tttg: c48/289 lr:0.000936 t:3.9s
tttg: c49/289 lr:0.000933 t:4.0s
tttg: c50/289 lr:0.000930 t:4.0s
tttg: c51/289 lr:0.000927 t:4.1s
tttg: c52/289 lr:0.000925 t:4.2s
tttg: c53/289 lr:0.000922 t:4.3s
tttg: c54/289 lr:0.000919 t:4.4s
tttg: c55/289 lr:0.000916 t:4.4s
tttg: c56/289 lr:0.000913 t:4.5s
tttg: c57/289 lr:0.000910 t:4.6s
tttg: c58/289 lr:0.000906 t:4.7s
tttg: c59/289 lr:0.000903 t:4.8s
tttg: c60/289 lr:0.000900 t:4.9s
tttg: c61/289 lr:0.000897 t:4.9s
tttg: c62/289 lr:0.000893 t:5.0s
tttg: c63/289 lr:0.000890 t:5.1s
tttg: c64/289 lr:0.000887 t:5.2s
tttg: c65/289 lr:0.000883 t:5.3s
tttg: c66/289 lr:0.000879 t:5.3s
tttg: c67/289 lr:0.000876 t:5.4s
tttg: c68/289 lr:0.000872 t:5.5s
tttg: c69/289 lr:0.000869 t:5.6s
tttg: c70/289 lr:0.000865 t:5.7s
tttg: c71/289 lr:0.000861 t:5.7s
tttg: c72/289 lr:0.000857 t:5.8s
tttg: c73/289 lr:0.000854 t:5.9s
tttg: c74/289 lr:0.000850 t:6.0s
tttg: c75/289 lr:0.000846 t:6.1s
tttg: c76/289 lr:0.000842 t:6.1s
tttg: c77/289 lr:0.000838 t:6.2s
tttg: c78/289 lr:0.000834 t:6.3s
tttg: c79/289 lr:0.000830 t:6.4s
tttg: c80/289 lr:0.000826 t:6.5s
tttg: c81/289 lr:0.000821 t:6.6s
tttg: c82/289 lr:0.000817 t:6.6s
tttg: c83/289 lr:0.000813 t:6.7s
tttg: c84/289 lr:0.000809 t:6.8s
tttg: c85/289 lr:0.000804 t:6.9s
tttg: c86/289 lr:0.000800 t:7.0s
tttg: c87/289 lr:0.000796 t:7.0s
tttg: c88/289 lr:0.000791 t:7.1s
tttg: c89/289 lr:0.000787 t:7.2s
tttg: c90/289 lr:0.000782 t:7.3s
tttg: c91/289 lr:0.000778 t:7.4s
tttg: c92/289 lr:0.000773 t:7.4s
tttg: c93/289 lr:0.000769 t:7.5s
tttg: c94/289 lr:0.000764 t:7.6s
tttg: c95/289 lr:0.000759 t:7.7s
tttg: c96/289 lr:0.000755 t:7.8s
tttg: c97/289 lr:0.000750 t:7.9s
tttg: c98/289 lr:0.000745 t:7.9s
tttg: c99/289 lr:0.000740 t:8.0s
tttg: c100/289 lr:0.000736 t:8.1s
tttg: c101/289 lr:0.000731 t:8.2s
tttg: c102/289 lr:0.000726 t:8.3s
tttg: c103/289 lr:0.000721 t:8.4s
tttg: c104/289 lr:0.000716 t:8.4s
tttg: c105/289 lr:0.000711 t:8.5s
tttg: c106/289 lr:0.000706 t:8.6s
tttg: c107/289 lr:0.000701 t:8.7s
tttg: c108/289 lr:0.000696 t:8.8s
tttg: c109/289 lr:0.000691 t:8.8s
tttg: c110/289 lr:0.000686 t:8.9s
tttg: c111/289 lr:0.000681 t:9.0s
tttg: c112/289 lr:0.000676 t:9.1s
tttg: c113/289 lr:0.000671 t:9.2s
tttg: c114/289 lr:0.000666 t:9.2s
tttg: c115/289 lr:0.000661 t:9.3s
tttg: c116/289 lr:0.000656 t:9.4s
tttg: c117/289 lr:0.000650 t:9.5s
tttg: c118/289 lr:0.000645 t:9.6s
tttg: c119/289 lr:0.000640 t:9.6s
tttg: c120/289 lr:0.000635 t:9.7s
tttg: c121/289 lr:0.000629 t:9.8s
tttg: c122/289 lr:0.000624 t:9.9s
tttg: c123/289 lr:0.000619 t:10.0s
tttg: c124/289 lr:0.000614 t:10.0s
tttg: c125/289 lr:0.000608 t:10.1s
tttg: c126/289 lr:0.000603 t:10.2s
tttg: c127/289 lr:0.000598 t:10.3s
tttg: c128/289 lr:0.000592 t:10.4s
tttg: c129/289 lr:0.000587 t:10.5s
tttg: c130/289 lr:0.000581 t:10.5s
tttg: c131/289 lr:0.000576 t:10.6s
tttg: c132/289 lr:0.000571 t:10.7s
tttg: c133/289 lr:0.000565 t:10.8s
tttg: c134/289 lr:0.000560 t:10.9s
tttg: c135/289 lr:0.000554 t:10.9s
tttg: c136/289 lr:0.000549 t:11.0s
tttg: c137/289 lr:0.000544 t:11.1s
tttg: c138/289 lr:0.000538 t:11.2s
tttg: c139/289 lr:0.000533 t:11.3s
tttg: c140/289 lr:0.000527 t:11.3s
tttg: c141/289 lr:0.000522 t:11.4s
tttg: c142/289 lr:0.000516 t:11.5s
tttg: c143/289 lr:0.000511 t:11.6s
tttg: c144/289 lr:0.000505 t:11.7s
tttg: c145/289 lr:0.000500 t:11.7s
tttg: c146/289 lr:0.000495 t:11.8s
tttg: c147/289 lr:0.000489 t:11.9s
tttg: c148/289 lr:0.000484 t:12.0s
tttg: c149/289 lr:0.000478 t:12.1s
tttg: c150/289 lr:0.000473 t:12.1s
tttg: c151/289 lr:0.000467 t:12.2s
tttg: c152/289 lr:0.000462 t:12.3s
tttg: c153/289 lr:0.000456 t:12.4s
tttg: c154/289 lr:0.000451 t:12.5s
tttg: c155/289 lr:0.000446 t:12.5s
tttg: c156/289 lr:0.000440 t:12.6s
tttg: c157/289 lr:0.000435 t:12.7s
tttg: c158/289 lr:0.000429 t:12.8s
tttg: c159/289 lr:0.000424 t:12.9s
tttg: c160/289 lr:0.000419 t:12.9s
tttg: c161/289 lr:0.000413 t:13.0s
tttg: c162/289 lr:0.000408 t:13.1s
tttg: c163/289 lr:0.000402 t:13.2s
tttg: c164/289 lr:0.000397 t:13.3s
tttg: c165/289 lr:0.000392 t:13.3s
tttg: c166/289 lr:0.000386 t:13.4s
tttg: c167/289 lr:0.000381 t:13.5s
tttg: c168/289 lr:0.000376 t:13.6s
tttg: c169/289 lr:0.000371 t:13.7s
tttg: c170/289 lr:0.000365 t:13.8s
tttg: c171/289 lr:0.000360 t:13.8s
tttg: c172/289 lr:0.000355 t:13.9s
tttg: c173/289 lr:0.000350 t:14.0s
tttg: c174/289 lr:0.000344 t:14.1s
tttg: c175/289 lr:0.000339 t:14.2s
tttg: c176/289 lr:0.000334 t:14.2s
tttg: c177/289 lr:0.000329 t:14.3s
tttg: c178/289 lr:0.000324 t:14.4s
tttg: c179/289 lr:0.000319 t:14.5s
tttg: c180/289 lr:0.000314 t:14.6s
tttg: c181/289 lr:0.000309 t:14.6s
tttg: c182/289 lr:0.000304 t:14.7s
tttg: c183/289 lr:0.000299 t:14.8s
tttg: c184/289 lr:0.000294 t:14.9s
tttg: c185/289 lr:0.000289 t:15.0s
tttg: c186/289 lr:0.000284 t:15.0s
tttg: c187/289 lr:0.000279 t:15.1s
tttg: c188/289 lr:0.000274 t:15.2s
tttg: c189/289 lr:0.000269 t:15.3s
tttg: c190/289 lr:0.000264 t:15.4s
tttg: c191/289 lr:0.000260 t:15.4s
tttg: c192/289 lr:0.000255 t:15.5s
tttg: c193/289 lr:0.000250 t:15.6s
tttg: c194/289 lr:0.000245 t:15.7s
tttg: c195/289 lr:0.000241 t:15.8s
tttg: c196/289 lr:0.000236 t:15.8s
tttg: c197/289 lr:0.000231 t:15.9s
tttg: c198/289 lr:0.000227 t:16.0s
tttg: c199/289 lr:0.000222 t:16.1s
tttg: c200/289 lr:0.000218 t:16.2s
tttg: c201/289 lr:0.000213 t:16.3s
tttg: c202/289 lr:0.000209 t:16.3s
tttg: c203/289 lr:0.000204 t:16.4s
tttg: c204/289 lr:0.000200 t:16.5s
tttg: c205/289 lr:0.000196 t:16.6s
tttg: c206/289 lr:0.000191 t:16.7s
tttg: c207/289 lr:0.000187 t:16.8s
tttg: c208/289 lr:0.000183 t:16.8s
tttg: c209/289 lr:0.000179 t:16.9s
tttg: c210/289 lr:0.000174 t:17.0s
tttg: c211/289 lr:0.000170 t:17.1s
tttg: c212/289 lr:0.000166 t:17.2s
tttg: c213/289 lr:0.000162 t:17.2s
tttg: c214/289 lr:0.000158 t:17.3s
tttg: c215/289 lr:0.000154 t:17.4s
tttg: c216/289 lr:0.000150 t:17.5s
tttg: c217/289 lr:0.000146 t:17.6s
tttg: c218/289 lr:0.000143 t:17.6s
tttg: c219/289 lr:0.000139 t:17.7s
tttg: c220/289 lr:0.000135 t:17.8s
tttg: c221/289 lr:0.000131 t:17.9s
tttg: c222/289 lr:0.000128 t:18.0s
tttg: c223/289 lr:0.000124 t:18.0s
tttg: c224/289 lr:0.000121 t:18.1s
tttg: c225/289 lr:0.000117 t:18.2s
tttg: c226/289 lr:0.000113 t:18.3s
tttg: c227/289 lr:0.000110 t:18.4s
tttg: c228/289 lr:0.000107 t:18.5s
tttg: c229/289 lr:0.000103 t:18.5s
tttg: c230/289 lr:0.000100 t:18.6s
tttg: c231/289 lr:0.000097 t:18.7s
tttg: c232/289 lr:0.000094 t:18.8s
tttg: c233/289 lr:0.000090 t:18.8s
tttg: c234/289 lr:0.000087 t:18.9s
tttg: c235/289 lr:0.000084 t:19.0s
tttg: c236/289 lr:0.000081 t:19.1s
tttg: c237/289 lr:0.000078 t:19.2s
tttg: c238/289 lr:0.000075 t:19.2s
tttg: c239/289 lr:0.000073 t:19.3s
tttg: c240/289 lr:0.000070 t:19.4s
tttg: c241/289 lr:0.000067 t:19.5s
tttg: c242/289 lr:0.000064 t:19.6s
tttg: c243/289 lr:0.000062 t:19.6s
tttg: c244/289 lr:0.000059 t:19.7s
tttg: c245/289 lr:0.000056 t:19.8s
tttg: c246/289 lr:0.000054 t:19.9s
tttg: c247/289 lr:0.000052 t:20.0s
tttg: c248/289 lr:0.000049 t:20.1s
tttg: c249/289 lr:0.000047 t:20.2s
tttg: c250/289 lr:0.000045 t:20.2s
tttg: c251/289 lr:0.000042 t:20.3s
tttg: c252/289 lr:0.000040 t:20.4s
tttg: c253/289 lr:0.000038 t:20.5s
tttg: c254/289 lr:0.000036 t:20.6s
tttg: c255/289 lr:0.000034 t:20.6s
tttg: c256/289 lr:0.000032 t:20.7s
tttg: c257/289 lr:0.000030 t:20.8s
tttg: c258/289 lr:0.000028 t:20.9s
tttg: c259/289 lr:0.000027 t:21.0s
tttg: c260/289 lr:0.000025 t:21.0s
tttg: c261/289 lr:0.000023 t:21.1s
tttg: c262/289 lr:0.000022 t:21.2s
tttg: c263/289 lr:0.000020 t:21.3s
tttg: c264/289 lr:0.000018 t:21.4s
tttg: c265/289 lr:0.000017 t:21.4s
tttg: c266/289 lr:0.000016 t:21.5s
tttg: c267/289 lr:0.000014 t:21.6s
tttg: c268/289 lr:0.000013 t:21.7s
tttg: c269/289 lr:0.000012 t:21.8s
tttg: c270/289 lr:0.000011 t:21.9s
tttg: c271/289 lr:0.000010 t:21.9s
tttg: c272/289 lr:0.000009 t:22.0s
tttg: c273/289 lr:0.000008 t:22.1s
tttg: c274/289 lr:0.000007 t:22.2s
tttg: c275/289 lr:0.000006 t:22.3s
tttg: c276/289 lr:0.000005 t:22.3s
tttg: c277/289 lr:0.000004 t:22.4s
tttg: c278/289 lr:0.000004 t:22.5s
tttg: c279/289 lr:0.000003 t:22.6s
tttg: c280/289 lr:0.000002 t:22.7s
tttg: c281/289 lr:0.000002 t:22.7s
tttg: c282/289 lr:0.000001 t:22.8s
tttg: c283/289 lr:0.000001 t:22.9s
tttg: c284/289 lr:0.000001 t:23.0s
tttg: c285/289 lr:0.000000 t:23.1s
tttg: c286/289 lr:0.000000 t:23.1s
tttg: c287/289 lr:0.000000 t:23.2s
tttg: c288/289 lr:0.000000 t:23.3s
ttpr: phase:2/2 t:377.8s
ttp: b733/782 bl:2.3724 bb:1.0622 rl:2.2781 rb:1.0554 dl:2441-2468 gd:1
ttp: b721/782 bl:2.3061 bb:1.0241 rl:2.2796 rb:1.0537 dl:2144-2163 gd:1
ttp: b712/782 bl:2.3303 bb:1.0569 rl:2.2819 rb:1.0539 dl:1984-2002 gd:1
ttp: b710/782 bl:2.2248 bb:1.0416 rl:2.2794 rb:1.0534 dl:1952-1966 gd:1
ttp: b701/782 bl:2.3042 bb:1.0332 rl:2.2804 rb:1.0526 dl:1835-1847 gd:1
ttp: b688/782 bl:2.3962 bb:1.0727 rl:2.2844 rb:1.0533 dl:1696-1706 gd:1
ttp: b686/782 bl:2.4390 bb:1.0737 rl:2.2895 rb:1.0540 dl:1675-1685 gd:1
ttp: b674/782 bl:2.4013 bb:1.0875 rl:2.2928 rb:1.0550 dl:1571-1578 gd:1
ttp: b671/782 bl:2.3040 bb:1.0451 rl:2.2931 rb:1.0547 dl:1544-1552 gd:1
ttp: b658/782 bl:2.2519 bb:1.0194 rl:2.2921 rb:1.0538 dl:1452-1459 gd:1
ttp: b651/782 bl:2.3893 bb:1.0441 rl:2.2945 rb:1.0535 dl:1406-1411 gd:1
ttp: b643/782 bl:2.3545 bb:1.0253 rl:2.2959 rb:1.0528 dl:1356-1362 gd:1
ttp: b634/782 bl:2.3764 bb:1.0462 rl:2.2976 rb:1.0527 dl:1302-1308 gd:1
ttp: b626/782 bl:2.3106 bb:1.0267 rl:2.2979 rb:1.0521 dl:1260-1265 gd:1
ttp: b618/782 bl:2.4051 bb:1.0705 rl:2.3000 rb:1.0525 dl:1216-1221 gd:1
ttp: b610/782 bl:2.2528 bb:1.0074 rl:2.2991 rb:1.0516 dl:1177-1182 gd:1
ttp: b602/782 bl:2.3758 bb:1.0479 rl:2.3005 rb:1.0516 dl:1141-1146 gd:1
ttp: b597/782 bl:2.3623 bb:1.0505 rl:2.3015 rb:1.0515 dl:1119-1124 gd:1
ttp: b589/782 bl:2.2740 bb:1.0099 rl:2.3011 rb:1.0508 dl:1086-1089 gd:1
ttp: b581/782 bl:2.3179 bb:1.0343 rl:2.3013 rb:1.0506 dl:1052-1056 gd:1
ttp: b575/782 bl:2.2879 bb:1.0412 rl:2.3011 rb:1.0504 dl:1029-1033 gd:1
ttp: b565/782 bl:2.3831 bb:1.0324 rl:2.3023 rb:1.0502 dl:993-997 gd:1
ttp: b557/782 bl:2.3362 bb:1.0494 rl:2.3028 rb:1.0502 dl:965-968 gd:1
ttp: b546/782 bl:2.3232 bb:1.0329 rl:2.3030 rb:1.0499 dl:930-934 gd:1
ttp: b538/782 bl:2.3348 bb:1.0453 rl:2.3034 rb:1.0499 dl:905-909 gd:1
ttp: b533/782 bl:2.3686 bb:1.0655 rl:2.3042 rb:1.0501 dl:890-892 gd:1
ttp: b525/782 bl:2.3458 bb:1.0167 rl:2.3047 rb:1.0497 dl:866-869 gd:1
ttp: b513/782 bl:2.3599 bb:1.0360 rl:2.3053 rb:1.0495 dl:832-835 gd:1
ttp: b505/782 bl:2.3255 bb:1.0635 rl:2.3055 rb:1.0496 dl:809-812 gd:1
ttp: b501/782 bl:2.3798 bb:1.0514 rl:2.3063 rb:1.0497 dl:799-802 gd:1
ttp: b493/782 bl:2.3639 bb:1.0435 rl:2.3069 rb:1.0496 dl:778-780 gd:1
ttp: b484/782 bl:2.3650 bb:1.0479 rl:2.3074 rb:1.0496 dl:756-759 gd:1
ttp: b476/782 bl:2.2730 bb:1.0301 rl:2.3071 rb:1.0494 dl:738-740 gd:1
ttp: b467/782 bl:2.3496 bb:1.0531 rl:2.3075 rb:1.0494 dl:717-719 gd:1
ttp: b462/782 bl:2.3267 bb:1.0327 rl:2.3077 rb:1.0493 dl:706-708 gd:1
ttp: b454/782 bl:2.3825 bb:1.0821 rl:2.3083 rb:1.0496 dl:689-691 gd:1
ttp: b447/782 bl:2.3225 bb:1.0669 rl:2.3084 rb:1.0497 dl:674-676 gd:1
ttp: b434/782 bl:2.3635 bb:1.0493 rl:2.3089 rb:1.0497 dl:647-648 gd:1
ttp: b425/782 bl:2.3686 bb:1.0594 rl:2.3093 rb:1.0498 dl:630-632 gd:1
ttp: b417/782 bl:2.2545 bb:1.0415 rl:2.3089 rb:1.0497 dl:615-617 gd:1
ttp: b409/782 bl:2.3234 bb:1.0663 rl:2.3090 rb:1.0498 dl:598-601 gd:1
ttp: b401/782 bl:2.2466 bb:1.0322 rl:2.3086 rb:1.0497 dl:584-586 gd:1
ttp: b393/782 bl:2.2984 bb:1.0556 rl:2.3085 rb:1.0498 dl:570-571 gd:1
ttp: b387/782 bl:2.3590 bb:1.0820 rl:2.3088 rb:1.0500 dl:559-561 gd:1
ttp: b381/782 bl:2.4191 bb:1.0997 rl:2.3095 rb:1.0503 dl:549-550 gd:1
ttp: b373/782 bl:2.4110 bb:1.1002 rl:2.3102 rb:1.0506 dl:535-537 gd:1
ttp: b364/782 bl:2.3462 bb:1.0609 rl:2.3104 rb:1.0506 dl:521-522 gd:1
ttp: b353/782 bl:2.1943 bb:1.0034 rl:2.3097 rb:1.0504 dl:501-503 gd:1
ttp: b346/782 bl:2.3734 bb:1.0715 rl:2.3101 rb:1.0505 dl:491-492 gd:1
ttp: b338/782 bl:2.3569 bb:1.0978 rl:2.3103 rb:1.0507 dl:478-480 gd:1
ttp: b334/782 bl:2.3782 bb:1.0690 rl:2.3107 rb:1.0508 dl:472-474 gd:1
ttp: b324/782 bl:2.3183 bb:1.0839 rl:2.3107 rb:1.0510 dl:458-459 gd:1
ttp: b316/782 bl:2.3712 bb:1.0817 rl:2.3110 rb:1.0512 dl:445-446 gd:1
ttp: b308/782 bl:2.4088 bb:1.0925 rl:2.3115 rb:1.0514 dl:433-435 gd:1
ttp: b296/782 bl:2.3865 bb:1.0988 rl:2.3118 rb:1.0516 dl:415-417 gd:1
ttp: b288/782 bl:2.2373 bb:1.0183 rl:2.3115 rb:1.0514 dl:403-405 gd:1
ttp: b281/782 bl:2.2877 bb:1.0845 rl:2.3114 rb:1.0516 dl:394-395 gd:1
ttp: b273/782 bl:2.3310 bb:1.0745 rl:2.3115 rb:1.0516 dl:383-384 gd:1
ttp: b268/782 bl:2.3596 bb:1.0780 rl:2.3117 rb:1.0518 dl:376-378 gd:1
ttp: b260/782 bl:2.3712 bb:1.0803 rl:2.3119 rb:1.0519 dl:366-367 gd:1
ttp: b251/782 bl:2.3631 bb:1.0925 rl:2.3121 rb:1.0520 dl:355-356 gd:1
ttp: b244/782 bl:2.3363 bb:1.1117 rl:2.3122 rb:1.0522 dl:346-347 gd:1
ttp: b237/782 bl:2.3305 bb:1.0947 rl:2.3122 rb:1.0524 dl:337-338 gd:1
ttp: b229/782 bl:2.3640 bb:1.0655 rl:2.3124 rb:1.0524 dl:328-329 gd:1
ttp: b223/782 bl:2.3220 bb:1.1210 rl:2.3125 rb:1.0526 dl:321-322 gd:1
ttp: b216/782 bl:2.4753 bb:1.1479 rl:2.3130 rb:1.0529 dl:313-314 gd:1
ttp: b208/782 bl:2.3883 bb:1.1305 rl:2.3132 rb:1.0532 dl:304-305 gd:1
ttp: b200/782 bl:2.3594 bb:1.0909 rl:2.3134 rb:1.0533 dl:296-297 gd:1
ttp: b192/782 bl:2.3724 bb:1.1522 rl:2.3135 rb:1.0536 dl:286-288 gd:1
ttp: b183/782 bl:2.3186 bb:1.0678 rl:2.3136 rb:1.0536 dl:277-278 gd:1
ttp: b175/782 bl:2.3913 bb:1.1555 rl:2.3138 rb:1.0539 dl:269-270 gd:1
ttp: b168/782 bl:2.4536 bb:1.1871 rl:2.3142 rb:1.0542 dl:263-263 gd:1
ttp: b160/782 bl:2.3844 bb:1.1135 rl:2.3143 rb:1.0544 dl:255-255 gd:1
ttp: b151/782 bl:2.4715 bb:1.1425 rl:2.3147 rb:1.0546 dl:246-247 gd:1
ttp: b143/782 bl:2.4102 bb:1.1680 rl:2.3150 rb:1.0548 dl:238-239 gd:1
ttp: b135/782 bl:2.4244 bb:1.1748 rl:2.3152 rb:1.0551 dl:231-232 gd:1
ttp: b127/782 bl:2.4727 bb:1.1860 rl:2.3156 rb:1.0554 dl:223-224 gd:1
ttp: b119/782 bl:2.3702 bb:1.1540 rl:2.3157 rb:1.0556 dl:216-217 gd:1
ttp: b112/782 bl:2.4737 bb:1.1807 rl:2.3160 rb:1.0559 dl:210-210 gd:1
ttp: b102/782 bl:2.5839 bb:1.1976 rl:2.3166 rb:1.0561 dl:201-202 gd:1
ttp: b95/782 bl:2.3269 bb:1.1376 rl:2.3166 rb:1.0563 dl:194-195 gd:1
ttp: b88/782 bl:2.4814 bb:1.1841 rl:2.3169 rb:1.0565 dl:188-189 gd:1
ttp: b80/782 bl:2.4533 bb:1.1434 rl:2.3172 rb:1.0567 dl:181-182 gd:1
ttp: b70/782 bl:2.5111 bb:1.2237 rl:2.3175 rb:1.0569 dl:172-173 gd:1
ttp: b62/782 bl:2.4466 bb:1.1788 rl:2.3177 rb:1.0571 dl:165-166 gd:1
ttp: b55/782 bl:2.6176 bb:1.2321 rl:2.3182 rb:1.0574 dl:158-159 gd:1
ttp: b47/782 bl:2.4379 bb:1.1381 rl:2.3184 rb:1.0575 dl:150-151 gd:1
ttp: b39/782 bl:2.4356 bb:1.1790 rl:2.3185 rb:1.0577 dl:142-143 gd:1
ttp: b31/782 bl:2.4385 bb:1.1567 rl:2.3187 rb:1.0578 dl:134-135 gd:1
ttp: b23/782 bl:2.6000 bb:1.2211 rl:2.3190 rb:1.0580 dl:126-127 gd:1
ttp: b15/782 bl:2.6471 bb:1.2293 rl:2.3194 rb:1.0582 dl:115-117 gd:1
ttp: b7/782 bl:2.7576 bb:1.2411 rl:2.3199 rb:1.0584 dl:101-103 gd:1
quantized_ttt_phased val_loss:2.31711224 val_bpb:1.05882987 eval_time:472070ms
total_eval_time:472.1s
