W0430 04:49:13.276000 524400 torch/distributed/run.py:803] 
W0430 04:49:13.276000 524400 torch/distributed/run.py:803] *****************************************
W0430 04:49:13.276000 524400 torch/distributed/run.py:803] Setting OMP_NUM_THREADS environment variable for each process to be 1 in default, to avoid your system being overloaded, please further tune the variable for optimal performance in your application as needed. 
W0430 04:49:13.276000 524400 torch/distributed/run.py:803] *****************************************
Hyperparameters:
  adam_eps: 1e-08
  adam_wd: 0.02
  artifact_dir: 
  attn_clip_sigmas: 13.0
  attn_out_gate_enabled: False
  attn_out_gate_src: proj
  beta1: 0.9
  beta2: 0.99
  caseops_enabled: True
  compressor: brotli
  data_dir: ./data
  datasets_dir: ./data/datasets/fineweb10B_sp8192_caseops/datasets/datasets/fineweb10B_sp8192_lossless_caps_caseops_v1_reserved
  distributed: True
  ema_decay: 0.9965
  embed_bits: 7
  embed_clip_sigmas: 14.0
  embed_lr: 0.6
  embed_wd: 0.085
  enable_looping_at: 0.35
  eval_seq_len: 2048
  eval_stride: 64
  fused_ce_enabled: True
  gate_window: 12
  gated_attn_enabled: False
  gated_attn_init_std: 0.01
  gated_attn_quant_gate: False
  global_ttt_batch_seqs: 32
  global_ttt_chunk_tokens: 32768
  global_ttt_epochs: 1
  global_ttt_grad_clip: 1.0
  global_ttt_lr: 0.001
  global_ttt_momentum: 0.9
  global_ttt_muon_nesterov: True
  global_ttt_muon_ns_steps: 5
  global_ttt_optimizer: sgd
  global_ttt_respect_doc_boundaries: True
  global_ttt_warmup_chunks: 0
  global_ttt_warmup_start_lr: 0.0
  gptq_calibration_batches: 16
  gptq_reserve_seconds: 0.5
  grad_accum_steps: 1
  grad_clip_norm: 0.3
  is_main_process: True
  iterations: 20000
  ln_scale: True
  local_rank: 0
  logfile: logs/952f80e1-a78c-4ba1-b3c2-1f4738bd8061.txt
  logit_softcap: 30.0
  loop_end: 5
  loop_start: 3
  lqer_asym_enabled: True
  lqer_asym_group: 64
  lqer_enabled: True
  lqer_factor_bits: 4
  lqer_rank: 4
  lqer_top_k: 3
  matrix_bits: 6
  matrix_clip_sigmas: 12.85
  matrix_lr: 0.026
  max_wallclock_seconds: 600.0
  min_lr: 0.1
  mlp_clip_sigmas: 11.5
  mlp_mult: 4.0
  model_dim: 512
  model_path: final_model.pt
  muon_backend_steps: 5
  muon_huber_delta: 0.1
  muon_huber_wd: False
  muon_momentum: 0.97
  muon_momentum_warmup_start: 0.92
  muon_momentum_warmup_steps: 1500
  muon_row_normalize: True
  muon_wd: 0.095
  num_heads: 8
  num_kv_heads: 4
  num_layers: 11
  num_loops: 2
  optrot_enabled: False
  parallel_final_lane: mean
  parallel_start_layer: 8
  phased_ttt_num_phases: 3
  phased_ttt_prefix_docs: 2500
  qk_gain_init: 5.0
  qk_gain_schedule: []
  quantized_model_path: final_model.int6.ptz
  rank: 0
  rope_base: 10000.0
  rope_dims: 16
  rope_train_seq_len: 2048
  rope_yarn: False
  run_id: 952f80e1-a78c-4ba1-b3c2-1f4738bd8061
  scalar_lr: 0.02
  seed: 314
  skip_gates_enabled: True
  smear_gate_enabled: True
  sparse_attn_gate_enabled: True
  sparse_attn_gate_init_std: 0.0
  sparse_attn_gate_scale: 0.5
  tie_embeddings: True
  tied_embed_init_std: 0.005
  tied_embed_lr: 0.03
  tokenizer_path: ./data/datasets/fineweb10B_sp8192_caseops/datasets/tokenizers/fineweb_8192_bpe_lossless_caps_caseops_v1_reserved.model
  train_batch_tokens: 786432
  train_files: ./data/datasets/fineweb10B_sp8192_caseops/datasets/datasets/fineweb10B_sp8192_lossless_caps_caseops_v1_reserved/fineweb_train_*.bin
  train_log_every: 500
  train_seq_len: 2048
  ttt_batch_size: 64
  ttt_beta1: 0.0
  ttt_beta2: 0.99
  ttt_chunk_size: 48
  ttt_enabled: True
  ttt_eval_batches: 
  ttt_eval_seq_len: 2048
  ttt_grad_steps: 1
  ttt_k_lora: False
  ttt_lora_lr: 0.0001
  ttt_lora_rank: 80
  ttt_mlp_lora: True
  ttt_o_lora: True
  ttt_optimizer: adam
  ttt_weight_decay: 0.5
  val_batch_tokens: 524288
  val_bytes_files: ./data/datasets/fineweb10B_sp8192_caseops/datasets/datasets/fineweb10B_sp8192_lossless_caps_caseops_v1_reserved/fineweb_val_bytes_*.bin
  val_doc_fraction: 1.0
  val_files: ./data/datasets/fineweb10B_sp8192_caseops/datasets/datasets/fineweb10B_sp8192_lossless_caps_caseops_v1_reserved/fineweb_val_*.bin
  val_loss_every: 4000
  vocab_size: 8192
  warmdown_frac: 0.85
  warmup_steps: 20
  world_size: 8
  xsa_last_n: 11
train_shards: 1499
val_tokens: 47851520
model_params:35945671
gptq:reserving 0s, effective=599500ms
warmup_cu_buckets:64,128,192,256 iters_each:3
warmup_step: 1/20
warmup_step: 2/20
warmup_step: 3/20
warmup_step: 4/20
warmup_step: 5/20
warmup_step: 6/20
warmup_step: 10/20
warmup_step: 20/20
loop_warmup:enabled encoder:[0, 1, 2, 3, 4, 5, 3, 4] decoder:[5, 3, 4, 5, 6, 7, 8, 9, 10]
loop_warmup_step: 1/20
loop_warmup_step: 2/20
loop_warmup_step: 3/20
loop_warmup_step: 4/20
loop_warmup_step: 5/20
loop_warmup_step: 6/20
loop_warmup_step: 10/20
loop_warmup_step: 20/20
0/20000 val_loss: 8.9980 val_bpb: 4.1115
1/20000 train_loss: 8.9988 train_time: 0.0m tok/s: 12437947
2/20000 train_loss: 12.8548 train_time: 0.0m tok/s: 11650688
3/20000 train_loss: 10.2260 train_time: 0.0m tok/s: 10194386
4/20000 train_loss: 8.6688 train_time: 0.0m tok/s: 9758332
5/20000 train_loss: 7.9003 train_time: 0.0m tok/s: 9473716
500/20000 train_loss: 2.7329 train_time: 0.8m tok/s: 8425220
1000/20000 train_loss: 2.7819 train_time: 1.6m tok/s: 8401365
1500/20000 train_loss: 2.7176 train_time: 2.3m tok/s: 8394780
2000/20000 train_loss: 2.4939 train_time: 3.1m tok/s: 8394886
layer_loop:enabled step:2240 frac:0.350 encoder:[0, 1, 2, 3, 4, 5, 3, 4] decoder:[5, 3, 4, 5, 6, 7, 8, 9, 10]
2500/20000 train_loss: 2.6730 train_time: 4.1m tok/s: 7996203
3000/20000 train_loss: 2.4862 train_time: 5.3m tok/s: 7460333
3500/20000 train_loss: 2.3634 train_time: 6.5m tok/s: 7096780
4000/20000 train_loss: 2.5106 train_time: 7.6m tok/s: 6867545
4000/20000 val_loss: 2.4286 val_bpb: 1.1097
4500/20000 train_loss: 2.3904 train_time: 8.8m tok/s: 6711841
5000/20000 train_loss: 2.2737 train_time: 9.9m tok/s: 6592738
5023/20000 val_loss: 2.3527 val_bpb: 1.0750
stopping_early: wallclock_cap train_time: 599653ms step: 5023/20000
peak memory allocated: 41709 MiB reserved: 47026 MiB
ema:applying EMA weights
diagnostic pre-quantization post-ema val_loss:2.32706936 val_bpb:1.06331084 eval_time:7372ms
Serialized model: 135417533 bytes
Code size (uncompressed): 167610 bytes
Code size (compressed): 33230 bytes
GPTQ:collecting Hessians from calibration data...
GPTQ:collected 67 Hessians in 3.5s
Quantized weights:
  gptq (int6): blocks.attn.c_k.weight, blocks.attn.c_q.weight, blocks.attn.c_v.weight, blocks.attn.proj.weight, blocks.mlp.fc.weight, blocks.mlp.proj.weight
  gptq (int6)+lqer_asym: blocks.mlp.fc.weight
  gptq (int7)+lqer_asym: tok_emb.weight
  passthrough (float16): blocks.attn.attn_gate_w, blocks.attn.q_gain, blocks.attn_scale, blocks.mlp_scale, blocks.resid_mix, parallel_post_lambdas, parallel_resid_lambdas, skip_gates, skip_weights, smear_gate.weight, smear_lambda
Serialized model quantized+brotli: 16108875 bytes
Total submission size quantized+brotli: 16142105 bytes
diagnostic quantized val_loss:2.34600994 val_bpb:1.07196538 eval_time:11303ms
ttt_lora:warming up compile (random tokens, no val data)
ttt_lora:compile warmup done (96.5s)

beginning TTT eval timer
ttt_phased: total_docs:50000 prefix_docs:2500 suffix_docs:47500 num_phases:3 boundaries:[833, 1666, 2500]
ttp: b776/782 bl:2.2539 bb:1.0686 rl:2.2539 rb:1.0686 dl:7534-8350 gd:0
ttp: b773/782 bl:2.1930 bb:1.0328 rl:2.2270 rb:1.0527 dl:6104-6447 gd:0
ttp: b768/782 bl:2.2377 bb:1.0421 rl:2.2298 rb:1.0499 dl:4859-5083 gd:0
ttp: b762/782 bl:2.3487 bb:1.0876 rl:2.2506 rb:1.0566 dl:4032-4142 gd:0
ttpp: phase:1/3 pd:1296 gd:833 t:204.1s
tttg: c1/131 lr:0.001000 t:0.3s
tttg: c2/131 lr:0.001000 t:0.4s
tttg: c3/131 lr:0.000999 t:0.5s
tttg: c4/131 lr:0.000999 t:0.5s
tttg: c5/131 lr:0.000998 t:0.6s
tttg: c6/131 lr:0.000996 t:0.7s
tttg: c7/131 lr:0.000995 t:0.8s
tttg: c8/131 lr:0.000993 t:0.8s
tttg: c9/131 lr:0.000991 t:0.9s
tttg: c10/131 lr:0.000988 t:1.0s
tttg: c11/131 lr:0.000985 t:1.1s
tttg: c12/131 lr:0.000982 t:1.2s
tttg: c13/131 lr:0.000979 t:1.2s
tttg: c14/131 lr:0.000976 t:1.3s
tttg: c15/131 lr:0.000972 t:1.4s
tttg: c16/131 lr:0.000968 t:1.5s
tttg: c17/131 lr:0.000963 t:1.6s
tttg: c18/131 lr:0.000958 t:1.6s
tttg: c19/131 lr:0.000953 t:1.7s
tttg: c20/131 lr:0.000948 t:1.8s
tttg: c21/131 lr:0.000943 t:1.9s
tttg: c22/131 lr:0.000937 t:1.9s
tttg: c23/131 lr:0.000931 t:2.0s
tttg: c24/131 lr:0.000925 t:2.1s
tttg: c25/131 lr:0.000918 t:2.2s
tttg: c26/131 lr:0.000911 t:2.3s
tttg: c27/131 lr:0.000905 t:2.3s
tttg: c28/131 lr:0.000897 t:2.4s
tttg: c29/131 lr:0.000890 t:2.5s
tttg: c30/131 lr:0.000882 t:2.6s
tttg: c31/131 lr:0.000874 t:2.7s
tttg: c32/131 lr:0.000866 t:2.7s
tttg: c33/131 lr:0.000858 t:2.8s
tttg: c34/131 lr:0.000849 t:2.9s
tttg: c35/131 lr:0.000841 t:3.0s
tttg: c36/131 lr:0.000832 t:3.0s
tttg: c37/131 lr:0.000822 t:3.1s
tttg: c38/131 lr:0.000813 t:3.2s
tttg: c39/131 lr:0.000804 t:3.3s
tttg: c40/131 lr:0.000794 t:3.4s
tttg: c41/131 lr:0.000784 t:3.4s
tttg: c42/131 lr:0.000774 t:3.5s
tttg: c43/131 lr:0.000764 t:3.6s
tttg: c44/131 lr:0.000753 t:3.7s
tttg: c45/131 lr:0.000743 t:3.7s
tttg: c46/131 lr:0.000732 t:3.8s
tttg: c47/131 lr:0.000722 t:3.9s
tttg: c48/131 lr:0.000711 t:4.0s
tttg: c49/131 lr:0.000700 t:4.1s
tttg: c50/131 lr:0.000689 t:4.1s
tttg: c51/131 lr:0.000677 t:4.2s
tttg: c52/131 lr:0.000666 t:4.3s
tttg: c53/131 lr:0.000655 t:4.4s
tttg: c54/131 lr:0.000643 t:4.5s
tttg: c55/131 lr:0.000631 t:4.5s
tttg: c56/131 lr:0.000620 t:4.6s
tttg: c57/131 lr:0.000608 t:4.7s
tttg: c58/131 lr:0.000596 t:4.8s
tttg: c59/131 lr:0.000584 t:4.8s
tttg: c60/131 lr:0.000572 t:4.9s
tttg: c61/131 lr:0.000560 t:5.0s
tttg: c62/131 lr:0.000548 t:5.1s
tttg: c63/131 lr:0.000536 t:5.2s
tttg: c64/131 lr:0.000524 t:5.2s
tttg: c65/131 lr:0.000512 t:5.3s
tttg: c66/131 lr:0.000500 t:5.4s
tttg: c67/131 lr:0.000488 t:5.5s
tttg: c68/131 lr:0.000476 t:5.6s
tttg: c69/131 lr:0.000464 t:5.6s
tttg: c70/131 lr:0.000452 t:5.7s
tttg: c71/131 lr:0.000440 t:5.8s
tttg: c72/131 lr:0.000428 t:5.9s
tttg: c73/131 lr:0.000416 t:5.9s
tttg: c74/131 lr:0.000404 t:6.0s
tttg: c75/131 lr:0.000392 t:6.1s
tttg: c76/131 lr:0.000380 t:6.2s
tttg: c77/131 lr:0.000369 t:6.3s
tttg: c78/131 lr:0.000357 t:6.3s
tttg: c79/131 lr:0.000345 t:6.4s
tttg: c80/131 lr:0.000334 t:6.5s
tttg: c81/131 lr:0.000323 t:6.6s
tttg: c82/131 lr:0.000311 t:6.7s
tttg: c83/131 lr:0.000300 t:6.7s
tttg: c84/131 lr:0.000289 t:6.8s
tttg: c85/131 lr:0.000278 t:6.9s
tttg: c86/131 lr:0.000268 t:7.0s
tttg: c87/131 lr:0.000257 t:7.0s
tttg: c88/131 lr:0.000247 t:7.1s
tttg: c89/131 lr:0.000236 t:7.2s
tttg: c90/131 lr:0.000226 t:7.3s
tttg: c91/131 lr:0.000216 t:7.4s
tttg: c92/131 lr:0.000206 t:7.4s
tttg: c93/131 lr:0.000196 t:7.5s
tttg: c94/131 lr:0.000187 t:7.6s
tttg: c95/131 lr:0.000178 t:7.7s
tttg: c96/131 lr:0.000168 t:7.8s
tttg: c97/131 lr:0.000159 t:7.8s
tttg: c98/131 lr:0.000151 t:7.9s
tttg: c99/131 lr:0.000142 t:8.0s
tttg: c100/131 lr:0.000134 t:8.1s
tttg: c101/131 lr:0.000126 t:8.1s
tttg: c102/131 lr:0.000118 t:8.2s
tttg: c103/131 lr:0.000110 t:8.3s
tttg: c104/131 lr:0.000103 t:8.4s
tttg: c105/131 lr:0.000095 t:8.5s
tttg: c106/131 lr:0.000089 t:8.5s
tttg: c107/131 lr:0.000082 t:8.6s
tttg: c108/131 lr:0.000075 t:8.7s
tttg: c109/131 lr:0.000069 t:8.8s
tttg: c110/131 lr:0.000063 t:8.9s
tttg: c111/131 lr:0.000057 t:8.9s
tttg: c112/131 lr:0.000052 t:9.0s
tttg: c113/131 lr:0.000047 t:9.1s
tttg: c114/131 lr:0.000042 t:9.2s
tttg: c115/131 lr:0.000037 t:9.2s
tttg: c116/131 lr:0.000032 t:9.3s
tttg: c117/131 lr:0.000028 t:9.4s
tttg: c118/131 lr:0.000024 t:9.5s
tttg: c119/131 lr:0.000021 t:9.6s
tttg: c120/131 lr:0.000018 t:9.6s
tttg: c121/131 lr:0.000015 t:9.7s
tttg: c122/131 lr:0.000012 t:9.8s
tttg: c123/131 lr:0.000009 t:9.9s
tttg: c124/131 lr:0.000007 t:10.0s
tttg: c125/131 lr:0.000005 t:10.0s
tttg: c126/131 lr:0.000004 t:10.1s
tttg: c127/131 lr:0.000002 t:10.2s
tttg: c128/131 lr:0.000001 t:10.3s
tttg: c129/131 lr:0.000001 t:10.4s
tttg: c130/131 lr:0.000000 t:10.4s
ttpr: phase:1/3 t:216.0s
ttp: b760/782 bl:2.3509 bb:1.0410 rl:2.2649 rb:1.0543 dl:3817-3916 gd:0
ttpp: phase:2/3 pd:2128 gd:1666 t:284.6s
tttg: c1/219 lr:0.001000 t:0.1s
tttg: c2/219 lr:0.001000 t:0.2s
tttg: c3/219 lr:0.001000 t:0.2s
tttg: c4/219 lr:0.001000 t:0.3s
tttg: c5/219 lr:0.000999 t:0.4s
tttg: c6/219 lr:0.000999 t:0.5s
tttg: c7/219 lr:0.000998 t:0.5s
tttg: c8/219 lr:0.000997 t:0.6s
tttg: c9/219 lr:0.000997 t:0.7s
tttg: c10/219 lr:0.000996 t:0.8s
tttg: c11/219 lr:0.000995 t:0.8s
tttg: c12/219 lr:0.000994 t:0.9s
tttg: c13/219 lr:0.000993 t:1.0s
tttg: c14/219 lr:0.000991 t:1.1s
tttg: c15/219 lr:0.000990 t:1.1s
tttg: c16/219 lr:0.000988 t:1.2s
tttg: c17/219 lr:0.000987 t:1.3s
tttg: c18/219 lr:0.000985 t:1.4s
tttg: c19/219 lr:0.000983 t:1.5s
tttg: c20/219 lr:0.000981 t:1.5s
tttg: c21/219 lr:0.000979 t:1.6s
tttg: c22/219 lr:0.000977 t:1.7s
tttg: c23/219 lr:0.000975 t:1.8s
tttg: c24/219 lr:0.000973 t:1.8s
tttg: c25/219 lr:0.000970 t:1.9s
tttg: c26/219 lr:0.000968 t:2.0s
tttg: c27/219 lr:0.000965 t:3.8s
tttg: c28/219 lr:0.000963 t:3.9s
tttg: c29/219 lr:0.000960 t:4.0s
tttg: c30/219 lr:0.000957 t:4.1s
tttg: c31/219 lr:0.000954 t:4.2s
tttg: c32/219 lr:0.000951 t:4.2s
tttg: c33/219 lr:0.000948 t:4.3s
tttg: c34/219 lr:0.000945 t:4.4s
tttg: c35/219 lr:0.000941 t:4.5s
tttg: c36/219 lr:0.000938 t:4.5s
tttg: c37/219 lr:0.000934 t:4.6s
tttg: c38/219 lr:0.000931 t:4.7s
tttg: c39/219 lr:0.000927 t:4.8s
tttg: c40/219 lr:0.000923 t:4.9s
tttg: c41/219 lr:0.000919 t:4.9s
tttg: c42/219 lr:0.000915 t:5.0s
tttg: c43/219 lr:0.000911 t:5.1s
tttg: c44/219 lr:0.000907 t:5.2s
tttg: c45/219 lr:0.000903 t:5.3s
tttg: c46/219 lr:0.000898 t:5.3s
tttg: c47/219 lr:0.000894 t:5.4s
tttg: c48/219 lr:0.000890 t:5.5s
tttg: c49/219 lr:0.000885 t:5.6s
tttg: c50/219 lr:0.000880 t:5.6s
tttg: c51/219 lr:0.000876 t:5.7s
tttg: c52/219 lr:0.000871 t:5.8s
tttg: c53/219 lr:0.000866 t:5.9s
tttg: c54/219 lr:0.000861 t:6.0s
tttg: c55/219 lr:0.000856 t:6.0s
tttg: c56/219 lr:0.000851 t:6.1s
tttg: c57/219 lr:0.000846 t:6.2s
tttg: c58/219 lr:0.000841 t:6.3s
tttg: c59/219 lr:0.000835 t:6.3s
tttg: c60/219 lr:0.000830 t:6.4s
tttg: c61/219 lr:0.000824 t:6.5s
tttg: c62/219 lr:0.000819 t:6.6s
tttg: c63/219 lr:0.000813 t:6.7s
tttg: c64/219 lr:0.000808 t:6.7s
tttg: c65/219 lr:0.000802 t:6.8s
tttg: c66/219 lr:0.000796 t:6.9s
tttg: c67/219 lr:0.000790 t:7.0s
tttg: c68/219 lr:0.000784 t:7.1s
tttg: c69/219 lr:0.000779 t:7.1s
tttg: c70/219 lr:0.000773 t:7.2s
tttg: c71/219 lr:0.000766 t:7.3s
tttg: c72/219 lr:0.000760 t:7.4s
tttg: c73/219 lr:0.000754 t:7.4s
tttg: c74/219 lr:0.000748 t:7.5s
tttg: c75/219 lr:0.000742 t:7.6s
tttg: c76/219 lr:0.000735 t:7.7s
tttg: c77/219 lr:0.000729 t:7.7s
tttg: c78/219 lr:0.000722 t:7.8s
tttg: c79/219 lr:0.000716 t:7.9s
tttg: c80/219 lr:0.000709 t:8.0s
tttg: c81/219 lr:0.000703 t:8.1s
tttg: c82/219 lr:0.000696 t:8.2s
tttg: c83/219 lr:0.000690 t:8.2s
tttg: c84/219 lr:0.000683 t:8.3s
tttg: c85/219 lr:0.000676 t:8.4s
tttg: c86/219 lr:0.000670 t:8.5s
tttg: c87/219 lr:0.000663 t:8.6s
tttg: c88/219 lr:0.000656 t:8.6s
tttg: c89/219 lr:0.000649 t:8.7s
tttg: c90/219 lr:0.000642 t:8.8s
tttg: c91/219 lr:0.000635 t:8.9s
tttg: c92/219 lr:0.000628 t:8.9s
tttg: c93/219 lr:0.000621 t:9.0s
tttg: c94/219 lr:0.000614 t:9.1s
tttg: c95/219 lr:0.000607 t:9.2s
tttg: c96/219 lr:0.000600 t:9.3s
tttg: c97/219 lr:0.000593 t:9.3s
tttg: c98/219 lr:0.000586 t:9.4s
tttg: c99/219 lr:0.000579 t:9.5s
tttg: c100/219 lr:0.000572 t:9.6s
tttg: c101/219 lr:0.000565 t:9.7s
tttg: c102/219 lr:0.000558 t:9.7s
tttg: c103/219 lr:0.000550 t:9.8s
tttg: c104/219 lr:0.000543 t:9.9s
tttg: c105/219 lr:0.000536 t:10.0s
tttg: c106/219 lr:0.000529 t:10.0s
tttg: c107/219 lr:0.000522 t:10.1s
tttg: c108/219 lr:0.000514 t:10.2s
tttg: c109/219 lr:0.000507 t:10.3s
tttg: c110/219 lr:0.000500 t:10.4s
tttg: c111/219 lr:0.000493 t:10.4s
tttg: c112/219 lr:0.000486 t:10.5s
tttg: c113/219 lr:0.000478 t:10.6s
tttg: c114/219 lr:0.000471 t:10.7s
tttg: c115/219 lr:0.000464 t:10.7s
tttg: c116/219 lr:0.000457 t:10.8s
tttg: c117/219 lr:0.000450 t:10.9s
tttg: c118/219 lr:0.000442 t:11.0s
tttg: c119/219 lr:0.000435 t:11.1s
tttg: c120/219 lr:0.000428 t:11.1s
tttg: c121/219 lr:0.000421 t:11.2s
tttg: c122/219 lr:0.000414 t:11.3s
tttg: c123/219 lr:0.000407 t:11.4s
tttg: c124/219 lr:0.000400 t:11.4s
tttg: c125/219 lr:0.000393 t:11.5s
tttg: c126/219 lr:0.000386 t:11.6s
tttg: c127/219 lr:0.000379 t:11.7s
tttg: c128/219 lr:0.000372 t:11.8s
tttg: c129/219 lr:0.000365 t:11.8s
tttg: c130/219 lr:0.000358 t:11.9s
tttg: c131/219 lr:0.000351 t:12.0s
tttg: c132/219 lr:0.000344 t:12.1s
tttg: c133/219 lr:0.000337 t:12.1s
tttg: c134/219 lr:0.000330 t:12.2s
tttg: c135/219 lr:0.000324 t:12.3s
tttg: c136/219 lr:0.000317 t:12.4s
tttg: c137/219 lr:0.000310 t:12.5s
tttg: c138/219 lr:0.000304 t:12.5s
tttg: c139/219 lr:0.000297 t:12.6s
tttg: c140/219 lr:0.000291 t:12.7s
tttg: c141/219 lr:0.000284 t:12.8s
tttg: c142/219 lr:0.000278 t:12.9s
tttg: c143/219 lr:0.000271 t:12.9s
tttg: c144/219 lr:0.000265 t:13.0s
tttg: c145/219 lr:0.000258 t:13.1s
tttg: c146/219 lr:0.000252 t:13.2s
tttg: c147/219 lr:0.000246 t:13.3s
tttg: c148/219 lr:0.000240 t:13.3s
tttg: c149/219 lr:0.000234 t:13.4s
tttg: c150/219 lr:0.000227 t:13.5s
tttg: c151/219 lr:0.000221 t:13.6s
tttg: c152/219 lr:0.000216 t:13.6s
tttg: c153/219 lr:0.000210 t:13.7s
tttg: c154/219 lr:0.000204 t:13.8s
tttg: c155/219 lr:0.000198 t:13.9s
tttg: c156/219 lr:0.000192 t:14.0s
tttg: c157/219 lr:0.000187 t:14.0s
tttg: c158/219 lr:0.000181 t:14.1s
tttg: c159/219 lr:0.000176 t:14.2s
tttg: c160/219 lr:0.000170 t:14.3s
tttg: c161/219 lr:0.000165 t:14.3s
tttg: c162/219 lr:0.000159 t:14.4s
tttg: c163/219 lr:0.000154 t:14.5s
tttg: c164/219 lr:0.000149 t:14.6s
tttg: c165/219 lr:0.000144 t:14.7s
tttg: c166/219 lr:0.000139 t:14.7s
tttg: c167/219 lr:0.000134 t:14.8s
tttg: c168/219 lr:0.000129 t:14.9s
tttg: c169/219 lr:0.000124 t:15.0s
tttg: c170/219 lr:0.000120 t:15.1s
tttg: c171/219 lr:0.000115 t:15.1s
tttg: c172/219 lr:0.000110 t:15.2s
tttg: c173/219 lr:0.000106 t:15.3s
tttg: c174/219 lr:0.000102 t:15.4s
tttg: c175/219 lr:0.000097 t:15.5s
tttg: c176/219 lr:0.000093 t:15.5s
tttg: c177/219 lr:0.000089 t:15.6s
tttg: c178/219 lr:0.000085 t:15.7s
tttg: c179/219 lr:0.000081 t:15.8s
tttg: c180/219 lr:0.000077 t:15.9s
tttg: c181/219 lr:0.000073 t:15.9s
tttg: c182/219 lr:0.000069 t:16.0s
tttg: c183/219 lr:0.000066 t:16.1s
tttg: c184/219 lr:0.000062 t:16.2s
tttg: c185/219 lr:0.000059 t:16.2s
tttg: c186/219 lr:0.000055 t:16.3s
tttg: c187/219 lr:0.000052 t:16.4s
tttg: c188/219 lr:0.000049 t:16.5s
tttg: c189/219 lr:0.000046 t:16.6s
tttg: c190/219 lr:0.000043 t:16.6s
tttg: c191/219 lr:0.000040 t:16.7s
tttg: c192/219 lr:0.000037 t:16.8s
tttg: c193/219 lr:0.000035 t:16.9s
tttg: c194/219 lr:0.000032 t:16.9s
tttg: c195/219 lr:0.000030 t:17.0s
tttg: c196/219 lr:0.000027 t:17.1s
tttg: c197/219 lr:0.000025 t:17.2s
tttg: c198/219 lr:0.000023 t:17.3s
tttg: c199/219 lr:0.000021 t:17.3s
tttg: c200/219 lr:0.000019 t:17.4s
tttg: c201/219 lr:0.000017 t:17.5s
tttg: c202/219 lr:0.000015 t:17.6s
tttg: c203/219 lr:0.000013 t:17.6s
tttg: c204/219 lr:0.000012 t:17.7s
tttg: c205/219 lr:0.000010 t:17.8s
tttg: c206/219 lr:0.000009 t:17.9s
tttg: c207/219 lr:0.000007 t:18.0s
tttg: c208/219 lr:0.000006 t:18.0s
tttg: c209/219 lr:0.000005 t:18.1s
tttg: c210/219 lr:0.000004 t:18.2s
tttg: c211/219 lr:0.000003 t:18.3s
tttg: c212/219 lr:0.000003 t:18.3s
tttg: c213/219 lr:0.000002 t:18.4s
tttg: c214/219 lr:0.000001 t:18.5s
tttg: c215/219 lr:0.000001 t:18.6s
tttg: c216/219 lr:0.000000 t:18.7s
tttg: c217/219 lr:0.000000 t:18.7s
tttg: c218/219 lr:0.000000 t:18.8s
ttpr: phase:2/3 t:304.8s
ttp: b741/782 bl:2.3138 bb:1.0377 rl:2.2694 rb:1.0527 dl:2686-2730 gd:0
ttp: b740/782 bl:2.2555 bb:1.0354 rl:2.2682 rb:1.0513 dl:2653-2686 gd:0
ttpp: phase:3/3 pd:2960 gd:2500 t:319.2s
tttg: c1/289 lr:0.001000 t:0.1s
tttg: c2/289 lr:0.001000 t:0.2s
tttg: c3/289 lr:0.001000 t:0.2s
tttg: c4/289 lr:0.001000 t:0.3s
tttg: c5/289 lr:0.001000 t:0.4s
tttg: c6/289 lr:0.000999 t:0.5s
tttg: c7/289 lr:0.000999 t:0.5s
tttg: c8/289 lr:0.000999 t:0.6s
tttg: c9/289 lr:0.000998 t:0.7s
tttg: c10/289 lr:0.000998 t:0.8s
tttg: c11/289 lr:0.000997 t:0.8s
tttg: c12/289 lr:0.000996 t:0.9s
tttg: c13/289 lr:0.000996 t:1.0s
tttg: c14/289 lr:0.000995 t:1.1s
tttg: c15/289 lr:0.000994 t:1.2s
tttg: c16/289 lr:0.000993 t:1.2s
tttg: c17/289 lr:0.000992 t:1.3s
tttg: c18/289 lr:0.000991 t:1.4s
tttg: c19/289 lr:0.000990 t:1.5s
tttg: c20/289 lr:0.000989 t:1.5s
tttg: c21/289 lr:0.000988 t:1.6s
tttg: c22/289 lr:0.000987 t:1.7s
tttg: c23/289 lr:0.000986 t:1.8s
tttg: c24/289 lr:0.000984 t:1.8s
tttg: c25/289 lr:0.000983 t:1.9s
tttg: c26/289 lr:0.000982 t:2.0s
tttg: c27/289 lr:0.000980 t:2.1s
tttg: c28/289 lr:0.000978 t:2.2s
tttg: c29/289 lr:0.000977 t:2.2s
tttg: c30/289 lr:0.000975 t:2.3s
tttg: c31/289 lr:0.000973 t:2.4s
tttg: c32/289 lr:0.000972 t:2.5s
tttg: c33/289 lr:0.000970 t:2.6s
tttg: c34/289 lr:0.000968 t:2.6s
tttg: c35/289 lr:0.000966 t:2.7s
tttg: c36/289 lr:0.000964 t:2.8s
tttg: c37/289 lr:0.000962 t:2.9s
tttg: c38/289 lr:0.000960 t:2.9s
tttg: c39/289 lr:0.000958 t:3.0s
tttg: c40/289 lr:0.000955 t:3.1s
tttg: c41/289 lr:0.000953 t:3.2s
tttg: c42/289 lr:0.000951 t:3.3s
tttg: c43/289 lr:0.000948 t:3.3s
tttg: c44/289 lr:0.000946 t:3.4s
tttg: c45/289 lr:0.000944 t:3.5s
tttg: c46/289 lr:0.000941 t:3.6s
tttg: c47/289 lr:0.000938 t:3.6s
tttg: c48/289 lr:0.000936 t:3.7s
tttg: c49/289 lr:0.000933 t:3.8s
tttg: c50/289 lr:0.000930 t:3.9s
tttg: c51/289 lr:0.000927 t:4.0s
tttg: c52/289 lr:0.000925 t:4.0s
tttg: c53/289 lr:0.000922 t:4.1s
tttg: c54/289 lr:0.000919 t:4.2s
tttg: c55/289 lr:0.000916 t:4.3s
tttg: c56/289 lr:0.000913 t:4.4s
tttg: c57/289 lr:0.000910 t:4.4s
tttg: c58/289 lr:0.000906 t:4.5s
tttg: c59/289 lr:0.000903 t:4.6s
tttg: c60/289 lr:0.000900 t:4.7s
tttg: c61/289 lr:0.000897 t:4.7s
tttg: c62/289 lr:0.000893 t:4.8s
tttg: c63/289 lr:0.000890 t:4.9s
tttg: c64/289 lr:0.000887 t:5.0s
tttg: c65/289 lr:0.000883 t:5.0s
tttg: c66/289 lr:0.000879 t:5.1s
tttg: c67/289 lr:0.000876 t:5.2s
tttg: c68/289 lr:0.000872 t:5.3s
tttg: c69/289 lr:0.000869 t:5.4s
tttg: c70/289 lr:0.000865 t:5.4s
tttg: c71/289 lr:0.000861 t:5.5s
tttg: c72/289 lr:0.000857 t:5.6s
tttg: c73/289 lr:0.000854 t:5.7s
tttg: c74/289 lr:0.000850 t:5.8s
tttg: c75/289 lr:0.000846 t:5.8s
tttg: c76/289 lr:0.000842 t:5.9s
tttg: c77/289 lr:0.000838 t:6.0s
tttg: c78/289 lr:0.000834 t:6.1s
tttg: c79/289 lr:0.000830 t:6.2s
tttg: c80/289 lr:0.000826 t:6.2s
tttg: c81/289 lr:0.000821 t:6.3s
tttg: c82/289 lr:0.000817 t:6.4s
tttg: c83/289 lr:0.000813 t:6.5s
tttg: c84/289 lr:0.000809 t:6.5s
tttg: c85/289 lr:0.000804 t:6.6s
tttg: c86/289 lr:0.000800 t:6.7s
tttg: c87/289 lr:0.000796 t:6.8s
tttg: c88/289 lr:0.000791 t:6.9s
tttg: c89/289 lr:0.000787 t:6.9s
tttg: c90/289 lr:0.000782 t:7.0s
tttg: c91/289 lr:0.000778 t:7.1s
tttg: c92/289 lr:0.000773 t:7.2s
tttg: c93/289 lr:0.000769 t:7.3s
tttg: c94/289 lr:0.000764 t:7.3s
tttg: c95/289 lr:0.000759 t:7.4s
tttg: c96/289 lr:0.000755 t:7.5s
tttg: c97/289 lr:0.000750 t:7.6s
tttg: c98/289 lr:0.000745 t:7.6s
tttg: c99/289 lr:0.000740 t:7.7s
tttg: c100/289 lr:0.000736 t:7.8s
tttg: c101/289 lr:0.000731 t:7.9s
tttg: c102/289 lr:0.000726 t:8.0s
tttg: c103/289 lr:0.000721 t:8.0s
tttg: c104/289 lr:0.000716 t:8.1s
tttg: c105/289 lr:0.000711 t:8.2s
tttg: c106/289 lr:0.000706 t:8.3s
tttg: c107/289 lr:0.000701 t:8.4s
tttg: c108/289 lr:0.000696 t:8.4s
tttg: c109/289 lr:0.000691 t:8.5s
tttg: c110/289 lr:0.000686 t:8.6s
tttg: c111/289 lr:0.000681 t:8.7s
tttg: c112/289 lr:0.000676 t:8.8s
tttg: c113/289 lr:0.000671 t:8.8s
tttg: c114/289 lr:0.000666 t:8.9s
tttg: c115/289 lr:0.000661 t:9.0s
tttg: c116/289 lr:0.000656 t:9.1s
tttg: c117/289 lr:0.000650 t:9.1s
tttg: c118/289 lr:0.000645 t:9.2s
tttg: c119/289 lr:0.000640 t:9.3s
tttg: c120/289 lr:0.000635 t:9.4s
tttg: c121/289 lr:0.000629 t:9.5s
tttg: c122/289 lr:0.000624 t:9.5s
tttg: c123/289 lr:0.000619 t:9.6s
tttg: c124/289 lr:0.000614 t:9.7s
tttg: c125/289 lr:0.000608 t:9.8s
tttg: c126/289 lr:0.000603 t:9.8s
tttg: c127/289 lr:0.000598 t:9.9s
tttg: c128/289 lr:0.000592 t:10.0s
tttg: c129/289 lr:0.000587 t:10.1s
tttg: c130/289 lr:0.000581 t:10.2s
tttg: c131/289 lr:0.000576 t:10.2s
tttg: c132/289 lr:0.000571 t:10.3s
tttg: c133/289 lr:0.000565 t:10.4s
tttg: c134/289 lr:0.000560 t:10.5s
tttg: c135/289 lr:0.000554 t:10.6s
tttg: c136/289 lr:0.000549 t:10.6s
tttg: c137/289 lr:0.000544 t:10.7s
tttg: c138/289 lr:0.000538 t:10.8s
tttg: c139/289 lr:0.000533 t:10.9s
tttg: c140/289 lr:0.000527 t:10.9s
tttg: c141/289 lr:0.000522 t:11.0s
tttg: c142/289 lr:0.000516 t:11.1s
tttg: c143/289 lr:0.000511 t:11.2s
tttg: c144/289 lr:0.000505 t:11.3s
tttg: c145/289 lr:0.000500 t:11.4s
tttg: c146/289 lr:0.000495 t:11.4s
tttg: c147/289 lr:0.000489 t:11.5s
tttg: c148/289 lr:0.000484 t:11.6s
tttg: c149/289 lr:0.000478 t:11.7s
tttg: c150/289 lr:0.000473 t:11.7s
tttg: c151/289 lr:0.000467 t:11.8s
tttg: c152/289 lr:0.000462 t:11.9s
tttg: c153/289 lr:0.000456 t:12.0s
tttg: c154/289 lr:0.000451 t:12.1s
tttg: c155/289 lr:0.000446 t:12.1s
tttg: c156/289 lr:0.000440 t:12.2s
tttg: c157/289 lr:0.000435 t:12.3s
tttg: c158/289 lr:0.000429 t:12.4s
tttg: c159/289 lr:0.000424 t:12.4s
tttg: c160/289 lr:0.000419 t:12.5s
tttg: c161/289 lr:0.000413 t:12.6s
tttg: c162/289 lr:0.000408 t:12.7s
tttg: c163/289 lr:0.000402 t:12.8s
tttg: c164/289 lr:0.000397 t:12.8s
tttg: c165/289 lr:0.000392 t:12.9s
tttg: c166/289 lr:0.000386 t:13.0s
tttg: c167/289 lr:0.000381 t:13.1s
tttg: c168/289 lr:0.000376 t:13.1s
tttg: c169/289 lr:0.000371 t:13.2s
tttg: c170/289 lr:0.000365 t:13.3s
tttg: c171/289 lr:0.000360 t:13.4s
tttg: c172/289 lr:0.000355 t:13.5s
tttg: c173/289 lr:0.000350 t:13.5s
tttg: c174/289 lr:0.000344 t:13.6s
tttg: c175/289 lr:0.000339 t:13.7s
tttg: c176/289 lr:0.000334 t:13.8s
tttg: c177/289 lr:0.000329 t:13.9s
tttg: c178/289 lr:0.000324 t:13.9s
tttg: c179/289 lr:0.000319 t:14.0s
tttg: c180/289 lr:0.000314 t:14.1s
tttg: c181/289 lr:0.000309 t:14.2s
tttg: c182/289 lr:0.000304 t:14.3s
tttg: c183/289 lr:0.000299 t:14.3s
tttg: c184/289 lr:0.000294 t:14.4s
tttg: c185/289 lr:0.000289 t:14.5s
tttg: c186/289 lr:0.000284 t:14.6s
tttg: c187/289 lr:0.000279 t:14.7s
tttg: c188/289 lr:0.000274 t:14.7s
tttg: c189/289 lr:0.000269 t:14.8s
tttg: c190/289 lr:0.000264 t:14.9s
tttg: c191/289 lr:0.000260 t:15.0s
tttg: c192/289 lr:0.000255 t:15.0s
tttg: c193/289 lr:0.000250 t:15.1s
tttg: c194/289 lr:0.000245 t:15.2s
tttg: c195/289 lr:0.000241 t:15.3s
tttg: c196/289 lr:0.000236 t:15.4s
tttg: c197/289 lr:0.000231 t:15.4s
tttg: c198/289 lr:0.000227 t:15.5s
tttg: c199/289 lr:0.000222 t:15.6s
tttg: c200/289 lr:0.000218 t:15.7s
tttg: c201/289 lr:0.000213 t:15.8s
tttg: c202/289 lr:0.000209 t:15.8s
tttg: c203/289 lr:0.000204 t:15.9s
tttg: c204/289 lr:0.000200 t:16.0s
tttg: c205/289 lr:0.000196 t:16.1s
tttg: c206/289 lr:0.000191 t:16.2s
tttg: c207/289 lr:0.000187 t:16.2s
tttg: c208/289 lr:0.000183 t:16.3s
tttg: c209/289 lr:0.000179 t:16.4s
tttg: c210/289 lr:0.000174 t:16.5s
tttg: c211/289 lr:0.000170 t:16.5s
tttg: c212/289 lr:0.000166 t:16.6s
tttg: c213/289 lr:0.000162 t:16.7s
tttg: c214/289 lr:0.000158 t:16.8s
tttg: c215/289 lr:0.000154 t:16.9s
tttg: c216/289 lr:0.000150 t:16.9s
tttg: c217/289 lr:0.000146 t:17.0s
tttg: c218/289 lr:0.000143 t:17.1s
tttg: c219/289 lr:0.000139 t:17.2s
tttg: c220/289 lr:0.000135 t:17.2s
tttg: c221/289 lr:0.000131 t:17.3s
tttg: c222/289 lr:0.000128 t:17.4s
tttg: c223/289 lr:0.000124 t:17.5s
tttg: c224/289 lr:0.000121 t:17.6s
tttg: c225/289 lr:0.000117 t:17.6s
tttg: c226/289 lr:0.000113 t:17.7s
tttg: c227/289 lr:0.000110 t:17.8s
tttg: c228/289 lr:0.000107 t:17.9s
tttg: c229/289 lr:0.000103 t:18.0s
tttg: c230/289 lr:0.000100 t:18.0s
tttg: c231/289 lr:0.000097 t:18.1s
tttg: c232/289 lr:0.000094 t:18.2s
tttg: c233/289 lr:0.000090 t:18.3s
tttg: c234/289 lr:0.000087 t:18.3s
tttg: c235/289 lr:0.000084 t:18.4s
tttg: c236/289 lr:0.000081 t:18.5s
tttg: c237/289 lr:0.000078 t:18.6s
tttg: c238/289 lr:0.000075 t:18.7s
tttg: c239/289 lr:0.000073 t:18.7s
tttg: c240/289 lr:0.000070 t:18.8s
tttg: c241/289 lr:0.000067 t:18.9s
tttg: c242/289 lr:0.000064 t:19.0s
tttg: c243/289 lr:0.000062 t:19.1s
tttg: c244/289 lr:0.000059 t:19.1s
tttg: c245/289 lr:0.000056 t:19.2s
tttg: c246/289 lr:0.000054 t:19.3s
tttg: c247/289 lr:0.000052 t:19.4s
tttg: c248/289 lr:0.000049 t:19.4s
tttg: c249/289 lr:0.000047 t:19.5s
tttg: c250/289 lr:0.000045 t:19.6s
tttg: c251/289 lr:0.000042 t:19.7s
tttg: c252/289 lr:0.000040 t:19.8s
tttg: c253/289 lr:0.000038 t:19.8s
tttg: c254/289 lr:0.000036 t:19.9s
tttg: c255/289 lr:0.000034 t:20.0s
tttg: c256/289 lr:0.000032 t:20.1s
tttg: c257/289 lr:0.000030 t:20.2s
tttg: c258/289 lr:0.000028 t:20.2s
tttg: c259/289 lr:0.000027 t:20.3s
tttg: c260/289 lr:0.000025 t:20.4s
tttg: c261/289 lr:0.000023 t:20.5s
tttg: c262/289 lr:0.000022 t:20.5s
tttg: c263/289 lr:0.000020 t:20.6s
tttg: c264/289 lr:0.000018 t:20.7s
tttg: c265/289 lr:0.000017 t:20.8s
tttg: c266/289 lr:0.000016 t:20.9s
tttg: c267/289 lr:0.000014 t:20.9s
tttg: c268/289 lr:0.000013 t:21.0s
tttg: c269/289 lr:0.000012 t:21.1s
tttg: c270/289 lr:0.000011 t:21.2s
tttg: c271/289 lr:0.000010 t:21.3s
tttg: c272/289 lr:0.000009 t:21.3s
tttg: c273/289 lr:0.000008 t:21.4s
tttg: c274/289 lr:0.000007 t:21.5s
tttg: c275/289 lr:0.000006 t:21.6s
tttg: c276/289 lr:0.000005 t:21.7s
tttg: c277/289 lr:0.000004 t:21.7s
tttg: c278/289 lr:0.000004 t:21.8s
tttg: c279/289 lr:0.000003 t:21.9s
tttg: c280/289 lr:0.000002 t:22.0s
tttg: c281/289 lr:0.000002 t:22.1s
tttg: c282/289 lr:0.000001 t:22.1s
tttg: c283/289 lr:0.000001 t:22.2s
tttg: c284/289 lr:0.000001 t:22.3s
tttg: c285/289 lr:0.000000 t:22.4s
tttg: c286/289 lr:0.000000 t:22.4s
tttg: c287/289 lr:0.000000 t:22.5s
tttg: c288/289 lr:0.000000 t:22.6s
ttpr: phase:3/3 t:343.1s
ttp: b730/782 bl:2.2713 bb:0.9981 rl:2.2684 rb:1.0475 dl:2352-2376 gd:1
ttp: b725/782 bl:2.3150 bb:1.0414 rl:2.2713 rb:1.0471 dl:2232-2254 gd:1
ttp: b716/782 bl:2.2471 bb:1.0384 rl:2.2700 rb:1.0467 dl:2054-2069 gd:1
ttp: b705/782 bl:2.3603 bb:1.0609 rl:2.2742 rb:1.0473 dl:1885-1898 gd:1
ttp: b700/782 bl:2.2939 bb:1.0244 rl:2.2750 rb:1.0463 dl:1824-1834 gd:1
ttp: b688/782 bl:2.3945 bb:1.0720 rl:2.2796 rb:1.0473 dl:1696-1706 gd:1
ttp: b685/782 bl:2.2958 bb:1.0274 rl:2.2801 rb:1.0466 dl:1665-1675 gd:1
ttp: b679/782 bl:2.2995 bb:1.0558 rl:2.2808 rb:1.0469 dl:1610-1618 gd:1
ttp: b668/782 bl:2.3322 bb:1.0662 rl:2.2824 rb:1.0475 dl:1521-1530 gd:1
ttp: b661/782 bl:2.3946 bb:1.0826 rl:2.2856 rb:1.0485 dl:1474-1480 gd:1
ttp: b654/782 bl:2.2894 bb:1.0355 rl:2.2857 rb:1.0482 dl:1425-1432 gd:1
ttp: b645/782 bl:2.2971 bb:1.0277 rl:2.2860 rb:1.0476 dl:1367-1375 gd:1
ttp: b636/782 bl:2.3784 bb:1.0660 rl:2.2882 rb:1.0481 dl:1314-1320 gd:1
ttp: b627/782 bl:2.3753 bb:1.0695 rl:2.2902 rb:1.0486 dl:1266-1271 gd:1
ttp: b619/782 bl:2.3228 bb:1.0592 rl:2.2909 rb:1.0488 dl:1221-1226 gd:1
ttp: b611/782 bl:2.2907 bb:1.0229 rl:2.2909 rb:1.0483 dl:1182-1186 gd:1
ttp: b602/782 bl:2.3717 bb:1.0461 rl:2.2924 rb:1.0482 dl:1141-1146 gd:1
ttp: b598/782 bl:2.3543 bb:1.0648 rl:2.2936 rb:1.0485 dl:1124-1129 gd:1
ttp: b589/782 bl:2.2699 bb:1.0081 rl:2.2932 rb:1.0478 dl:1086-1089 gd:1
ttp: b582/782 bl:2.3447 bb:1.0299 rl:2.2940 rb:1.0475 dl:1056-1060 gd:1
ttp: b572/782 bl:2.3093 bb:1.0387 rl:2.2943 rb:1.0473 dl:1017-1021 gd:1
ttp: b564/782 bl:2.2842 bb:1.0164 rl:2.2941 rb:1.0469 dl:990-993 gd:1
ttp: b556/782 bl:2.3750 bb:1.0677 rl:2.2953 rb:1.0472 dl:961-965 gd:1
ttp: b548/782 bl:2.2410 bb:1.0469 rl:2.2945 rb:1.0472 dl:937-939 gd:1
ttp: b541/782 bl:2.3257 bb:1.0320 rl:2.2950 rb:1.0470 dl:915-918 gd:1
ttp: b534/782 bl:2.3219 bb:1.0400 rl:2.2953 rb:1.0469 dl:893-896 gd:1
ttp: b527/782 bl:2.3439 bb:1.0288 rl:2.2959 rb:1.0466 dl:872-875 gd:1
ttp: b520/782 bl:2.3237 bb:1.0020 rl:2.2963 rb:1.0461 dl:852-854 gd:1
ttp: b512/782 bl:2.3005 bb:1.0624 rl:2.2963 rb:1.0462 dl:829-832 gd:1
ttp: b504/782 bl:2.3142 bb:1.0324 rl:2.2965 rb:1.0461 dl:807-809 gd:1
ttp: b496/782 bl:2.4159 bb:1.0459 rl:2.2978 rb:1.0461 dl:785-788 gd:1
ttp: b487/782 bl:2.2786 bb:1.0669 rl:2.2976 rb:1.0463 dl:764-766 gd:1
ttp: b479/782 bl:2.4103 bb:1.0830 rl:2.2987 rb:1.0467 dl:744-747 gd:1
ttp: b471/782 bl:2.3986 bb:1.0830 rl:2.2997 rb:1.0470 dl:726-728 gd:1
ttp: b463/782 bl:2.3116 bb:1.0402 rl:2.2998 rb:1.0470 dl:708-710 gd:1
ttp: b455/782 bl:2.3008 bb:1.0369 rl:2.2998 rb:1.0469 dl:691-693 gd:1
ttp: b447/782 bl:2.3229 bb:1.0671 rl:2.3000 rb:1.0470 dl:674-676 gd:1
ttp: b439/782 bl:2.3243 bb:1.0371 rl:2.3002 rb:1.0470 dl:657-659 gd:1
ttp: b431/782 bl:2.3751 bb:1.0536 rl:2.3008 rb:1.0470 dl:642-643 gd:1
ttp: b423/782 bl:2.3057 bb:1.0520 rl:2.3009 rb:1.0471 dl:626-629 gd:1
ttp: b393/782 bl:2.3008 bb:1.0567 rl:2.3009 rb:1.0471 dl:570-571 gd:1
ttp: b385/782 bl:2.4025 bb:1.0714 rl:2.3016 rb:1.0473 dl:555-557 gd:1
ttp: b377/782 bl:2.2203 bb:1.0172 rl:2.3010 rb:1.0471 dl:542-544 gd:1
ttp: b369/782 bl:2.3481 bb:1.0609 rl:2.3013 rb:1.0472 dl:528-530 gd:1
ttp: b361/782 bl:2.3430 bb:1.0938 rl:2.3016 rb:1.0475 dl:515-517 gd:1
ttp: b353/782 bl:2.1973 bb:1.0048 rl:2.3010 rb:1.0472 dl:501-503 gd:1
ttp: b345/782 bl:2.3575 bb:1.0732 rl:2.3013 rb:1.0474 dl:489-491 gd:1
ttp: b337/782 bl:2.3140 bb:1.0530 rl:2.3014 rb:1.0474 dl:477-478 gd:1
ttp: b330/782 bl:2.2431 bb:1.0689 rl:2.3010 rb:1.0475 dl:466-468 gd:1
ttp: b322/782 bl:2.3669 bb:1.0564 rl:2.3014 rb:1.0476 dl:455-457 gd:1
ttp: b314/782 bl:2.2472 bb:1.0599 rl:2.3011 rb:1.0476 dl:442-444 gd:1
ttp: b306/782 bl:2.3802 bb:1.0582 rl:2.3015 rb:1.0477 dl:430-432 gd:1
ttp: b298/782 bl:2.4157 bb:1.1000 rl:2.3021 rb:1.0479 dl:418-420 gd:1
ttp: b290/782 bl:2.3308 bb:1.0676 rl:2.3022 rb:1.0480 dl:406-407 gd:1
ttp: b282/782 bl:2.3128 bb:1.0674 rl:2.3022 rb:1.0481 dl:395-396 gd:1
ttp: b274/782 bl:2.2999 bb:1.0691 rl:2.3022 rb:1.0482 dl:384-385 gd:1
ttp: b268/782 bl:2.3562 bb:1.0765 rl:2.3025 rb:1.0483 dl:376-378 gd:1
ttp: b260/782 bl:2.3716 bb:1.0805 rl:2.3028 rb:1.0485 dl:366-367 gd:1
ttp: b252/782 bl:2.3786 bb:1.0661 rl:2.3031 rb:1.0485 dl:356-357 gd:1
ttp: b244/782 bl:2.3347 bb:1.1110 rl:2.3032 rb:1.0488 dl:346-347 gd:1
ttp: b236/782 bl:2.3279 bb:1.0714 rl:2.3033 rb:1.0488 dl:336-337 gd:1
ttp: b230/782 bl:2.4590 bb:1.1539 rl:2.3039 rb:1.0492 dl:329-330 gd:1
ttp: b222/782 bl:2.3759 bb:1.1106 rl:2.3041 rb:1.0494 dl:320-321 gd:1
ttp: b214/782 bl:2.3279 bb:1.1139 rl:2.3042 rb:1.0497 dl:310-312 gd:1
ttp: b206/782 bl:2.4004 bb:1.1043 rl:2.3045 rb:1.0498 dl:302-303 gd:1
ttp: b198/782 bl:2.3935 bb:1.0589 rl:2.3048 rb:1.0499 dl:294-295 gd:1
ttp: b189/782 bl:2.4140 bb:1.1389 rl:2.3052 rb:1.0501 dl:283-284 gd:1
ttp: b181/782 bl:2.3305 bb:1.1254 rl:2.3052 rb:1.0504 dl:275-276 gd:1
ttp: b173/782 bl:2.4666 bb:1.1293 rl:2.3057 rb:1.0506 dl:267-268 gd:1
ttp: b164/782 bl:2.4412 bb:1.1548 rl:2.3061 rb:1.0509 dl:259-260 gd:1
ttp: b157/782 bl:2.3621 bb:1.1313 rl:2.3062 rb:1.0511 dl:252-253 gd:1
ttp: b149/782 bl:2.3655 bb:1.1522 rl:2.3064 rb:1.0513 dl:244-245 gd:1
ttp: b141/782 bl:2.4721 bb:1.1282 rl:2.3068 rb:1.0515 dl:236-237 gd:1
ttp: b133/782 bl:2.3671 bb:1.1354 rl:2.3070 rb:1.0517 dl:229-230 gd:1
ttp: b124/782 bl:2.3731 bb:1.1592 rl:2.3071 rb:1.0520 dl:220-222 gd:1
ttp: b118/782 bl:2.4594 bb:1.1226 rl:2.3075 rb:1.0521 dl:215-216 gd:1
ttp: b111/782 bl:2.4058 bb:1.1730 rl:2.3077 rb:1.0524 dl:208-210 gd:1
ttp: b105/782 bl:2.4198 bb:1.1509 rl:2.3080 rb:1.0526 dl:203-204 gd:1
ttp: b97/782 bl:2.4549 bb:1.1619 rl:2.3083 rb:1.0528 dl:196-197 gd:1
ttp: b89/782 bl:2.4790 bb:1.1455 rl:2.3086 rb:1.0530 dl:189-190 gd:1
ttp: b81/782 bl:2.4729 bb:1.1223 rl:2.3089 rb:1.0531 dl:182-183 gd:1
ttp: b75/782 bl:2.5694 bb:1.1913 rl:2.3094 rb:1.0534 dl:176-177 gd:1
ttp: b67/782 bl:2.5333 bb:1.1993 rl:2.3098 rb:1.0536 dl:169-170 gd:1
ttp: b60/782 bl:2.4683 bb:1.1863 rl:2.3101 rb:1.0539 dl:163-164 gd:1
ttp: b52/782 bl:2.6671 bb:1.2450 rl:2.3107 rb:1.0542 dl:155-156 gd:1
ttp: b44/782 bl:2.5569 bb:1.1931 rl:2.3111 rb:1.0544 dl:147-148 gd:1
ttp: b34/782 bl:2.6363 bb:1.2069 rl:2.3115 rb:1.0546 dl:137-138 gd:1
ttp: b25/782 bl:2.6007 bb:1.2015 rl:2.3119 rb:1.0548 dl:128-129 gd:1
ttp: b17/782 bl:2.6645 bb:1.2660 rl:2.3124 rb:1.0550 dl:118-119 gd:1
ttp: b9/782 bl:2.7577 bb:1.2583 rl:2.3128 rb:1.0553 dl:105-107 gd:1
ttp: b1/782 bl:2.8366 bb:1.1808 rl:2.3133 rb:1.0554 dl:27-83 gd:1
quantized_ttt_phased val_loss:2.31800250 val_bpb:1.05923668 eval_time:438211ms
total_eval_time:438.2s
