W0430 01:15:50.372000 379146 torch/distributed/run.py:803] 
W0430 01:15:50.372000 379146 torch/distributed/run.py:803] *****************************************
W0430 01:15:50.372000 379146 torch/distributed/run.py:803] Setting OMP_NUM_THREADS environment variable for each process to be 1 in default, to avoid your system being overloaded, please further tune the variable for optimal performance in your application as needed. 
W0430 01:15:50.372000 379146 torch/distributed/run.py:803] *****************************************
Hyperparameters:
  adam_eps: 1e-08
  adam_wd: 0.02
  artifact_dir: 
  attn_clip_sigmas: 13.0
  attn_out_gate_enabled: False
  attn_out_gate_src: proj
  beta1: 0.9
  beta2: 0.99
  caseops_enabled: True
  compressor: brotli
  data_dir: ./data
  datasets_dir: ./data/datasets/fineweb10B_sp8192_caseops/datasets/datasets/fineweb10B_sp8192_lossless_caps_caseops_v1_reserved
  distributed: True
  ema_decay: 0.9965
  embed_bits: 7
  embed_clip_sigmas: 14.0
  embed_lr: 0.6
  embed_wd: 0.085
  enable_looping_at: 0.35
  eval_seq_len: 2048
  eval_stride: 64
  fused_ce_enabled: True
  gate_window: 12
  gated_attn_enabled: False
  gated_attn_init_std: 0.01
  gated_attn_quant_gate: False
  global_ttt_batch_seqs: 32
  global_ttt_chunk_tokens: 32768
  global_ttt_epochs: 1
  global_ttt_grad_clip: 1.0
  global_ttt_lr: 0.001
  global_ttt_momentum: 0.9
  global_ttt_muon_nesterov: True
  global_ttt_muon_ns_steps: 5
  global_ttt_optimizer: sgd
  global_ttt_respect_doc_boundaries: True
  global_ttt_warmup_chunks: 0
  global_ttt_warmup_start_lr: 0.0
  gptq_calibration_batches: 16
  gptq_reserve_seconds: 0.5
  grad_accum_steps: 1
  grad_clip_norm: 0.3
  is_main_process: True
  iterations: 20000
  ln_scale: True
  local_rank: 0
  logfile: logs/993c3918-5d90-4cd7-8662-4f99ec1f977f.txt
  logit_softcap: 30.0
  loop_end: 5
  loop_start: 3
  lqer_asym_enabled: True
  lqer_asym_group: 64
  lqer_enabled: True
  lqer_factor_bits: 4
  lqer_rank: 4
  lqer_top_k: 3
  matrix_bits: 6
  matrix_clip_sigmas: 12.85
  matrix_lr: 0.026
  max_wallclock_seconds: 600.0
  min_lr: 0.1
  mlp_clip_sigmas: 11.5
  mlp_mult: 4.0
  model_dim: 512
  model_path: final_model.pt
  muon_backend_steps: 5
  muon_huber_delta: 0.1
  muon_huber_wd: False
  muon_momentum: 0.97
  muon_momentum_warmup_start: 0.92
  muon_momentum_warmup_steps: 1500
  muon_row_normalize: True
  muon_wd: 0.095
  num_heads: 8
  num_kv_heads: 4
  num_layers: 11
  num_loops: 2
  optrot_enabled: False
  parallel_final_lane: mean
  parallel_start_layer: 8
  phased_ttt_num_phases: 2
  phased_ttt_prefix_docs: 2750
  qk_gain_init: 5.0
  qk_gain_schedule: []
  quantized_model_path: final_model.int6.ptz
  rank: 0
  rope_base: 10000.0
  rope_dims: 16
  rope_train_seq_len: 2048
  rope_yarn: False
  run_id: 993c3918-5d90-4cd7-8662-4f99ec1f977f
  scalar_lr: 0.02
  seed: 314
  skip_gates_enabled: True
  smear_gate_enabled: True
  sparse_attn_gate_enabled: True
  sparse_attn_gate_init_std: 0.0
  sparse_attn_gate_scale: 0.5
  tie_embeddings: True
  tied_embed_init_std: 0.005
  tied_embed_lr: 0.03
  tokenizer_path: ./data/datasets/fineweb10B_sp8192_caseops/datasets/tokenizers/fineweb_8192_bpe_lossless_caps_caseops_v1_reserved.model
  train_batch_tokens: 786432
  train_files: ./data/datasets/fineweb10B_sp8192_caseops/datasets/datasets/fineweb10B_sp8192_lossless_caps_caseops_v1_reserved/fineweb_train_*.bin
  train_log_every: 500
  train_seq_len: 2048
  ttt_batch_size: 64
  ttt_beta1: 0.0
  ttt_beta2: 0.99
  ttt_chunk_size: 48
  ttt_enabled: True
  ttt_eval_batches: 
  ttt_eval_seq_len: 2048
  ttt_grad_steps: 1
  ttt_k_lora: False
  ttt_lora_lr: 0.0001
  ttt_lora_rank: 80
  ttt_mlp_lora: True
  ttt_o_lora: True
  ttt_optimizer: adam
  ttt_weight_decay: 0.5
  val_batch_tokens: 524288
  val_bytes_files: ./data/datasets/fineweb10B_sp8192_caseops/datasets/datasets/fineweb10B_sp8192_lossless_caps_caseops_v1_reserved/fineweb_val_bytes_*.bin
  val_doc_fraction: 1.0
  val_files: ./data/datasets/fineweb10B_sp8192_caseops/datasets/datasets/fineweb10B_sp8192_lossless_caps_caseops_v1_reserved/fineweb_val_*.bin
  val_loss_every: 4000
  vocab_size: 8192
  warmdown_frac: 0.85
  warmup_steps: 20
  world_size: 8
  xsa_last_n: 11
train_shards: 1499
val_tokens: 47851520
model_params:35945671
gptq:reserving 0s, effective=599500ms
warmup_cu_buckets:64,128,192,256 iters_each:3
warmup_step: 1/20
warmup_step: 2/20
warmup_step: 3/20
warmup_step: 4/20
warmup_step: 5/20
warmup_step: 6/20
warmup_step: 10/20
warmup_step: 20/20
loop_warmup:enabled encoder:[0, 1, 2, 3, 4, 5, 3, 4] decoder:[5, 3, 4, 5, 6, 7, 8, 9, 10]
loop_warmup_step: 1/20
loop_warmup_step: 2/20
loop_warmup_step: 3/20
loop_warmup_step: 4/20
loop_warmup_step: 5/20
loop_warmup_step: 6/20
loop_warmup_step: 10/20
loop_warmup_step: 20/20
0/20000 val_loss: 8.9980 val_bpb: 4.1115
1/20000 train_loss: 8.9988 train_time: 0.0m tok/s: 12477913
2/20000 train_loss: 12.8581 train_time: 0.0m tok/s: 11610128
3/20000 train_loss: 10.2254 train_time: 0.0m tok/s: 10341537
4/20000 train_loss: 8.6680 train_time: 0.0m tok/s: 9837475
5/20000 train_loss: 7.8925 train_time: 0.0m tok/s: 9537147
500/20000 train_loss: 2.7336 train_time: 0.8m tok/s: 8421175
1000/20000 train_loss: 2.7849 train_time: 1.6m tok/s: 8396855
1500/20000 train_loss: 2.7208 train_time: 2.3m tok/s: 8386261
2000/20000 train_loss: 2.4885 train_time: 3.1m tok/s: 8387020
layer_loop:enabled step:2238 frac:0.350 encoder:[0, 1, 2, 3, 4, 5, 3, 4] decoder:[5, 3, 4, 5, 6, 7, 8, 9, 10]
2500/20000 train_loss: 2.6700 train_time: 4.1m tok/s: 7986487
3000/20000 train_loss: 2.4880 train_time: 5.3m tok/s: 7452753
3500/20000 train_loss: 2.3666 train_time: 6.5m tok/s: 7089905
4000/20000 train_loss: 2.5084 train_time: 7.6m tok/s: 6861887
4000/20000 val_loss: 2.4299 val_bpb: 1.1103
4500/20000 train_loss: 2.3905 train_time: 8.8m tok/s: 6706951
5000/20000 train_loss: 2.2763 train_time: 9.9m tok/s: 6587143
5019/20000 val_loss: 2.3539 val_bpb: 1.0756
stopping_early: wallclock_cap train_time: 599616ms step: 5019/20000
peak memory allocated: 41709 MiB reserved: 47026 MiB
ema:applying EMA weights
diagnostic pre-quantization post-ema val_loss:2.32840931 val_bpb:1.06392310 eval_time:7422ms
Serialized model: 135417533 bytes
Code size (uncompressed): 167610 bytes
Code size (compressed): 33230 bytes
GPTQ:collecting Hessians from calibration data...
GPTQ:collected 67 Hessians in 3.5s
Quantized weights:
  gptq (int6): blocks.attn.c_k.weight, blocks.attn.c_q.weight, blocks.attn.c_v.weight, blocks.attn.proj.weight, blocks.mlp.fc.weight, blocks.mlp.proj.weight
  gptq (int6)+lqer_asym: blocks.mlp.fc.weight
  gptq (int7)+lqer_asym: tok_emb.weight
  passthrough (float16): blocks.attn.attn_gate_w, blocks.attn.q_gain, blocks.attn_scale, blocks.mlp_scale, blocks.resid_mix, parallel_post_lambdas, parallel_resid_lambdas, skip_gates, skip_weights, smear_gate.weight, smear_lambda
Serialized model quantized+brotli: 16110490 bytes
Total submission size quantized+brotli: 16143720 bytes
diagnostic quantized val_loss:2.34706765 val_bpb:1.07244868 eval_time:11388ms
ttt_lora:warming up compile (random tokens, no val data)
ttt_lora:compile warmup done (105.4s)

beginning TTT eval timer
ttt_phased: total_docs:50000 prefix_docs:2750 suffix_docs:47250 num_phases:2 boundaries:[1375, 2750]
ttp: b775/782 bl:2.2757 bb:1.0579 rl:2.2757 rb:1.0579 dl:6892-7524 gd:0
ttp: b774/782 bl:2.2871 bb:1.0649 rl:2.2812 rb:1.0613 dl:6447-6872 gd:0
ttp: b770/782 bl:2.2857 bb:1.0791 rl:2.2825 rb:1.0662 dl:5311-5522 gd:0
ttp: b765/782 bl:2.3159 bb:1.0831 rl:2.2888 rb:1.0694 dl:4393-4510 gd:0
ttp: b759/782 bl:2.3711 bb:1.0796 rl:2.3001 rb:1.0708 dl:3741-3817 gd:0
ttpp: phase:1/2 pd:1808 gd:1375 t:202.7s
tttg: c1/194 lr:0.001000 t:0.3s
tttg: c2/194 lr:0.001000 t:0.4s
tttg: c3/194 lr:0.001000 t:0.5s
tttg: c4/194 lr:0.000999 t:0.5s
tttg: c5/194 lr:0.000999 t:0.6s
tttg: c6/194 lr:0.000998 t:0.7s
tttg: c7/194 lr:0.000998 t:0.8s
tttg: c8/194 lr:0.000997 t:0.9s
tttg: c9/194 lr:0.000996 t:0.9s
tttg: c10/194 lr:0.000995 t:1.0s
tttg: c11/194 lr:0.000993 t:1.1s
tttg: c12/194 lr:0.000992 t:1.2s
tttg: c13/194 lr:0.000990 t:1.3s
tttg: c14/194 lr:0.000989 t:1.3s
tttg: c15/194 lr:0.000987 t:1.4s
tttg: c16/194 lr:0.000985 t:1.5s
tttg: c17/194 lr:0.000983 t:1.6s
tttg: c18/194 lr:0.000981 t:1.6s
tttg: c19/194 lr:0.000979 t:1.7s
tttg: c20/194 lr:0.000976 t:1.8s
tttg: c21/194 lr:0.000974 t:1.9s
tttg: c22/194 lr:0.000971 t:2.0s
tttg: c23/194 lr:0.000968 t:2.0s
tttg: c24/194 lr:0.000965 t:2.1s
tttg: c25/194 lr:0.000962 t:2.2s
tttg: c26/194 lr:0.000959 t:2.3s
tttg: c27/194 lr:0.000956 t:2.4s
tttg: c28/194 lr:0.000952 t:2.4s
tttg: c29/194 lr:0.000949 t:2.5s
tttg: c30/194 lr:0.000945 t:2.6s
tttg: c31/194 lr:0.000942 t:2.7s
tttg: c32/194 lr:0.000938 t:2.7s
tttg: c33/194 lr:0.000934 t:2.8s
tttg: c34/194 lr:0.000930 t:2.9s
tttg: c35/194 lr:0.000925 t:3.0s
tttg: c36/194 lr:0.000921 t:3.1s
tttg: c37/194 lr:0.000917 t:3.2s
tttg: c38/194 lr:0.000912 t:3.2s
tttg: c39/194 lr:0.000907 t:3.3s
tttg: c40/194 lr:0.000903 t:3.4s
tttg: c41/194 lr:0.000898 t:3.5s
tttg: c42/194 lr:0.000893 t:3.5s
tttg: c43/194 lr:0.000888 t:3.6s
tttg: c44/194 lr:0.000882 t:3.7s
tttg: c45/194 lr:0.000877 t:3.8s
tttg: c46/194 lr:0.000872 t:3.9s
tttg: c47/194 lr:0.000866 t:3.9s
tttg: c48/194 lr:0.000861 t:4.0s
tttg: c49/194 lr:0.000855 t:4.1s
tttg: c50/194 lr:0.000849 t:4.2s
tttg: c51/194 lr:0.000843 t:4.3s
tttg: c52/194 lr:0.000837 t:4.3s
tttg: c53/194 lr:0.000831 t:4.4s
tttg: c54/194 lr:0.000825 t:4.5s
tttg: c55/194 lr:0.000819 t:4.6s
tttg: c56/194 lr:0.000813 t:4.7s
tttg: c57/194 lr:0.000806 t:4.7s
tttg: c58/194 lr:0.000800 t:4.8s
tttg: c59/194 lr:0.000793 t:4.9s
tttg: c60/194 lr:0.000787 t:5.0s
tttg: c61/194 lr:0.000780 t:5.1s
tttg: c62/194 lr:0.000773 t:5.1s
tttg: c63/194 lr:0.000766 t:5.2s
tttg: c64/194 lr:0.000759 t:5.3s
tttg: c65/194 lr:0.000752 t:5.4s
tttg: c66/194 lr:0.000745 t:5.4s
tttg: c67/194 lr:0.000738 t:5.5s
tttg: c68/194 lr:0.000731 t:5.6s
tttg: c69/194 lr:0.000724 t:5.7s
tttg: c70/194 lr:0.000716 t:5.8s
tttg: c71/194 lr:0.000709 t:5.8s
tttg: c72/194 lr:0.000702 t:5.9s
tttg: c73/194 lr:0.000694 t:6.0s
tttg: c74/194 lr:0.000687 t:6.1s
tttg: c75/194 lr:0.000679 t:6.2s
tttg: c76/194 lr:0.000671 t:6.2s
tttg: c77/194 lr:0.000664 t:6.3s
tttg: c78/194 lr:0.000656 t:6.4s
tttg: c79/194 lr:0.000648 t:6.5s
tttg: c80/194 lr:0.000641 t:6.5s
tttg: c81/194 lr:0.000633 t:6.6s
tttg: c82/194 lr:0.000625 t:6.7s
tttg: c83/194 lr:0.000617 t:6.8s
tttg: c84/194 lr:0.000609 t:6.9s
tttg: c85/194 lr:0.000601 t:6.9s
tttg: c86/194 lr:0.000593 t:7.0s
tttg: c87/194 lr:0.000585 t:7.1s
tttg: c88/194 lr:0.000577 t:7.2s
tttg: c89/194 lr:0.000569 t:7.3s
tttg: c90/194 lr:0.000561 t:7.3s
tttg: c91/194 lr:0.000553 t:7.4s
tttg: c92/194 lr:0.000545 t:7.5s
tttg: c93/194 lr:0.000537 t:7.6s
tttg: c94/194 lr:0.000528 t:7.7s
tttg: c95/194 lr:0.000520 t:7.7s
tttg: c96/194 lr:0.000512 t:7.8s
tttg: c97/194 lr:0.000504 t:7.9s
tttg: c98/194 lr:0.000496 t:8.0s
tttg: c99/194 lr:0.000488 t:8.0s
tttg: c100/194 lr:0.000480 t:8.1s
tttg: c101/194 lr:0.000472 t:8.2s
tttg: c102/194 lr:0.000463 t:8.3s
tttg: c103/194 lr:0.000455 t:8.4s
tttg: c104/194 lr:0.000447 t:8.4s
tttg: c105/194 lr:0.000439 t:8.5s
tttg: c106/194 lr:0.000431 t:8.6s
tttg: c107/194 lr:0.000423 t:8.7s
tttg: c108/194 lr:0.000415 t:8.8s
tttg: c109/194 lr:0.000407 t:8.8s
tttg: c110/194 lr:0.000399 t:8.9s
tttg: c111/194 lr:0.000391 t:9.0s
tttg: c112/194 lr:0.000383 t:9.1s
tttg: c113/194 lr:0.000375 t:9.1s
tttg: c114/194 lr:0.000367 t:9.2s
tttg: c115/194 lr:0.000359 t:9.3s
tttg: c116/194 lr:0.000352 t:9.4s
tttg: c117/194 lr:0.000344 t:9.5s
tttg: c118/194 lr:0.000336 t:9.5s
tttg: c119/194 lr:0.000329 t:9.6s
tttg: c120/194 lr:0.000321 t:9.7s
tttg: c121/194 lr:0.000313 t:9.8s
tttg: c122/194 lr:0.000306 t:9.8s
tttg: c123/194 lr:0.000298 t:9.9s
tttg: c124/194 lr:0.000291 t:10.0s
tttg: c125/194 lr:0.000284 t:10.1s
tttg: c126/194 lr:0.000276 t:10.2s
tttg: c127/194 lr:0.000269 t:10.2s
tttg: c128/194 lr:0.000262 t:10.3s
tttg: c129/194 lr:0.000255 t:10.4s
tttg: c130/194 lr:0.000248 t:10.5s
tttg: c131/194 lr:0.000241 t:10.6s
tttg: c132/194 lr:0.000234 t:10.6s
tttg: c133/194 lr:0.000227 t:10.7s
tttg: c134/194 lr:0.000220 t:10.8s
tttg: c135/194 lr:0.000213 t:10.9s
tttg: c136/194 lr:0.000207 t:10.9s
tttg: c137/194 lr:0.000200 t:11.0s
tttg: c138/194 lr:0.000194 t:11.1s
tttg: c139/194 lr:0.000187 t:11.2s
tttg: c140/194 lr:0.000181 t:11.3s
tttg: c141/194 lr:0.000175 t:11.3s
tttg: c142/194 lr:0.000169 t:11.4s
tttg: c143/194 lr:0.000163 t:11.5s
tttg: c144/194 lr:0.000157 t:11.6s
tttg: c145/194 lr:0.000151 t:11.7s
tttg: c146/194 lr:0.000145 t:11.7s
tttg: c147/194 lr:0.000139 t:11.8s
tttg: c148/194 lr:0.000134 t:11.9s
tttg: c149/194 lr:0.000128 t:12.0s
tttg: c150/194 lr:0.000123 t:12.1s
tttg: c151/194 lr:0.000118 t:12.1s
tttg: c152/194 lr:0.000112 t:12.2s
tttg: c153/194 lr:0.000107 t:12.3s
tttg: c154/194 lr:0.000102 t:12.4s
tttg: c155/194 lr:0.000097 t:12.4s
tttg: c156/194 lr:0.000093 t:12.5s
tttg: c157/194 lr:0.000088 t:12.6s
tttg: c158/194 lr:0.000083 t:12.7s
tttg: c159/194 lr:0.000079 t:12.8s
tttg: c160/194 lr:0.000075 t:12.8s
tttg: c161/194 lr:0.000070 t:12.9s
tttg: c162/194 lr:0.000066 t:13.0s
tttg: c163/194 lr:0.000062 t:13.1s
tttg: c164/194 lr:0.000058 t:13.2s
tttg: c165/194 lr:0.000055 t:13.3s
tttg: c166/194 lr:0.000051 t:13.3s
tttg: c167/194 lr:0.000048 t:13.4s
tttg: c168/194 lr:0.000044 t:13.5s
tttg: c169/194 lr:0.000041 t:13.6s
tttg: c170/194 lr:0.000038 t:13.6s
tttg: c171/194 lr:0.000035 t:13.7s
tttg: c172/194 lr:0.000032 t:13.8s
tttg: c173/194 lr:0.000029 t:13.9s
tttg: c174/194 lr:0.000026 t:14.0s
tttg: c175/194 lr:0.000024 t:14.0s
tttg: c176/194 lr:0.000021 t:14.1s
tttg: c177/194 lr:0.000019 t:14.2s
tttg: c178/194 lr:0.000017 t:14.3s
tttg: c179/194 lr:0.000015 t:14.4s
tttg: c180/194 lr:0.000013 t:14.4s
tttg: c181/194 lr:0.000011 t:14.5s
tttg: c182/194 lr:0.000010 t:14.6s
tttg: c183/194 lr:0.000008 t:14.7s
tttg: c184/194 lr:0.000007 t:14.7s
tttg: c185/194 lr:0.000005 t:14.8s
tttg: c186/194 lr:0.000004 t:14.9s
tttg: c187/194 lr:0.000003 t:15.0s
tttg: c188/194 lr:0.000002 t:15.1s
tttg: c189/194 lr:0.000002 t:15.1s
tttg: c190/194 lr:0.000001 t:15.2s
tttg: c191/194 lr:0.000001 t:15.3s
tttg: c192/194 lr:0.000000 t:15.4s
tttg: c193/194 lr:0.000000 t:15.5s
ttpr: phase:1/2 t:219.5s
ttp: b749/782 bl:2.3943 bb:1.0864 rl:2.3095 rb:1.0724 dl:3039-3089 gd:0
ttp: b742/782 bl:2.3229 bb:1.0458 rl:2.3106 rb:1.0702 dl:2730-2762 gd:0
ttp: b733/782 bl:2.3753 bb:1.0635 rl:2.3151 rb:1.0697 dl:2441-2468 gd:0
ttpp: phase:2/2 pd:3216 gd:2750 t:290.3s
tttg: c1/307 lr:0.001000 t:0.1s
tttg: c2/307 lr:0.001000 t:0.2s
tttg: c3/307 lr:0.001000 t:0.2s
tttg: c4/307 lr:0.001000 t:0.3s
tttg: c5/307 lr:0.001000 t:0.4s
tttg: c6/307 lr:0.000999 t:0.5s
tttg: c7/307 lr:0.000999 t:0.5s
tttg: c8/307 lr:0.000999 t:0.6s
tttg: c9/307 lr:0.000998 t:0.7s
tttg: c10/307 lr:0.000998 t:0.8s
tttg: c11/307 lr:0.000997 t:0.9s
tttg: c12/307 lr:0.000997 t:0.9s
tttg: c13/307 lr:0.000996 t:1.0s
tttg: c14/307 lr:0.000996 t:1.1s
tttg: c15/307 lr:0.000995 t:1.2s
tttg: c16/307 lr:0.000994 t:1.2s
tttg: c17/307 lr:0.000993 t:1.3s
tttg: c18/307 lr:0.000992 t:1.4s
tttg: c19/307 lr:0.000991 t:1.5s
tttg: c20/307 lr:0.000991 t:1.6s
tttg: c21/307 lr:0.000989 t:1.6s
tttg: c22/307 lr:0.000988 t:1.7s
tttg: c23/307 lr:0.000987 t:1.8s
tttg: c24/307 lr:0.000986 t:1.9s
tttg: c25/307 lr:0.000985 t:2.0s
tttg: c26/307 lr:0.000984 t:2.0s
tttg: c27/307 lr:0.000982 t:2.1s
tttg: c28/307 lr:0.000981 t:2.2s
tttg: c29/307 lr:0.000979 t:2.3s
tttg: c30/307 lr:0.000978 t:2.3s
tttg: c31/307 lr:0.000976 t:2.4s
tttg: c32/307 lr:0.000975 t:2.5s
tttg: c33/307 lr:0.000973 t:2.6s
tttg: c34/307 lr:0.000972 t:2.7s
tttg: c35/307 lr:0.000970 t:2.7s
tttg: c36/307 lr:0.000968 t:2.8s
tttg: c37/307 lr:0.000966 t:2.9s
tttg: c38/307 lr:0.000964 t:3.0s
tttg: c39/307 lr:0.000962 t:3.1s
tttg: c40/307 lr:0.000960 t:3.1s
tttg: c41/307 lr:0.000958 t:3.2s
tttg: c42/307 lr:0.000956 t:3.3s
tttg: c43/307 lr:0.000954 t:3.4s
tttg: c44/307 lr:0.000952 t:3.4s
tttg: c45/307 lr:0.000950 t:3.5s
tttg: c46/307 lr:0.000948 t:3.6s
tttg: c47/307 lr:0.000945 t:3.7s
tttg: c48/307 lr:0.000943 t:3.8s
tttg: c49/307 lr:0.000941 t:3.9s
tttg: c50/307 lr:0.000938 t:3.9s
tttg: c51/307 lr:0.000936 t:4.0s
tttg: c52/307 lr:0.000933 t:4.1s
tttg: c53/307 lr:0.000930 t:4.2s
tttg: c54/307 lr:0.000928 t:4.2s
tttg: c55/307 lr:0.000925 t:4.3s
tttg: c56/307 lr:0.000922 t:4.4s
tttg: c57/307 lr:0.000920 t:4.5s
tttg: c58/307 lr:0.000917 t:4.6s
tttg: c59/307 lr:0.000914 t:4.6s
tttg: c60/307 lr:0.000911 t:4.7s
tttg: c61/307 lr:0.000908 t:4.8s
tttg: c62/307 lr:0.000905 t:4.9s
tttg: c63/307 lr:0.000902 t:4.9s
tttg: c64/307 lr:0.000899 t:5.0s
tttg: c65/307 lr:0.000896 t:5.1s
tttg: c66/307 lr:0.000893 t:5.2s
tttg: c67/307 lr:0.000890 t:5.3s
tttg: c68/307 lr:0.000886 t:5.3s
tttg: c69/307 lr:0.000883 t:5.4s
tttg: c70/307 lr:0.000880 t:5.5s
tttg: c71/307 lr:0.000876 t:5.6s
tttg: c72/307 lr:0.000873 t:5.7s
tttg: c73/307 lr:0.000870 t:5.8s
tttg: c74/307 lr:0.000866 t:5.8s
tttg: c75/307 lr:0.000863 t:5.9s
tttg: c76/307 lr:0.000859 t:6.0s
tttg: c77/307 lr:0.000855 t:6.1s
tttg: c78/307 lr:0.000852 t:6.1s
tttg: c79/307 lr:0.000848 t:6.2s
tttg: c80/307 lr:0.000844 t:6.3s
tttg: c81/307 lr:0.000841 t:6.4s
tttg: c82/307 lr:0.000837 t:6.5s
tttg: c83/307 lr:0.000833 t:6.5s
tttg: c84/307 lr:0.000829 t:6.6s
tttg: c85/307 lr:0.000825 t:6.7s
tttg: c86/307 lr:0.000821 t:6.8s
tttg: c87/307 lr:0.000817 t:6.8s
tttg: c88/307 lr:0.000813 t:6.9s
tttg: c89/307 lr:0.000809 t:7.0s
tttg: c90/307 lr:0.000805 t:7.1s
tttg: c91/307 lr:0.000801 t:7.2s
tttg: c92/307 lr:0.000797 t:7.2s
tttg: c93/307 lr:0.000793 t:7.3s
tttg: c94/307 lr:0.000789 t:7.4s
tttg: c95/307 lr:0.000785 t:7.5s
tttg: c96/307 lr:0.000780 t:7.6s
tttg: c97/307 lr:0.000776 t:7.6s
tttg: c98/307 lr:0.000772 t:7.7s
tttg: c99/307 lr:0.000768 t:7.8s
tttg: c100/307 lr:0.000763 t:7.9s
tttg: c101/307 lr:0.000759 t:7.9s
tttg: c102/307 lr:0.000754 t:8.0s
tttg: c103/307 lr:0.000750 t:8.1s
tttg: c104/307 lr:0.000746 t:8.2s
tttg: c105/307 lr:0.000741 t:8.3s
tttg: c106/307 lr:0.000737 t:8.3s
tttg: c107/307 lr:0.000732 t:8.4s
tttg: c108/307 lr:0.000727 t:8.5s
tttg: c109/307 lr:0.000723 t:8.6s
tttg: c110/307 lr:0.000718 t:8.6s
tttg: c111/307 lr:0.000714 t:8.7s
tttg: c112/307 lr:0.000709 t:8.8s
tttg: c113/307 lr:0.000704 t:8.9s
tttg: c114/307 lr:0.000700 t:9.0s
tttg: c115/307 lr:0.000695 t:9.0s
tttg: c116/307 lr:0.000690 t:9.1s
tttg: c117/307 lr:0.000685 t:9.2s
tttg: c118/307 lr:0.000681 t:9.3s
tttg: c119/307 lr:0.000676 t:9.4s
tttg: c120/307 lr:0.000671 t:9.5s
tttg: c121/307 lr:0.000666 t:9.5s
tttg: c122/307 lr:0.000661 t:9.6s
tttg: c123/307 lr:0.000656 t:9.7s
tttg: c124/307 lr:0.000652 t:9.8s
tttg: c125/307 lr:0.000647 t:9.8s
tttg: c126/307 lr:0.000642 t:9.9s
tttg: c127/307 lr:0.000637 t:10.0s
tttg: c128/307 lr:0.000632 t:10.1s
tttg: c129/307 lr:0.000627 t:10.2s
tttg: c130/307 lr:0.000622 t:10.2s
tttg: c131/307 lr:0.000617 t:10.3s
tttg: c132/307 lr:0.000612 t:10.4s
tttg: c133/307 lr:0.000607 t:10.5s
tttg: c134/307 lr:0.000602 t:10.6s
tttg: c135/307 lr:0.000597 t:10.6s
tttg: c136/307 lr:0.000592 t:10.7s
tttg: c137/307 lr:0.000587 t:10.8s
tttg: c138/307 lr:0.000582 t:10.9s
tttg: c139/307 lr:0.000577 t:11.0s
tttg: c140/307 lr:0.000572 t:11.0s
tttg: c141/307 lr:0.000567 t:11.1s
tttg: c142/307 lr:0.000561 t:11.2s
tttg: c143/307 lr:0.000556 t:11.3s
tttg: c144/307 lr:0.000551 t:11.4s
tttg: c145/307 lr:0.000546 t:11.4s
tttg: c146/307 lr:0.000541 t:11.5s
tttg: c147/307 lr:0.000536 t:11.6s
tttg: c148/307 lr:0.000531 t:11.7s
tttg: c149/307 lr:0.000526 t:11.8s
tttg: c150/307 lr:0.000521 t:11.8s
tttg: c151/307 lr:0.000515 t:11.9s
tttg: c152/307 lr:0.000510 t:12.0s
tttg: c153/307 lr:0.000505 t:12.1s
tttg: c154/307 lr:0.000500 t:12.2s
tttg: c155/307 lr:0.000495 t:12.2s
tttg: c156/307 lr:0.000490 t:12.3s
tttg: c157/307 lr:0.000485 t:12.4s
tttg: c158/307 lr:0.000479 t:12.5s
tttg: c159/307 lr:0.000474 t:12.6s
tttg: c160/307 lr:0.000469 t:12.6s
tttg: c161/307 lr:0.000464 t:12.7s
tttg: c162/307 lr:0.000459 t:12.8s
tttg: c163/307 lr:0.000454 t:12.9s
tttg: c164/307 lr:0.000449 t:13.0s
tttg: c165/307 lr:0.000444 t:13.0s
tttg: c166/307 lr:0.000439 t:13.1s
tttg: c167/307 lr:0.000433 t:13.2s
tttg: c168/307 lr:0.000428 t:13.3s
tttg: c169/307 lr:0.000423 t:13.3s
tttg: c170/307 lr:0.000418 t:13.4s
tttg: c171/307 lr:0.000413 t:13.5s
tttg: c172/307 lr:0.000408 t:13.6s
tttg: c173/307 lr:0.000403 t:13.7s
tttg: c174/307 lr:0.000398 t:13.8s
tttg: c175/307 lr:0.000393 t:13.8s
tttg: c176/307 lr:0.000388 t:13.9s
tttg: c177/307 lr:0.000383 t:14.0s
tttg: c178/307 lr:0.000378 t:14.1s
tttg: c179/307 lr:0.000373 t:14.2s
tttg: c180/307 lr:0.000368 t:14.2s
tttg: c181/307 lr:0.000363 t:14.3s
tttg: c182/307 lr:0.000358 t:14.4s
tttg: c183/307 lr:0.000353 t:14.5s
tttg: c184/307 lr:0.000348 t:14.5s
tttg: c185/307 lr:0.000344 t:14.6s
tttg: c186/307 lr:0.000339 t:14.7s
tttg: c187/307 lr:0.000334 t:14.8s
tttg: c188/307 lr:0.000329 t:14.9s
tttg: c189/307 lr:0.000324 t:14.9s
tttg: c190/307 lr:0.000319 t:15.0s
tttg: c191/307 lr:0.000315 t:15.1s
tttg: c192/307 lr:0.000310 t:15.2s
tttg: c193/307 lr:0.000305 t:15.2s
tttg: c194/307 lr:0.000300 t:15.3s
tttg: c195/307 lr:0.000296 t:15.4s
tttg: c196/307 lr:0.000291 t:15.5s
tttg: c197/307 lr:0.000286 t:15.6s
tttg: c198/307 lr:0.000282 t:15.6s
tttg: c199/307 lr:0.000277 t:15.7s
tttg: c200/307 lr:0.000273 t:15.8s
tttg: c201/307 lr:0.000268 t:15.9s
tttg: c202/307 lr:0.000263 t:16.0s
tttg: c203/307 lr:0.000259 t:16.0s
tttg: c204/307 lr:0.000254 t:16.1s
tttg: c205/307 lr:0.000250 t:16.2s
tttg: c206/307 lr:0.000246 t:16.3s
tttg: c207/307 lr:0.000241 t:16.4s
tttg: c208/307 lr:0.000237 t:16.4s
tttg: c209/307 lr:0.000232 t:16.5s
tttg: c210/307 lr:0.000228 t:16.6s
tttg: c211/307 lr:0.000224 t:16.7s
tttg: c212/307 lr:0.000220 t:16.7s
tttg: c213/307 lr:0.000215 t:16.8s
tttg: c214/307 lr:0.000211 t:16.9s
tttg: c215/307 lr:0.000207 t:17.0s
tttg: c216/307 lr:0.000203 t:17.1s
tttg: c217/307 lr:0.000199 t:17.1s
tttg: c218/307 lr:0.000195 t:17.2s
tttg: c219/307 lr:0.000191 t:17.3s
tttg: c220/307 lr:0.000187 t:17.4s
tttg: c221/307 lr:0.000183 t:17.4s
tttg: c222/307 lr:0.000179 t:17.5s
tttg: c223/307 lr:0.000175 t:17.6s
tttg: c224/307 lr:0.000171 t:17.7s
tttg: c225/307 lr:0.000167 t:17.8s
tttg: c226/307 lr:0.000163 t:17.8s
tttg: c227/307 lr:0.000159 t:17.9s
tttg: c228/307 lr:0.000156 t:18.0s
tttg: c229/307 lr:0.000152 t:18.1s
tttg: c230/307 lr:0.000148 t:18.2s
tttg: c231/307 lr:0.000145 t:18.2s
tttg: c232/307 lr:0.000141 t:18.3s
tttg: c233/307 lr:0.000137 t:18.4s
tttg: c234/307 lr:0.000134 t:18.5s
tttg: c235/307 lr:0.000130 t:18.5s
tttg: c236/307 lr:0.000127 t:18.6s
tttg: c237/307 lr:0.000124 t:18.7s
tttg: c238/307 lr:0.000120 t:18.8s
tttg: c239/307 lr:0.000117 t:18.9s
tttg: c240/307 lr:0.000114 t:18.9s
tttg: c241/307 lr:0.000110 t:19.0s
tttg: c242/307 lr:0.000107 t:19.1s
tttg: c243/307 lr:0.000104 t:19.2s
tttg: c244/307 lr:0.000101 t:19.3s
tttg: c245/307 lr:0.000098 t:19.3s
tttg: c246/307 lr:0.000095 t:19.4s
tttg: c247/307 lr:0.000092 t:19.5s
tttg: c248/307 lr:0.000089 t:19.6s
tttg: c249/307 lr:0.000086 t:19.7s
tttg: c250/307 lr:0.000083 t:19.7s
tttg: c251/307 lr:0.000080 t:19.8s
tttg: c252/307 lr:0.000078 t:19.9s
tttg: c253/307 lr:0.000075 t:20.0s
tttg: c254/307 lr:0.000072 t:20.0s
tttg: c255/307 lr:0.000070 t:20.1s
tttg: c256/307 lr:0.000067 t:20.2s
tttg: c257/307 lr:0.000064 t:20.3s
tttg: c258/307 lr:0.000062 t:20.4s
tttg: c259/307 lr:0.000059 t:20.4s
tttg: c260/307 lr:0.000057 t:20.5s
tttg: c261/307 lr:0.000055 t:20.6s
tttg: c262/307 lr:0.000052 t:20.7s
tttg: c263/307 lr:0.000050 t:20.7s
tttg: c264/307 lr:0.000048 t:20.8s
tttg: c265/307 lr:0.000046 t:20.9s
tttg: c266/307 lr:0.000044 t:21.0s
tttg: c267/307 lr:0.000042 t:21.1s
tttg: c268/307 lr:0.000040 t:21.1s
tttg: c269/307 lr:0.000038 t:21.2s
tttg: c270/307 lr:0.000036 t:21.3s
tttg: c271/307 lr:0.000034 t:21.4s
tttg: c272/307 lr:0.000032 t:21.4s
tttg: c273/307 lr:0.000030 t:21.5s
tttg: c274/307 lr:0.000028 t:21.6s
tttg: c275/307 lr:0.000027 t:21.7s
tttg: c276/307 lr:0.000025 t:21.8s
tttg: c277/307 lr:0.000024 t:21.8s
tttg: c278/307 lr:0.000022 t:21.9s
tttg: c279/307 lr:0.000021 t:22.0s
tttg: c280/307 lr:0.000019 t:22.1s
tttg: c281/307 lr:0.000018 t:22.1s
tttg: c282/307 lr:0.000016 t:22.2s
tttg: c283/307 lr:0.000015 t:22.3s
tttg: c284/307 lr:0.000014 t:22.4s
tttg: c285/307 lr:0.000013 t:22.5s
tttg: c286/307 lr:0.000012 t:22.5s
tttg: c287/307 lr:0.000011 t:22.6s
tttg: c288/307 lr:0.000009 t:22.7s
tttg: c289/307 lr:0.000009 t:22.8s
tttg: c290/307 lr:0.000008 t:22.9s
tttg: c291/307 lr:0.000007 t:22.9s
tttg: c292/307 lr:0.000006 t:23.0s
tttg: c293/307 lr:0.000005 t:23.1s
tttg: c294/307 lr:0.000004 t:23.2s
tttg: c295/307 lr:0.000004 t:23.3s
tttg: c296/307 lr:0.000003 t:23.3s
tttg: c297/307 lr:0.000003 t:23.4s
tttg: c298/307 lr:0.000002 t:23.5s
tttg: c299/307 lr:0.000002 t:23.6s
tttg: c300/307 lr:0.000001 t:23.6s
tttg: c301/307 lr:0.000001 t:23.7s
tttg: c302/307 lr:0.000001 t:23.8s
tttg: c303/307 lr:0.000000 t:23.9s
tttg: c304/307 lr:0.000000 t:24.0s
tttg: c305/307 lr:0.000000 t:24.1s
tttg: c306/307 lr:0.000000 t:24.1s
ttpr: phase:2/2 t:315.8s
ttp: b725/782 bl:2.3210 bb:1.0441 rl:2.3154 rb:1.0682 dl:2232-2254 gd:1
ttp: b722/782 bl:2.3482 bb:1.0523 rl:2.3172 rb:1.0673 dl:2163-2185 gd:1
ttp: b713/782 bl:2.2522 bb:1.0121 rl:2.3141 rb:1.0646 dl:2002-2017 gd:1
ttp: b706/782 bl:2.3995 bb:1.0731 rl:2.3178 rb:1.0650 dl:1898-1910 gd:1
ttp: b696/782 bl:2.3091 bb:1.0516 rl:2.3175 rb:1.0644 dl:1779-1790 gd:1
ttp: b686/782 bl:2.4404 bb:1.0743 rl:2.3218 rb:1.0648 dl:1675-1685 gd:1
ttp: b679/782 bl:2.3014 bb:1.0567 rl:2.3211 rb:1.0645 dl:1610-1618 gd:1
ttp: b675/782 bl:2.3601 bb:1.0555 rl:2.3224 rb:1.0642 dl:1578-1586 gd:1
ttp: b663/782 bl:2.3230 bb:1.0391 rl:2.3224 rb:1.0635 dl:1486-1493 gd:1
ttp: b655/782 bl:2.3787 bb:1.0433 rl:2.3239 rb:1.0629 dl:1432-1439 gd:1
ttp: b644/782 bl:2.3634 bb:1.0493 rl:2.3249 rb:1.0626 dl:1362-1367 gd:1
ttp: b636/782 bl:2.3816 bb:1.0674 rl:2.3262 rb:1.0627 dl:1314-1320 gd:1
ttp: b628/782 bl:2.3179 bb:1.0284 rl:2.3260 rb:1.0619 dl:1271-1276 gd:1
ttp: b620/782 bl:2.3427 bb:1.0552 rl:2.3263 rb:1.0618 dl:1226-1231 gd:1
ttp: b612/782 bl:2.2339 bb:1.0121 rl:2.3245 rb:1.0608 dl:1186-1190 gd:1
ttp: b604/782 bl:2.3812 bb:1.0452 rl:2.3256 rb:1.0605 dl:1150-1154 gd:1
ttp: b596/782 bl:2.2897 bb:1.0468 rl:2.3249 rb:1.0602 dl:1115-1119 gd:1
ttp: b588/782 bl:2.3166 bb:1.0426 rl:2.3248 rb:1.0599 dl:1081-1086 gd:1
ttp: b580/782 bl:2.3092 bb:1.0131 rl:2.3245 rb:1.0591 dl:1048-1052 gd:1
ttp: b572/782 bl:2.3098 bb:1.0389 rl:2.3243 rb:1.0588 dl:1017-1021 gd:1
ttp: b565/782 bl:2.3842 bb:1.0329 rl:2.3252 rb:1.0584 dl:993-997 gd:1
ttp: b557/782 bl:2.3399 bb:1.0511 rl:2.3254 rb:1.0583 dl:965-968 gd:1
ttp: b549/782 bl:2.2570 bb:1.0204 rl:2.3245 rb:1.0578 dl:939-943 gd:1
ttp: b541/782 bl:2.3256 bb:1.0319 rl:2.3245 rb:1.0574 dl:915-918 gd:1
ttp: b533/782 bl:2.3699 bb:1.0661 rl:2.3251 rb:1.0575 dl:890-892 gd:1
ttp: b526/782 bl:2.3202 bb:1.0226 rl:2.3250 rb:1.0571 dl:869-872 gd:1
ttp: b518/782 bl:2.2383 bb:1.0075 rl:2.3240 rb:1.0565 dl:846-850 gd:1
ttp: b510/782 bl:2.3809 bb:1.0726 rl:2.3246 rb:1.0567 dl:823-826 gd:1
ttp: b500/782 bl:2.3256 bb:1.0644 rl:2.3246 rb:1.0568 dl:796-799 gd:1
ttp: b491/782 bl:2.2763 bb:1.0267 rl:2.3241 rb:1.0565 dl:773-776 gd:1
ttp: b483/782 bl:2.2511 bb:1.0271 rl:2.3234 rb:1.0562 dl:754-756 gd:1
ttp: b475/782 bl:2.3590 bb:1.0527 rl:2.3238 rb:1.0561 dl:735-737 gd:1
ttp: b467/782 bl:2.3518 bb:1.0541 rl:2.3240 rb:1.0561 dl:717-719 gd:1
ttp: b459/782 bl:2.2814 bb:1.0445 rl:2.3236 rb:1.0560 dl:700-701 gd:1
ttp: b450/782 bl:2.3567 bb:1.0331 rl:2.3239 rb:1.0558 dl:680-682 gd:1
ttp: b441/782 bl:2.3400 bb:1.0434 rl:2.3241 rb:1.0557 dl:662-664 gd:1
ttp: b435/782 bl:2.3111 bb:1.0208 rl:2.3239 rb:1.0554 dl:648-651 gd:1
ttp: b428/782 bl:2.3046 bb:1.0501 rl:2.3238 rb:1.0554 dl:636-638 gd:1
ttp: b418/782 bl:2.2760 bb:1.0334 rl:2.3234 rb:1.0552 dl:617-618 gd:1
ttp: b411/782 bl:2.3522 bb:1.0557 rl:2.3236 rb:1.0552 dl:603-605 gd:1
ttp: b404/782 bl:2.3658 bb:1.0595 rl:2.3239 rb:1.0552 dl:590-592 gd:1
ttp: b395/782 bl:2.2693 bb:1.0511 rl:2.3236 rb:1.0552 dl:573-575 gd:1
ttp: b391/782 bl:2.3095 bb:1.0638 rl:2.3235 rb:1.0553 dl:566-568 gd:1
ttp: b384/782 bl:2.3393 bb:1.0523 rl:2.3236 rb:1.0552 dl:554-555 gd:1
ttp: b376/782 bl:2.3219 bb:1.0413 rl:2.3236 rb:1.0552 dl:540-542 gd:1
ttp: b366/782 bl:2.3311 bb:1.0679 rl:2.3236 rb:1.0552 dl:524-525 gd:1
ttp: b358/782 bl:2.4057 bb:1.0797 rl:2.3241 rb:1.0554 dl:510-512 gd:1
ttp: b350/782 bl:2.3266 bb:1.0574 rl:2.3241 rb:1.0554 dl:497-498 gd:1
ttp: b341/782 bl:2.2951 bb:1.0750 rl:2.3240 rb:1.0555 dl:483-485 gd:1
ttp: b333/782 bl:2.4307 bb:1.0819 rl:2.3245 rb:1.0556 dl:471-472 gd:1
ttp: b325/782 bl:2.3482 bb:1.0801 rl:2.3247 rb:1.0558 dl:459-461 gd:1
ttp: b317/782 bl:2.2980 bb:1.0441 rl:2.3245 rb:1.0557 dl:446-448 gd:1
ttp: b309/782 bl:2.4115 bb:1.1065 rl:2.3250 rb:1.0560 dl:435-437 gd:1
ttp: b301/782 bl:2.3492 bb:1.0906 rl:2.3251 rb:1.0561 dl:422-424 gd:1
ttp: b293/782 bl:2.4292 bb:1.0953 rl:2.3256 rb:1.0563 dl:410-412 gd:1
ttp: b285/782 bl:2.3697 bb:1.0796 rl:2.3258 rb:1.0564 dl:399-400 gd:1
ttp: b277/782 bl:2.2653 bb:1.0668 rl:2.3255 rb:1.0565 dl:388-389 gd:1
ttp: b268/782 bl:2.3606 bb:1.0785 rl:2.3256 rb:1.0565 dl:376-378 gd:1
ttp: b260/782 bl:2.3790 bb:1.0839 rl:2.3259 rb:1.0567 dl:366-367 gd:1
ttp: b252/782 bl:2.3810 bb:1.0672 rl:2.3261 rb:1.0567 dl:356-357 gd:1
ttp: b244/782 bl:2.3286 bb:1.1081 rl:2.3261 rb:1.0569 dl:346-347 gd:1
ttp: b236/782 bl:2.3267 bb:1.0708 rl:2.3261 rb:1.0569 dl:336-337 gd:1
ttp: b230/782 bl:2.4566 bb:1.1527 rl:2.3266 rb:1.0573 dl:329-330 gd:1
ttp: b222/782 bl:2.3754 bb:1.1103 rl:2.3267 rb:1.0574 dl:320-321 gd:1
ttp: b214/782 bl:2.3319 bb:1.1158 rl:2.3267 rb:1.0576 dl:310-312 gd:1
ttp: b206/782 bl:2.3971 bb:1.1028 rl:2.3270 rb:1.0578 dl:302-303 gd:1
ttp: b197/782 bl:2.3629 bb:1.1170 rl:2.3271 rb:1.0580 dl:292-294 gd:1
ttp: b189/782 bl:2.4105 bb:1.1373 rl:2.3273 rb:1.0582 dl:283-284 gd:1
ttp: b180/782 bl:2.4236 bb:1.1104 rl:2.3276 rb:1.0583 dl:274-275 gd:1
ttp: b172/782 bl:2.5162 bb:1.1536 rl:2.3282 rb:1.0586 dl:266-267 gd:1
ttp: b165/782 bl:2.3486 bb:1.1153 rl:2.3282 rb:1.0588 dl:260-260 gd:1
ttp: b156/782 bl:2.3104 bb:1.1536 rl:2.3282 rb:1.0590 dl:251-252 gd:1
ttp: b148/782 bl:2.3316 bb:1.1032 rl:2.3282 rb:1.0591 dl:243-244 gd:1
ttp: b140/782 bl:2.4284 bb:1.1338 rl:2.3284 rb:1.0593 dl:235-236 gd:1
ttp: b132/782 bl:2.4258 bb:1.1520 rl:2.3287 rb:1.0595 dl:228-229 gd:1
ttp: b125/782 bl:2.4724 bb:1.1391 rl:2.3290 rb:1.0597 dl:222-222 gd:1
ttp: b116/782 bl:2.4770 bb:1.1247 rl:2.3293 rb:1.0598 dl:213-214 gd:1
ttp: b107/782 bl:2.4295 bb:1.1635 rl:2.3295 rb:1.0600 dl:205-206 gd:1
ttp: b99/782 bl:2.4873 bb:1.1714 rl:2.3299 rb:1.0603 dl:198-199 gd:1
ttp: b91/782 bl:2.4568 bb:1.1515 rl:2.3301 rb:1.0604 dl:190-191 gd:1
ttp: b82/782 bl:2.4957 bb:1.1879 rl:2.3304 rb:1.0607 dl:183-183 gd:1
ttp: b73/782 bl:2.5231 bb:1.2384 rl:2.3308 rb:1.0610 dl:174-175 gd:1
ttp: b66/782 bl:2.6419 bb:1.2363 rl:2.3313 rb:1.0613 dl:169-169 gd:1
ttp: b56/782 bl:2.5411 bb:1.2180 rl:2.3317 rb:1.0615 dl:159-160 gd:1
ttp: b48/782 bl:2.5167 bb:1.2134 rl:2.3320 rb:1.0617 dl:151-152 gd:1
ttp: b41/782 bl:2.5386 bb:1.2171 rl:2.3323 rb:1.0620 dl:144-145 gd:1
ttp: b36/782 bl:2.5335 bb:1.2225 rl:2.3326 rb:1.0622 dl:139-140 gd:1
ttp: b28/782 bl:2.6158 bb:1.2132 rl:2.3329 rb:1.0624 dl:131-132 gd:1
ttp: b20/782 bl:2.5858 bb:1.2382 rl:2.3333 rb:1.0626 dl:122-123 gd:1
ttp: b11/782 bl:2.6320 bb:1.2170 rl:2.3336 rb:1.0628 dl:109-110 gd:1
ttp: b3/782 bl:2.6579 bb:1.1841 rl:2.3339 rb:1.0629 dl:89-93 gd:1
quantized_ttt_phased val_loss:2.31906228 val_bpb:1.05972096 eval_time:399057ms
total_eval_time:399.1s
