W0430 08:13:07.914000 665212 torch/distributed/run.py:803] 
W0430 08:13:07.914000 665212 torch/distributed/run.py:803] *****************************************
W0430 08:13:07.914000 665212 torch/distributed/run.py:803] Setting OMP_NUM_THREADS environment variable for each process to be 1 in default, to avoid your system being overloaded, please further tune the variable for optimal performance in your application as needed. 
W0430 08:13:07.914000 665212 torch/distributed/run.py:803] *****************************************
Hyperparameters:
  adam_eps: 1e-08
  adam_wd: 0.02
  artifact_dir: 
  attn_clip_sigmas: 13.0
  attn_out_gate_enabled: False
  attn_out_gate_src: proj
  beta1: 0.9
  beta2: 0.99
  caseops_enabled: True
  compressor: brotli
  data_dir: ./data
  datasets_dir: ./data/datasets/fineweb10B_sp8192_caseops/datasets/datasets/fineweb10B_sp8192_lossless_caps_caseops_v1_reserved
  distributed: True
  ema_decay: 0.9965
  embed_bits: 7
  embed_clip_sigmas: 14.0
  embed_lr: 0.6
  embed_wd: 0.085
  enable_looping_at: 0.35
  eval_seq_len: 2560
  eval_stride: 64
  fused_ce_enabled: True
  gate_window: 12
  gated_attn_enabled: False
  gated_attn_init_std: 0.01
  gated_attn_quant_gate: False
  global_ttt_batch_seqs: 32
  global_ttt_chunk_tokens: 32768
  global_ttt_epochs: 1
  global_ttt_grad_clip: 1.0
  global_ttt_lr: 0.001
  global_ttt_momentum: 0.9
  global_ttt_muon_nesterov: True
  global_ttt_muon_ns_steps: 5
  global_ttt_optimizer: sgd
  global_ttt_respect_doc_boundaries: True
  global_ttt_warmup_chunks: 0
  global_ttt_warmup_start_lr: 0.0
  gptq_calibration_batches: 32
  gptq_reserve_seconds: 8.0
  grad_accum_steps: 1
  grad_clip_norm: 0.3
  is_main_process: True
  iterations: 20000
  ln_scale: True
  local_rank: 0
  logfile: logs/1d18b563-808c-40b2-a502-92fd2fbc1c54.txt
  logit_softcap: 30.0
  loop_end: 5
  loop_start: 3
  lqer_asym_enabled: True
  lqer_asym_group: 64
  lqer_enabled: True
  lqer_factor_bits: 4
  lqer_rank: 4
  lqer_top_k: 3
  matrix_bits: 6
  matrix_clip_sigmas: 12.85
  matrix_lr: 0.026
  max_wallclock_seconds: 600.0
  min_lr: 0.1
  mlp_clip_sigmas: 11.5
  mlp_mult: 4.0
  model_dim: 512
  model_path: final_model.pt
  muon_backend_steps: 5
  muon_huber_delta: 0.1
  muon_huber_wd: False
  muon_momentum: 0.97
  muon_momentum_warmup_start: 0.92
  muon_momentum_warmup_steps: 1500
  muon_row_normalize: True
  muon_wd: 0.095
  num_heads: 8
  num_kv_heads: 4
  num_layers: 11
  num_loops: 2
  optrot_enabled: False
  parallel_final_lane: mean
  parallel_start_layer: 8
  phased_ttt_num_phases: 2
  phased_ttt_prefix_docs: 2500
  qk_gain_init: 5.0
  qk_gain_schedule: []
  quantized_model_path: final_model.int6.ptz
  rank: 0
  rope_base: 10000.0
  rope_dims: 16
  rope_train_seq_len: 2048
  rope_yarn: False
  run_id: 1d18b563-808c-40b2-a502-92fd2fbc1c54
  scalar_lr: 0.02
  seed: 314
  skip_gates_enabled: True
  smear_gate_enabled: True
  sparse_attn_gate_enabled: True
  sparse_attn_gate_init_std: 0.0
  sparse_attn_gate_scale: 0.5
  tie_embeddings: True
  tied_embed_init_std: 0.005
  tied_embed_lr: 0.03
  tokenizer_path: ./data/datasets/fineweb10B_sp8192_caseops/datasets/tokenizers/fineweb_8192_bpe_lossless_caps_caseops_v1_reserved.model
  train_batch_tokens: 786432
  train_files: ./data/datasets/fineweb10B_sp8192_caseops/datasets/datasets/fineweb10B_sp8192_lossless_caps_caseops_v1_reserved/fineweb_train_*.bin
  train_log_every: 500
  train_seq_len: 2048
  ttt_batch_size: 64
  ttt_beta1: 0.0
  ttt_beta2: 0.99
  ttt_chunk_size: 48
  ttt_enabled: True
  ttt_eval_batches: 
  ttt_eval_seq_len: 2560
  ttt_grad_steps: 1
  ttt_k_lora: False
  ttt_lora_lr: 7.5e-05
  ttt_lora_rank: 80
  ttt_mlp_lora: True
  ttt_o_lora: True
  ttt_optimizer: adam
  ttt_weight_decay: 2.0
  val_batch_tokens: 524288
  val_bytes_files: ./data/datasets/fineweb10B_sp8192_caseops/datasets/datasets/fineweb10B_sp8192_lossless_caps_caseops_v1_reserved/fineweb_val_bytes_*.bin
  val_doc_fraction: 1.0
  val_files: ./data/datasets/fineweb10B_sp8192_caseops/datasets/datasets/fineweb10B_sp8192_lossless_caps_caseops_v1_reserved/fineweb_val_*.bin
  val_loss_every: 4000
  vocab_size: 8192
  warmdown_frac: 0.85
  warmup_steps: 20
  world_size: 8
  xsa_last_n: 11
train_shards: 1499
val_tokens: 47851520
model_params:35945671
gptq:reserving 8s, effective=592000ms
warmup_cu_buckets:64,128,192,256 iters_each:3
warmup_step: 1/20
warmup_step: 2/20
warmup_step: 3/20
warmup_step: 4/20
warmup_step: 5/20
warmup_step: 6/20
warmup_step: 10/20
warmup_step: 20/20
loop_warmup:enabled encoder:[0, 1, 2, 3, 4, 5, 3, 4] decoder:[5, 3, 4, 5, 6, 7, 8, 9, 10]
loop_warmup_step: 1/20
loop_warmup_step: 2/20
loop_warmup_step: 3/20
loop_warmup_step: 4/20
loop_warmup_step: 5/20
loop_warmup_step: 6/20
loop_warmup_step: 10/20
loop_warmup_step: 20/20
0/20000 val_loss: 8.9980 val_bpb: 4.1114
1/20000 train_loss: 8.9988 train_time: 0.0m tok/s: 12514740
2/20000 train_loss: 12.8555 train_time: 0.0m tok/s: 11673533
3/20000 train_loss: 10.2252 train_time: 0.0m tok/s: 10405811
4/20000 train_loss: 8.6692 train_time: 0.0m tok/s: 9862217
5/20000 train_loss: 7.9021 train_time: 0.0m tok/s: 9559528
500/20000 train_loss: 2.7296 train_time: 0.8m tok/s: 8437094
1000/20000 train_loss: 2.7847 train_time: 1.6m tok/s: 8410998
1500/20000 train_loss: 2.7172 train_time: 2.3m tok/s: 8403676
2000/20000 train_loss: 2.4905 train_time: 3.1m tok/s: 8403099
layer_loop:enabled step:2214 frac:0.350 encoder:[0, 1, 2, 3, 4, 5, 3, 4] decoder:[5, 3, 4, 5, 6, 7, 8, 9, 10]
2500/20000 train_loss: 2.6709 train_time: 4.1m tok/s: 7965119
3000/20000 train_loss: 2.4828 train_time: 5.3m tok/s: 7437699
3500/20000 train_loss: 2.3608 train_time: 6.5m tok/s: 7045596
4000/20000 train_loss: 2.5025 train_time: 7.7m tok/s: 6841657
4000/20000 val_loss: 2.4180 val_bpb: 1.1048
4500/20000 train_loss: 2.3859 train_time: 8.8m tok/s: 6691044
4956/20000 val_loss: 2.3469 val_bpb: 1.0723
stopping_early: wallclock_cap train_time: 592042ms step: 4956/20000
peak memory allocated: 41709 MiB reserved: 46930 MiB
ema:applying EMA weights
diagnostic pre-quantization post-ema val_loss:2.32156793 val_bpb:1.06077349 eval_time:10983ms
Serialized model: 135417533 bytes
Code size (uncompressed): 167610 bytes
Code size (compressed): 33230 bytes
GPTQ:collecting Hessians from calibration data...
GPTQ:collected 67 Hessians in 6.6s
Quantized weights:
  gptq (int6): blocks.attn.c_k.weight, blocks.attn.c_q.weight, blocks.attn.c_v.weight, blocks.attn.proj.weight, blocks.mlp.fc.weight, blocks.mlp.proj.weight
  gptq (int6)+lqer_asym: blocks.mlp.fc.weight
  gptq (int7)+lqer_asym: tok_emb.weight
  passthrough (float16): blocks.attn.attn_gate_w, blocks.attn.q_gain, blocks.attn_scale, blocks.mlp_scale, blocks.resid_mix, parallel_post_lambdas, parallel_resid_lambdas, skip_gates, skip_weights, smear_gate.weight, smear_lambda
Serialized model quantized+brotli: 16108325 bytes
Total submission size quantized+brotli: 16141555 bytes
diagnostic quantized val_loss:2.34017320 val_bpb:1.06927464 eval_time:12375ms
ttt_lora:warming up compile (random tokens, no val data)
ttt_lora:compile warmup done (147.2s)

beginning TTT eval timer
ttt_phased: total_docs:50000 prefix_docs:2500 suffix_docs:47500 num_phases:2 boundaries:[1250, 2500]
ttp: b782/782 bl:2.1379 bb:1.0124 rl:2.1379 rb:1.0124 dl:30339-97114 gd:0
ttpp: phase:1/2 pd:1680 gd:1250 t:232.0s
tttg: c1/181 lr:0.001000 t:0.3s
tttg: c2/181 lr:0.001000 t:0.4s
tttg: c3/181 lr:0.001000 t:0.5s
tttg: c4/181 lr:0.000999 t:0.6s
tttg: c5/181 lr:0.000999 t:0.7s
tttg: c6/181 lr:0.000998 t:0.7s
tttg: c7/181 lr:0.000997 t:0.8s
tttg: c8/181 lr:0.000996 t:0.9s
tttg: c9/181 lr:0.000995 t:1.0s
tttg: c10/181 lr:0.000994 t:1.1s
tttg: c11/181 lr:0.000992 t:1.1s
tttg: c12/181 lr:0.000991 t:1.2s
tttg: c13/181 lr:0.000989 t:1.3s
tttg: c14/181 lr:0.000987 t:1.4s
tttg: c15/181 lr:0.000985 t:1.5s
tttg: c16/181 lr:0.000983 t:1.5s
tttg: c17/181 lr:0.000981 t:1.6s
tttg: c18/181 lr:0.000978 t:1.7s
tttg: c19/181 lr:0.000976 t:1.8s
tttg: c20/181 lr:0.000973 t:1.9s
tttg: c21/181 lr:0.000970 t:2.0s
tttg: c22/181 lr:0.000967 t:2.0s
tttg: c23/181 lr:0.000964 t:2.1s
tttg: c24/181 lr:0.000960 t:2.2s
tttg: c25/181 lr:0.000957 t:2.3s
tttg: c26/181 lr:0.000953 t:2.4s
tttg: c27/181 lr:0.000949 t:2.4s
tttg: c28/181 lr:0.000946 t:2.5s
tttg: c29/181 lr:0.000941 t:2.6s
tttg: c30/181 lr:0.000937 t:2.7s
tttg: c31/181 lr:0.000933 t:2.8s
tttg: c32/181 lr:0.000929 t:2.9s
tttg: c33/181 lr:0.000924 t:2.9s
tttg: c34/181 lr:0.000919 t:3.0s
tttg: c35/181 lr:0.000915 t:3.1s
tttg: c36/181 lr:0.000910 t:3.2s
tttg: c37/181 lr:0.000905 t:3.2s
tttg: c38/181 lr:0.000899 t:3.3s
tttg: c39/181 lr:0.000894 t:3.4s
tttg: c40/181 lr:0.000889 t:3.5s
tttg: c41/181 lr:0.000883 t:3.6s
tttg: c42/181 lr:0.000877 t:3.6s
tttg: c43/181 lr:0.000872 t:3.7s
tttg: c44/181 lr:0.000866 t:3.8s
tttg: c45/181 lr:0.000860 t:3.9s
tttg: c46/181 lr:0.000854 t:4.0s
tttg: c47/181 lr:0.000847 t:4.0s
tttg: c48/181 lr:0.000841 t:4.1s
tttg: c49/181 lr:0.000835 t:4.2s
tttg: c50/181 lr:0.000828 t:4.3s
tttg: c51/181 lr:0.000821 t:4.4s
tttg: c52/181 lr:0.000815 t:4.4s
tttg: c53/181 lr:0.000808 t:4.5s
tttg: c54/181 lr:0.000801 t:4.6s
tttg: c55/181 lr:0.000794 t:4.7s
tttg: c56/181 lr:0.000787 t:4.7s
tttg: c57/181 lr:0.000780 t:4.8s
tttg: c58/181 lr:0.000772 t:4.9s
tttg: c59/181 lr:0.000765 t:5.0s
tttg: c60/181 lr:0.000758 t:5.1s
tttg: c61/181 lr:0.000750 t:5.1s
tttg: c62/181 lr:0.000742 t:5.2s
tttg: c63/181 lr:0.000735 t:5.3s
tttg: c64/181 lr:0.000727 t:5.4s
tttg: c65/181 lr:0.000719 t:5.5s
tttg: c66/181 lr:0.000711 t:5.5s
tttg: c67/181 lr:0.000703 t:5.6s
tttg: c68/181 lr:0.000695 t:5.7s
tttg: c69/181 lr:0.000687 t:5.8s
tttg: c70/181 lr:0.000679 t:5.9s
tttg: c71/181 lr:0.000671 t:5.9s
tttg: c72/181 lr:0.000663 t:6.0s
tttg: c73/181 lr:0.000655 t:6.1s
tttg: c74/181 lr:0.000646 t:6.2s
tttg: c75/181 lr:0.000638 t:6.3s
tttg: c76/181 lr:0.000629 t:6.3s
tttg: c77/181 lr:0.000621 t:6.4s
tttg: c78/181 lr:0.000612 t:6.5s
tttg: c79/181 lr:0.000604 t:6.6s
tttg: c80/181 lr:0.000595 t:6.7s
tttg: c81/181 lr:0.000587 t:6.7s
tttg: c82/181 lr:0.000578 t:6.8s
tttg: c83/181 lr:0.000570 t:6.9s
tttg: c84/181 lr:0.000561 t:7.0s
tttg: c85/181 lr:0.000552 t:7.1s
tttg: c86/181 lr:0.000544 t:7.1s
tttg: c87/181 lr:0.000535 t:7.2s
tttg: c88/181 lr:0.000526 t:7.3s
tttg: c89/181 lr:0.000517 t:7.4s
tttg: c90/181 lr:0.000509 t:7.5s
tttg: c91/181 lr:0.000500 t:7.5s
tttg: c92/181 lr:0.000491 t:7.6s
tttg: c93/181 lr:0.000483 t:7.7s
tttg: c94/181 lr:0.000474 t:7.8s
tttg: c95/181 lr:0.000465 t:7.9s
tttg: c96/181 lr:0.000456 t:7.9s
tttg: c97/181 lr:0.000448 t:8.0s
tttg: c98/181 lr:0.000439 t:8.1s
tttg: c99/181 lr:0.000430 t:8.2s
tttg: c100/181 lr:0.000422 t:8.3s
tttg: c101/181 lr:0.000413 t:8.3s
tttg: c102/181 lr:0.000405 t:8.4s
tttg: c103/181 lr:0.000396 t:8.5s
tttg: c104/181 lr:0.000388 t:8.6s
tttg: c105/181 lr:0.000379 t:8.7s
tttg: c106/181 lr:0.000371 t:8.7s
tttg: c107/181 lr:0.000362 t:8.8s
tttg: c108/181 lr:0.000354 t:8.9s
tttg: c109/181 lr:0.000345 t:9.0s
tttg: c110/181 lr:0.000337 t:9.0s
tttg: c111/181 lr:0.000329 t:9.1s
tttg: c112/181 lr:0.000321 t:9.2s
tttg: c113/181 lr:0.000313 t:9.3s
tttg: c114/181 lr:0.000305 t:9.4s
tttg: c115/181 lr:0.000297 t:9.5s
tttg: c116/181 lr:0.000289 t:9.5s
tttg: c117/181 lr:0.000281 t:9.6s
tttg: c118/181 lr:0.000273 t:9.7s
tttg: c119/181 lr:0.000265 t:9.8s
tttg: c120/181 lr:0.000258 t:9.8s
tttg: c121/181 lr:0.000250 t:9.9s
tttg: c122/181 lr:0.000242 t:10.0s
tttg: c123/181 lr:0.000235 t:10.1s
tttg: c124/181 lr:0.000228 t:10.2s
tttg: c125/181 lr:0.000220 t:10.2s
tttg: c126/181 lr:0.000213 t:10.3s
tttg: c127/181 lr:0.000206 t:10.4s
tttg: c128/181 lr:0.000199 t:10.5s
tttg: c129/181 lr:0.000192 t:10.6s
tttg: c130/181 lr:0.000185 t:10.6s
tttg: c131/181 lr:0.000179 t:10.7s
tttg: c132/181 lr:0.000172 t:10.8s
tttg: c133/181 lr:0.000165 t:10.9s
tttg: c134/181 lr:0.000159 t:11.0s
tttg: c135/181 lr:0.000153 t:11.0s
tttg: c136/181 lr:0.000146 t:11.1s
tttg: c137/181 lr:0.000140 t:11.2s
tttg: c138/181 lr:0.000134 t:11.3s
tttg: c139/181 lr:0.000128 t:11.3s
tttg: c140/181 lr:0.000123 t:11.4s
tttg: c141/181 lr:0.000117 t:11.5s
tttg: c142/181 lr:0.000111 t:11.6s
tttg: c143/181 lr:0.000106 t:11.7s
tttg: c144/181 lr:0.000101 t:11.7s
tttg: c145/181 lr:0.000095 t:11.8s
tttg: c146/181 lr:0.000090 t:11.9s
tttg: c147/181 lr:0.000085 t:12.0s
tttg: c148/181 lr:0.000081 t:12.0s
tttg: c149/181 lr:0.000076 t:12.1s
tttg: c150/181 lr:0.000071 t:12.2s
tttg: c151/181 lr:0.000067 t:12.3s
tttg: c152/181 lr:0.000063 t:12.4s
tttg: c153/181 lr:0.000059 t:12.5s
tttg: c154/181 lr:0.000054 t:12.6s
tttg: c155/181 lr:0.000051 t:12.6s
tttg: c156/181 lr:0.000047 t:12.7s
tttg: c157/181 lr:0.000043 t:12.8s
tttg: c158/181 lr:0.000040 t:12.9s
tttg: c159/181 lr:0.000036 t:13.0s
tttg: c160/181 lr:0.000033 t:13.1s
tttg: c161/181 lr:0.000030 t:13.1s
tttg: c162/181 lr:0.000027 t:13.2s
tttg: c163/181 lr:0.000024 t:13.3s
tttg: c164/181 lr:0.000022 t:13.4s
tttg: c165/181 lr:0.000019 t:13.4s
tttg: c166/181 lr:0.000017 t:13.5s
tttg: c167/181 lr:0.000015 t:13.6s
tttg: c168/181 lr:0.000013 t:13.7s
tttg: c169/181 lr:0.000011 t:13.8s
tttg: c170/181 lr:0.000009 t:13.8s
tttg: c171/181 lr:0.000008 t:13.9s
tttg: c172/181 lr:0.000006 t:14.0s
tttg: c173/181 lr:0.000005 t:14.1s
tttg: c174/181 lr:0.000004 t:14.2s
tttg: c175/181 lr:0.000003 t:14.2s
tttg: c176/181 lr:0.000002 t:14.3s
tttg: c177/181 lr:0.000001 t:14.4s
tttg: c178/181 lr:0.000001 t:14.5s
tttg: c179/181 lr:0.000000 t:14.6s
tttg: c180/181 lr:0.000000 t:14.6s
ttpr: phase:1/2 t:248.1s
ttp: b752/782 bl:2.3276 bb:1.0700 rl:2.1775 rb:1.0247 dl:3222-3283 gd:0
ttpp: phase:2/2 pd:2960 gd:2500 t:352.5s
tttg: c1/289 lr:0.001000 t:0.1s
tttg: c2/289 lr:0.001000 t:0.2s
tttg: c3/289 lr:0.001000 t:0.3s
tttg: c4/289 lr:0.001000 t:0.3s
tttg: c5/289 lr:0.001000 t:0.4s
tttg: c6/289 lr:0.000999 t:0.5s
tttg: c7/289 lr:0.000999 t:0.6s
tttg: c8/289 lr:0.000999 t:0.7s
tttg: c9/289 lr:0.000998 t:0.7s
tttg: c10/289 lr:0.000998 t:0.8s
tttg: c11/289 lr:0.000997 t:0.9s
tttg: c12/289 lr:0.000996 t:1.0s
tttg: c13/289 lr:0.000996 t:1.1s
tttg: c14/289 lr:0.000995 t:1.1s
tttg: c15/289 lr:0.000994 t:1.2s
tttg: c16/289 lr:0.000993 t:1.3s
tttg: c17/289 lr:0.000992 t:1.4s
tttg: c18/289 lr:0.000991 t:1.4s
tttg: c19/289 lr:0.000990 t:1.5s
tttg: c20/289 lr:0.000989 t:1.6s
tttg: c21/289 lr:0.000988 t:1.7s
tttg: c22/289 lr:0.000987 t:1.8s
tttg: c23/289 lr:0.000986 t:1.8s
tttg: c24/289 lr:0.000984 t:1.9s
tttg: c25/289 lr:0.000983 t:2.0s
tttg: c26/289 lr:0.000982 t:2.1s
tttg: c27/289 lr:0.000980 t:2.2s
tttg: c28/289 lr:0.000978 t:2.2s
tttg: c29/289 lr:0.000977 t:2.3s
tttg: c30/289 lr:0.000975 t:2.4s
tttg: c31/289 lr:0.000973 t:2.5s
tttg: c32/289 lr:0.000972 t:2.6s
tttg: c33/289 lr:0.000970 t:2.6s
tttg: c34/289 lr:0.000968 t:2.7s
tttg: c35/289 lr:0.000966 t:2.8s
tttg: c36/289 lr:0.000964 t:2.9s
tttg: c37/289 lr:0.000962 t:3.0s
tttg: c38/289 lr:0.000960 t:3.0s
tttg: c39/289 lr:0.000958 t:3.1s
tttg: c40/289 lr:0.000955 t:3.2s
tttg: c41/289 lr:0.000953 t:3.3s
tttg: c42/289 lr:0.000951 t:3.3s
tttg: c43/289 lr:0.000948 t:3.4s
tttg: c44/289 lr:0.000946 t:3.5s
tttg: c45/289 lr:0.000944 t:3.6s
tttg: c46/289 lr:0.000941 t:3.7s
tttg: c47/289 lr:0.000938 t:3.7s
tttg: c48/289 lr:0.000936 t:3.8s
tttg: c49/289 lr:0.000933 t:3.9s
tttg: c50/289 lr:0.000930 t:4.0s
tttg: c51/289 lr:0.000927 t:4.1s
tttg: c52/289 lr:0.000925 t:4.1s
tttg: c53/289 lr:0.000922 t:4.2s
tttg: c54/289 lr:0.000919 t:4.3s
tttg: c55/289 lr:0.000916 t:4.4s
tttg: c56/289 lr:0.000913 t:4.5s
tttg: c57/289 lr:0.000910 t:4.5s
tttg: c58/289 lr:0.000906 t:4.6s
tttg: c59/289 lr:0.000903 t:4.7s
tttg: c60/289 lr:0.000900 t:4.8s
tttg: c61/289 lr:0.000897 t:4.9s
tttg: c62/289 lr:0.000893 t:4.9s
tttg: c63/289 lr:0.000890 t:5.0s
tttg: c64/289 lr:0.000887 t:5.1s
tttg: c65/289 lr:0.000883 t:5.2s
tttg: c66/289 lr:0.000879 t:5.3s
tttg: c67/289 lr:0.000876 t:5.3s
tttg: c68/289 lr:0.000872 t:5.4s
tttg: c69/289 lr:0.000869 t:5.5s
tttg: c70/289 lr:0.000865 t:5.6s
tttg: c71/289 lr:0.000861 t:5.6s
tttg: c72/289 lr:0.000857 t:5.7s
tttg: c73/289 lr:0.000854 t:5.8s
tttg: c74/289 lr:0.000850 t:5.9s
tttg: c75/289 lr:0.000846 t:6.0s
tttg: c76/289 lr:0.000842 t:6.0s
tttg: c77/289 lr:0.000838 t:6.1s
tttg: c78/289 lr:0.000834 t:6.2s
tttg: c79/289 lr:0.000830 t:6.3s
tttg: c80/289 lr:0.000826 t:6.4s
tttg: c81/289 lr:0.000821 t:6.5s
tttg: c82/289 lr:0.000817 t:6.5s
tttg: c83/289 lr:0.000813 t:6.6s
tttg: c84/289 lr:0.000809 t:6.7s
tttg: c85/289 lr:0.000804 t:6.8s
tttg: c86/289 lr:0.000800 t:6.8s
tttg: c87/289 lr:0.000796 t:6.9s
tttg: c88/289 lr:0.000791 t:7.0s
tttg: c89/289 lr:0.000787 t:7.1s
tttg: c90/289 lr:0.000782 t:7.2s
tttg: c91/289 lr:0.000778 t:7.2s
tttg: c92/289 lr:0.000773 t:7.3s
tttg: c93/289 lr:0.000769 t:7.4s
tttg: c94/289 lr:0.000764 t:7.5s
tttg: c95/289 lr:0.000759 t:7.6s
tttg: c96/289 lr:0.000755 t:7.6s
tttg: c97/289 lr:0.000750 t:7.7s
tttg: c98/289 lr:0.000745 t:7.8s
tttg: c99/289 lr:0.000740 t:7.9s
tttg: c100/289 lr:0.000736 t:8.0s
tttg: c101/289 lr:0.000731 t:8.0s
tttg: c102/289 lr:0.000726 t:8.1s
tttg: c103/289 lr:0.000721 t:8.2s
tttg: c104/289 lr:0.000716 t:8.3s
tttg: c105/289 lr:0.000711 t:8.4s
tttg: c106/289 lr:0.000706 t:8.4s
tttg: c107/289 lr:0.000701 t:8.5s
tttg: c108/289 lr:0.000696 t:8.6s
tttg: c109/289 lr:0.000691 t:8.7s
tttg: c110/289 lr:0.000686 t:8.7s
tttg: c111/289 lr:0.000681 t:8.8s
tttg: c112/289 lr:0.000676 t:8.9s
tttg: c113/289 lr:0.000671 t:9.0s
tttg: c114/289 lr:0.000666 t:9.1s
tttg: c115/289 lr:0.000661 t:9.2s
tttg: c116/289 lr:0.000656 t:9.2s
tttg: c117/289 lr:0.000650 t:9.3s
tttg: c118/289 lr:0.000645 t:9.4s
tttg: c119/289 lr:0.000640 t:9.5s
tttg: c120/289 lr:0.000635 t:9.6s
tttg: c121/289 lr:0.000629 t:9.6s
tttg: c122/289 lr:0.000624 t:9.7s
tttg: c123/289 lr:0.000619 t:9.8s
tttg: c124/289 lr:0.000614 t:9.9s
tttg: c125/289 lr:0.000608 t:9.9s
tttg: c126/289 lr:0.000603 t:10.0s
tttg: c127/289 lr:0.000598 t:10.1s
tttg: c128/289 lr:0.000592 t:10.2s
tttg: c129/289 lr:0.000587 t:10.3s
tttg: c130/289 lr:0.000581 t:10.3s
tttg: c131/289 lr:0.000576 t:10.4s
tttg: c132/289 lr:0.000571 t:10.5s
tttg: c133/289 lr:0.000565 t:10.6s
tttg: c134/289 lr:0.000560 t:10.7s
tttg: c135/289 lr:0.000554 t:10.7s
tttg: c136/289 lr:0.000549 t:10.8s
tttg: c137/289 lr:0.000544 t:10.9s
tttg: c138/289 lr:0.000538 t:11.0s
tttg: c139/289 lr:0.000533 t:11.1s
tttg: c140/289 lr:0.000527 t:11.1s
tttg: c141/289 lr:0.000522 t:11.2s
tttg: c142/289 lr:0.000516 t:11.3s
tttg: c143/289 lr:0.000511 t:11.4s
tttg: c144/289 lr:0.000505 t:11.5s
tttg: c145/289 lr:0.000500 t:11.5s
tttg: c146/289 lr:0.000495 t:11.6s
tttg: c147/289 lr:0.000489 t:11.7s
tttg: c148/289 lr:0.000484 t:11.8s
tttg: c149/289 lr:0.000478 t:11.8s
tttg: c150/289 lr:0.000473 t:11.9s
tttg: c151/289 lr:0.000467 t:12.0s
tttg: c152/289 lr:0.000462 t:12.1s
tttg: c153/289 lr:0.000456 t:12.2s
tttg: c154/289 lr:0.000451 t:12.2s
tttg: c155/289 lr:0.000446 t:12.3s
tttg: c156/289 lr:0.000440 t:12.4s
tttg: c157/289 lr:0.000435 t:12.5s
tttg: c158/289 lr:0.000429 t:12.6s
tttg: c159/289 lr:0.000424 t:12.6s
tttg: c160/289 lr:0.000419 t:12.7s
tttg: c161/289 lr:0.000413 t:12.8s
tttg: c162/289 lr:0.000408 t:12.9s
tttg: c163/289 lr:0.000402 t:13.0s
tttg: c164/289 lr:0.000397 t:13.0s
tttg: c165/289 lr:0.000392 t:13.1s
tttg: c166/289 lr:0.000386 t:13.2s
tttg: c167/289 lr:0.000381 t:13.3s
tttg: c168/289 lr:0.000376 t:13.4s
tttg: c169/289 lr:0.000371 t:13.4s
tttg: c170/289 lr:0.000365 t:13.5s
tttg: c171/289 lr:0.000360 t:13.6s
tttg: c172/289 lr:0.000355 t:13.7s
tttg: c173/289 lr:0.000350 t:13.8s
tttg: c174/289 lr:0.000344 t:13.8s
tttg: c175/289 lr:0.000339 t:13.9s
tttg: c176/289 lr:0.000334 t:14.0s
tttg: c177/289 lr:0.000329 t:14.1s
tttg: c178/289 lr:0.000324 t:14.2s
tttg: c179/289 lr:0.000319 t:14.2s
tttg: c180/289 lr:0.000314 t:14.3s
tttg: c181/289 lr:0.000309 t:14.4s
tttg: c182/289 lr:0.000304 t:14.5s
tttg: c183/289 lr:0.000299 t:14.5s
tttg: c184/289 lr:0.000294 t:14.6s
tttg: c185/289 lr:0.000289 t:14.7s
tttg: c186/289 lr:0.000284 t:14.8s
tttg: c187/289 lr:0.000279 t:14.9s
tttg: c188/289 lr:0.000274 t:14.9s
tttg: c189/289 lr:0.000269 t:15.0s
tttg: c190/289 lr:0.000264 t:15.1s
tttg: c191/289 lr:0.000260 t:15.2s
tttg: c192/289 lr:0.000255 t:15.3s
tttg: c193/289 lr:0.000250 t:15.3s
tttg: c194/289 lr:0.000245 t:15.4s
tttg: c195/289 lr:0.000241 t:15.5s
tttg: c196/289 lr:0.000236 t:15.6s
tttg: c197/289 lr:0.000231 t:15.7s
tttg: c198/289 lr:0.000227 t:15.7s
tttg: c199/289 lr:0.000222 t:15.8s
tttg: c200/289 lr:0.000218 t:15.9s
tttg: c201/289 lr:0.000213 t:16.0s
tttg: c202/289 lr:0.000209 t:16.1s
tttg: c203/289 lr:0.000204 t:16.1s
tttg: c204/289 lr:0.000200 t:16.2s
tttg: c205/289 lr:0.000196 t:16.3s
tttg: c206/289 lr:0.000191 t:16.4s
tttg: c207/289 lr:0.000187 t:16.4s
tttg: c208/289 lr:0.000183 t:16.5s
tttg: c209/289 lr:0.000179 t:16.6s
tttg: c210/289 lr:0.000174 t:16.7s
tttg: c211/289 lr:0.000170 t:16.8s
tttg: c212/289 lr:0.000166 t:16.9s
tttg: c213/289 lr:0.000162 t:16.9s
tttg: c214/289 lr:0.000158 t:17.0s
tttg: c215/289 lr:0.000154 t:17.1s
tttg: c216/289 lr:0.000150 t:17.2s
tttg: c217/289 lr:0.000146 t:17.3s
tttg: c218/289 lr:0.000143 t:17.3s
tttg: c219/289 lr:0.000139 t:17.4s
tttg: c220/289 lr:0.000135 t:17.5s
tttg: c221/289 lr:0.000131 t:17.6s
tttg: c222/289 lr:0.000128 t:17.6s
tttg: c223/289 lr:0.000124 t:17.7s
tttg: c224/289 lr:0.000121 t:17.8s
tttg: c225/289 lr:0.000117 t:17.9s
tttg: c226/289 lr:0.000113 t:18.0s
tttg: c227/289 lr:0.000110 t:18.0s
tttg: c228/289 lr:0.000107 t:18.1s
tttg: c229/289 lr:0.000103 t:18.2s
tttg: c230/289 lr:0.000100 t:18.3s
tttg: c231/289 lr:0.000097 t:18.4s
tttg: c232/289 lr:0.000094 t:18.4s
tttg: c233/289 lr:0.000090 t:18.5s
tttg: c234/289 lr:0.000087 t:18.6s
tttg: c235/289 lr:0.000084 t:18.7s
tttg: c236/289 lr:0.000081 t:18.8s
tttg: c237/289 lr:0.000078 t:18.8s
tttg: c238/289 lr:0.000075 t:18.9s
tttg: c239/289 lr:0.000073 t:19.0s
tttg: c240/289 lr:0.000070 t:19.1s
tttg: c241/289 lr:0.000067 t:19.2s
tttg: c242/289 lr:0.000064 t:19.2s
tttg: c243/289 lr:0.000062 t:19.3s
tttg: c244/289 lr:0.000059 t:19.4s
tttg: c245/289 lr:0.000056 t:19.5s
tttg: c246/289 lr:0.000054 t:19.6s
tttg: c247/289 lr:0.000052 t:19.6s
tttg: c248/289 lr:0.000049 t:19.7s
tttg: c249/289 lr:0.000047 t:19.8s
tttg: c250/289 lr:0.000045 t:19.9s
tttg: c251/289 lr:0.000042 t:20.0s
tttg: c252/289 lr:0.000040 t:20.0s
tttg: c253/289 lr:0.000038 t:20.1s
tttg: c254/289 lr:0.000036 t:20.2s
tttg: c255/289 lr:0.000034 t:20.3s
tttg: c256/289 lr:0.000032 t:20.4s
tttg: c257/289 lr:0.000030 t:20.4s
tttg: c258/289 lr:0.000028 t:20.5s
tttg: c259/289 lr:0.000027 t:20.6s
tttg: c260/289 lr:0.000025 t:20.7s
tttg: c261/289 lr:0.000023 t:20.8s
tttg: c262/289 lr:0.000022 t:20.8s
tttg: c263/289 lr:0.000020 t:20.9s
tttg: c264/289 lr:0.000018 t:21.0s
tttg: c265/289 lr:0.000017 t:21.1s
tttg: c266/289 lr:0.000016 t:21.1s
tttg: c267/289 lr:0.000014 t:21.2s
tttg: c268/289 lr:0.000013 t:21.3s
tttg: c269/289 lr:0.000012 t:21.4s
tttg: c270/289 lr:0.000011 t:21.5s
tttg: c271/289 lr:0.000010 t:21.5s
tttg: c272/289 lr:0.000009 t:21.6s
tttg: c273/289 lr:0.000008 t:21.7s
tttg: c274/289 lr:0.000007 t:21.8s
tttg: c275/289 lr:0.000006 t:21.9s
tttg: c276/289 lr:0.000005 t:21.9s
tttg: c277/289 lr:0.000004 t:22.0s
tttg: c278/289 lr:0.000004 t:22.1s
tttg: c279/289 lr:0.000003 t:22.2s
tttg: c280/289 lr:0.000002 t:22.3s
tttg: c281/289 lr:0.000002 t:22.3s
tttg: c282/289 lr:0.000001 t:22.4s
tttg: c283/289 lr:0.000001 t:22.5s
tttg: c284/289 lr:0.000001 t:22.6s
tttg: c285/289 lr:0.000000 t:22.7s
tttg: c286/289 lr:0.000000 t:22.7s
tttg: c287/289 lr:0.000000 t:22.8s
tttg: c288/289 lr:0.000000 t:22.9s
ttpr: phase:2/2 t:376.8s
ttp: b728/782 bl:2.3581 bb:1.0796 rl:2.2009 rb:1.0320 dl:2306-2324 gd:1
ttp: b726/782 bl:2.3307 bb:1.0367 rl:2.2155 rb:1.0325 dl:2254-2276 gd:1
ttp: b716/782 bl:2.2476 bb:1.0386 rl:2.2185 rb:1.0331 dl:2054-2069 gd:1
ttp: b704/782 bl:2.2791 bb:1.0355 rl:2.2232 rb:1.0333 dl:1872-1885 gd:1
ttp: b696/782 bl:2.3049 bb:1.0497 rl:2.2289 rb:1.0344 dl:1779-1790 gd:1
ttp: b688/782 bl:2.3941 bb:1.0718 rl:2.2391 rb:1.0368 dl:1696-1706 gd:1
ttp: b680/782 bl:2.2776 bb:1.0257 rl:2.2412 rb:1.0362 dl:1618-1628 gd:1
ttp: b672/782 bl:2.3263 bb:1.0468 rl:2.2455 rb:1.0367 dl:1553-1562 gd:1
ttp: b664/782 bl:2.3370 bb:1.0256 rl:2.2498 rb:1.0362 dl:1493-1499 gd:1
ttp: b656/782 bl:2.3229 bb:1.1081 rl:2.2529 rb:1.0392 dl:1439-1445 gd:1
ttp: b648/782 bl:2.2832 bb:1.0075 rl:2.2541 rb:1.0379 dl:1387-1392 gd:1
ttp: b640/782 bl:2.3052 bb:1.0501 rl:2.2560 rb:1.0383 dl:1337-1343 gd:1
ttp: b632/782 bl:2.3473 bb:1.0327 rl:2.2591 rb:1.0381 dl:1290-1297 gd:1
ttp: b624/782 bl:2.3502 bb:1.0639 rl:2.2620 rb:1.0390 dl:1249-1255 gd:1
ttp: b616/782 bl:2.3991 bb:1.0407 rl:2.2661 rb:1.0390 dl:1205-1211 gd:1
ttp: b608/782 bl:2.3448 bb:1.0773 rl:2.2684 rb:1.0401 dl:1168-1172 gd:1
ttp: b600/782 bl:2.2585 bb:1.0120 rl:2.2681 rb:1.0393 dl:1133-1137 gd:1
ttp: b592/782 bl:2.2189 bb:0.9907 rl:2.2669 rb:1.0381 dl:1098-1103 gd:1
ttp: b584/782 bl:2.2984 bb:1.0391 rl:2.2676 rb:1.0381 dl:1064-1069 gd:1
ttp: b577/782 bl:2.2860 bb:1.0290 rl:2.2680 rb:1.0379 dl:1037-1041 gd:1
ttp: b569/782 bl:2.3053 bb:1.0424 rl:2.2688 rb:1.0380 dl:1007-1010 gd:1
ttp: b562/782 bl:2.3045 bb:1.0322 rl:2.2696 rb:1.0379 dl:983-987 gd:1
ttp: b554/782 bl:2.4288 bb:1.0934 rl:2.2727 rb:1.0390 dl:955-959 gd:1
ttp: b546/782 bl:2.3251 bb:1.0338 rl:2.2737 rb:1.0389 dl:930-934 gd:1
ttp: b539/782 bl:2.3309 bb:1.0332 rl:2.2747 rb:1.0388 dl:909-912 gd:1
ttp: b532/782 bl:2.3842 bb:1.0648 rl:2.2766 rb:1.0392 dl:887-889 gd:1
ttp: b524/782 bl:2.3738 bb:1.0665 rl:2.2782 rb:1.0397 dl:863-866 gd:1
ttp: b516/782 bl:2.3538 bb:1.0445 rl:2.2794 rb:1.0398 dl:841-843 gd:1
ttp: b508/782 bl:2.3911 bb:1.0512 rl:2.2811 rb:1.0399 dl:817-820 gd:1
ttp: b500/782 bl:2.3216 bb:1.0625 rl:2.2817 rb:1.0403 dl:796-799 gd:1
ttp: b492/782 bl:2.2779 bb:1.0345 rl:2.2817 rb:1.0402 dl:776-778 gd:1
ttp: b484/782 bl:2.3669 bb:1.0488 rl:2.2828 rb:1.0403 dl:756-759 gd:1
ttp: b476/782 bl:2.2715 bb:1.0294 rl:2.2827 rb:1.0402 dl:738-740 gd:1
ttp: b468/782 bl:2.3571 bb:1.0610 rl:2.2836 rb:1.0404 dl:719-721 gd:1
ttp: b460/782 bl:2.2507 bb:1.0529 rl:2.2832 rb:1.0406 dl:701-703 gd:1
ttp: b452/782 bl:2.2617 bb:1.0123 rl:2.2829 rb:1.0402 dl:685-687 gd:1
ttp: b444/782 bl:2.3102 bb:1.0644 rl:2.2832 rb:1.0405 dl:668-670 gd:1
ttp: b436/782 bl:2.2692 bb:1.0481 rl:2.2831 rb:1.0406 dl:651-653 gd:1
ttp: b428/782 bl:2.3029 bb:1.0493 rl:2.2833 rb:1.0407 dl:636-638 gd:1
ttp: b420/782 bl:2.3544 bb:1.0510 rl:2.2840 rb:1.0408 dl:620-622 gd:1
ttp: b412/782 bl:2.3257 bb:1.0428 rl:2.2844 rb:1.0408 dl:605-607 gd:1
ttp: b404/782 bl:2.3626 bb:1.0580 rl:2.2852 rb:1.0410 dl:590-592 gd:1
ttp: b396/782 bl:2.2826 bb:1.0737 rl:2.2851 rb:1.0413 dl:575-577 gd:1
ttp: b388/782 bl:2.3072 bb:1.0405 rl:2.2853 rb:1.0413 dl:561-562 gd:1
ttp: b380/782 bl:2.3569 bb:1.0868 rl:2.2859 rb:1.0416 dl:547-549 gd:1
ttp: b372/782 bl:2.3328 bb:1.0478 rl:2.2863 rb:1.0417 dl:533-535 gd:1
ttp: b363/782 bl:2.3692 bb:1.0605 rl:2.2870 rb:1.0418 dl:518-521 gd:1
ttp: b356/782 bl:2.3337 bb:1.0509 rl:2.2873 rb:1.0419 dl:506-508 gd:1
ttp: b349/782 bl:2.3492 bb:1.0245 rl:2.2878 rb:1.0418 dl:495-496 gd:1
ttp: b342/782 bl:2.3674 bb:1.1200 rl:2.2884 rb:1.0423 dl:485-486 gd:1
ttp: b335/782 bl:2.3653 bb:1.0715 rl:2.2889 rb:1.0425 dl:474-476 gd:1
ttp: b328/782 bl:2.2807 bb:1.0138 rl:2.2889 rb:1.0423 dl:463-465 gd:1
ttp: b320/782 bl:2.3400 bb:1.0820 rl:2.2892 rb:1.0426 dl:451-453 gd:1
ttp: b312/782 bl:2.3109 bb:1.0526 rl:2.2893 rb:1.0426 dl:439-440 gd:1
ttp: b303/782 bl:2.3920 bb:1.0911 rl:2.2900 rb:1.0429 dl:426-427 gd:1
ttp: b294/782 bl:2.3110 bb:1.0795 rl:2.2901 rb:1.0432 dl:412-414 gd:1
ttp: b286/782 bl:2.3751 bb:1.1079 rl:2.2906 rb:1.0435 dl:400-402 gd:1
ttp: b278/782 bl:2.2566 bb:1.0570 rl:2.2904 rb:1.0436 dl:389-391 gd:1
ttp: b270/782 bl:2.3106 bb:1.0572 rl:2.2905 rb:1.0437 dl:379-380 gd:1
ttp: b262/782 bl:2.4422 bb:1.1425 rl:2.2913 rb:1.0442 dl:369-370 gd:1
ttp: b253/782 bl:2.3291 bb:1.1063 rl:2.2915 rb:1.0445 dl:357-358 gd:1
ttp: b245/782 bl:2.3623 bb:1.1059 rl:2.2918 rb:1.0447 dl:347-349 gd:1
ttp: b237/782 bl:2.3314 bb:1.0951 rl:2.2920 rb:1.0450 dl:337-338 gd:1
ttp: b228/782 bl:2.3353 bb:1.0873 rl:2.2922 rb:1.0452 dl:327-328 gd:1
ttp: b220/782 bl:2.4089 bb:1.1398 rl:2.2927 rb:1.0456 dl:317-318 gd:1
ttp: b211/782 bl:2.4056 bb:1.0959 rl:2.2932 rb:1.0458 dl:307-308 gd:1
ttp: b203/782 bl:2.4228 bb:1.1053 rl:2.2937 rb:1.0460 dl:299-300 gd:1
ttp: b195/782 bl:2.4148 bb:1.1262 rl:2.2942 rb:1.0463 dl:290-291 gd:1
ttp: b187/782 bl:2.4537 bb:1.1338 rl:2.2948 rb:1.0466 dl:281-282 gd:1
ttp: b179/782 bl:2.3625 bb:1.1263 rl:2.2950 rb:1.0469 dl:273-274 gd:1
ttp: b171/782 bl:2.4766 bb:1.1420 rl:2.2957 rb:1.0473 dl:266-266 gd:1
ttp: b163/782 bl:2.3787 bb:1.1207 rl:2.2960 rb:1.0475 dl:257-259 gd:1
ttp: b155/782 bl:2.3978 bb:1.1086 rl:2.2963 rb:1.0477 dl:250-251 gd:1
ttp: b147/782 bl:2.4629 bb:1.1202 rl:2.2968 rb:1.0479 dl:242-243 gd:1
ttp: b139/782 bl:2.4392 bb:1.1363 rl:2.2973 rb:1.0482 dl:234-235 gd:1
ttp: b131/782 bl:2.3970 bb:1.1574 rl:2.2976 rb:1.0485 dl:227-228 gd:1
ttp: b123/782 bl:2.4016 bb:1.1677 rl:2.2979 rb:1.0488 dl:219-220 gd:1
ttp: b115/782 bl:2.4615 bb:1.1649 rl:2.2983 rb:1.0491 dl:212-213 gd:1
ttp: b106/782 bl:2.4307 bb:1.1700 rl:2.2987 rb:1.0494 dl:204-205 gd:1
ttp: b97/782 bl:2.4499 bb:1.1595 rl:2.2991 rb:1.0497 dl:196-197 gd:1
ttp: b90/782 bl:2.4641 bb:1.2066 rl:2.2995 rb:1.0501 dl:190-190 gd:1
ttp: b82/782 bl:2.4932 bb:1.1867 rl:2.2999 rb:1.0504 dl:183-183 gd:1
ttp: b73/782 bl:2.5432 bb:1.2483 rl:2.3005 rb:1.0508 dl:174-175 gd:1
ttp: b66/782 bl:2.6273 bb:1.2295 rl:2.3012 rb:1.0512 dl:169-169 gd:1
ttp: b57/782 bl:2.4643 bb:1.1604 rl:2.3015 rb:1.0514 dl:160-161 gd:1
ttp: b49/782 bl:2.4450 bb:1.1626 rl:2.3018 rb:1.0516 dl:152-153 gd:1
ttp: b41/782 bl:2.5379 bb:1.2167 rl:2.3022 rb:1.0519 dl:144-145 gd:1
ttp: b35/782 bl:2.6119 bb:1.2670 rl:2.3028 rb:1.0523 dl:138-139 gd:1
ttp: b26/782 bl:2.5968 bb:1.2926 rl:2.3033 rb:1.0526 dl:129-130 gd:1
ttp: b17/782 bl:2.6693 bb:1.2683 rl:2.3038 rb:1.0529 dl:118-119 gd:1
ttp: b9/782 bl:2.7503 bb:1.2549 rl:2.3044 rb:1.0532 dl:105-107 gd:1
ttp: b1/782 bl:2.8450 bb:1.1843 rl:2.3049 rb:1.0533 dl:27-83 gd:1
quantized_ttt_phased val_loss:2.31714207 val_bpb:1.05884350 eval_time:470543ms
total_eval_time:470.5s
