W0430 05:20:26.528000 544331 torch/distributed/run.py:803] 
W0430 05:20:26.528000 544331 torch/distributed/run.py:803] *****************************************
W0430 05:20:26.528000 544331 torch/distributed/run.py:803] Setting OMP_NUM_THREADS environment variable for each process to be 1 in default, to avoid your system being overloaded, please further tune the variable for optimal performance in your application as needed. 
W0430 05:20:26.528000 544331 torch/distributed/run.py:803] *****************************************
Hyperparameters:
  adam_eps: 1e-08
  adam_wd: 0.02
  artifact_dir: 
  attn_clip_sigmas: 13.0
  attn_out_gate_enabled: False
  attn_out_gate_src: proj
  beta1: 0.9
  beta2: 0.99
  caseops_enabled: True
  compressor: brotli
  data_dir: ./data
  datasets_dir: ./data/datasets/fineweb10B_sp8192_caseops/datasets/datasets/fineweb10B_sp8192_lossless_caps_caseops_v1_reserved
  distributed: True
  ema_decay: 0.9965
  embed_bits: 7
  embed_clip_sigmas: 14.0
  embed_lr: 0.6
  embed_wd: 0.085
  enable_looping_at: 0.35
  eval_seq_len: 2048
  eval_stride: 64
  fused_ce_enabled: True
  gate_window: 12
  gated_attn_enabled: False
  gated_attn_init_std: 0.01
  gated_attn_quant_gate: False
  global_ttt_batch_seqs: 32
  global_ttt_chunk_tokens: 32768
  global_ttt_epochs: 1
  global_ttt_grad_clip: 1.0
  global_ttt_lr: 0.001
  global_ttt_momentum: 0.9
  global_ttt_muon_nesterov: True
  global_ttt_muon_ns_steps: 5
  global_ttt_optimizer: sgd
  global_ttt_respect_doc_boundaries: True
  global_ttt_warmup_chunks: 0
  global_ttt_warmup_start_lr: 0.0
  gptq_calibration_batches: 16
  gptq_reserve_seconds: 0.5
  grad_accum_steps: 1
  grad_clip_norm: 0.3
  is_main_process: True
  iterations: 20000
  ln_scale: True
  local_rank: 0
  logfile: logs/5842d194-3225-4639-b9c4-7618d1a55f67.txt
  logit_softcap: 30.0
  loop_end: 5
  loop_start: 3
  lqer_asym_enabled: True
  lqer_asym_group: 64
  lqer_enabled: True
  lqer_factor_bits: 4
  lqer_rank: 4
  lqer_top_k: 3
  matrix_bits: 6
  matrix_clip_sigmas: 12.85
  matrix_lr: 0.026
  max_wallclock_seconds: 600.0
  min_lr: 0.1
  mlp_clip_sigmas: 11.5
  mlp_mult: 4.0
  model_dim: 512
  model_path: final_model.pt
  muon_backend_steps: 5
  muon_huber_delta: 0.1
  muon_huber_wd: False
  muon_momentum: 0.97
  muon_momentum_warmup_start: 0.92
  muon_momentum_warmup_steps: 1500
  muon_row_normalize: True
  muon_wd: 0.095
  num_heads: 8
  num_kv_heads: 4
  num_layers: 11
  num_loops: 2
  optrot_enabled: False
  parallel_final_lane: mean
  parallel_start_layer: 8
  phased_ttt_num_phases: 3
  phased_ttt_prefix_docs: 2500
  qk_gain_init: 5.0
  qk_gain_schedule: []
  quantized_model_path: final_model.int6.ptz
  rank: 0
  rope_base: 10000.0
  rope_dims: 16
  rope_train_seq_len: 2048
  rope_yarn: False
  run_id: 5842d194-3225-4639-b9c4-7618d1a55f67
  scalar_lr: 0.02
  seed: 314
  skip_gates_enabled: True
  smear_gate_enabled: True
  sparse_attn_gate_enabled: True
  sparse_attn_gate_init_std: 0.0
  sparse_attn_gate_scale: 0.5
  tie_embeddings: True
  tied_embed_init_std: 0.005
  tied_embed_lr: 0.03
  tokenizer_path: ./data/datasets/fineweb10B_sp8192_caseops/datasets/tokenizers/fineweb_8192_bpe_lossless_caps_caseops_v1_reserved.model
  train_batch_tokens: 786432
  train_files: ./data/datasets/fineweb10B_sp8192_caseops/datasets/datasets/fineweb10B_sp8192_lossless_caps_caseops_v1_reserved/fineweb_train_*.bin
  train_log_every: 500
  train_seq_len: 2048
  ttt_batch_size: 64
  ttt_beta1: 0.0
  ttt_beta2: 0.99
  ttt_chunk_size: 48
  ttt_enabled: True
  ttt_eval_batches: 
  ttt_eval_seq_len: 2048
  ttt_grad_steps: 1
  ttt_k_lora: False
  ttt_lora_lr: 0.0001
  ttt_lora_rank: 80
  ttt_mlp_lora: True
  ttt_o_lora: True
  ttt_optimizer: adam
  ttt_weight_decay: 2.0
  val_batch_tokens: 524288
  val_bytes_files: ./data/datasets/fineweb10B_sp8192_caseops/datasets/datasets/fineweb10B_sp8192_lossless_caps_caseops_v1_reserved/fineweb_val_bytes_*.bin
  val_doc_fraction: 1.0
  val_files: ./data/datasets/fineweb10B_sp8192_caseops/datasets/datasets/fineweb10B_sp8192_lossless_caps_caseops_v1_reserved/fineweb_val_*.bin
  val_loss_every: 4000
  vocab_size: 8192
  warmdown_frac: 0.85
  warmup_steps: 20
  world_size: 8
  xsa_last_n: 11
train_shards: 1499
val_tokens: 47851520
model_params:35945671
gptq:reserving 0s, effective=599500ms
warmup_cu_buckets:64,128,192,256 iters_each:3
warmup_step: 1/20
warmup_step: 2/20
warmup_step: 3/20
warmup_step: 4/20
warmup_step: 5/20
warmup_step: 6/20
warmup_step: 10/20
warmup_step: 20/20
loop_warmup:enabled encoder:[0, 1, 2, 3, 4, 5, 3, 4] decoder:[5, 3, 4, 5, 6, 7, 8, 9, 10]
loop_warmup_step: 1/20
loop_warmup_step: 2/20
loop_warmup_step: 3/20
loop_warmup_step: 4/20
loop_warmup_step: 5/20
loop_warmup_step: 6/20
loop_warmup_step: 10/20
loop_warmup_step: 20/20
0/20000 val_loss: 8.9980 val_bpb: 4.1115
1/20000 train_loss: 8.9988 train_time: 0.0m tok/s: 12528154
2/20000 train_loss: 12.8605 train_time: 0.0m tok/s: 11706735
3/20000 train_loss: 10.2297 train_time: 0.0m tok/s: 10368438
4/20000 train_loss: 8.6718 train_time: 0.0m tok/s: 9865558
5/20000 train_loss: 7.8923 train_time: 0.0m tok/s: 9567415
500/20000 train_loss: 2.7371 train_time: 0.8m tok/s: 8428443
1000/20000 train_loss: 2.7833 train_time: 1.6m tok/s: 8403164
1500/20000 train_loss: 2.7181 train_time: 2.3m tok/s: 8395656
2000/20000 train_loss: 2.4891 train_time: 3.1m tok/s: 8395399
layer_loop:enabled step:2240 frac:0.350 encoder:[0, 1, 2, 3, 4, 5, 3, 4] decoder:[5, 3, 4, 5, 6, 7, 8, 9, 10]
2500/20000 train_loss: 2.6773 train_time: 4.1m tok/s: 7997742
3000/20000 train_loss: 2.4852 train_time: 5.3m tok/s: 7461338
3500/20000 train_loss: 2.3682 train_time: 6.5m tok/s: 7099634
4000/20000 train_loss: 2.5083 train_time: 7.7m tok/s: 6851871
4000/20000 val_loss: 2.4291 val_bpb: 1.1099
4500/20000 train_loss: 2.3920 train_time: 8.8m tok/s: 6698848
5000/20000 train_loss: 2.2803 train_time: 10.0m tok/s: 6581119
5015/20000 val_loss: 2.3541 val_bpb: 1.0757
stopping_early: wallclock_cap train_time: 599601ms step: 5015/20000
peak memory allocated: 41709 MiB reserved: 47026 MiB
ema:applying EMA weights
diagnostic pre-quantization post-ema val_loss:2.32855997 val_bpb:1.06399194 eval_time:7404ms
Serialized model: 135417533 bytes
Code size (uncompressed): 167610 bytes
Code size (compressed): 33230 bytes
GPTQ:collecting Hessians from calibration data...
GPTQ:collected 67 Hessians in 3.5s
Quantized weights:
  gptq (int6): blocks.attn.c_k.weight, blocks.attn.c_q.weight, blocks.attn.c_v.weight, blocks.attn.proj.weight, blocks.mlp.fc.weight, blocks.mlp.proj.weight
  gptq (int6)+lqer_asym: blocks.mlp.fc.weight
  gptq (int7)+lqer_asym: tok_emb.weight
  passthrough (float16): blocks.attn.attn_gate_w, blocks.attn.q_gain, blocks.attn_scale, blocks.mlp_scale, blocks.resid_mix, parallel_post_lambdas, parallel_resid_lambdas, skip_gates, skip_weights, smear_gate.weight, smear_lambda
Serialized model quantized+brotli: 16110455 bytes
Total submission size quantized+brotli: 16143685 bytes
diagnostic quantized val_loss:2.34739813 val_bpb:1.07259969 eval_time:11352ms
ttt_lora:warming up compile (random tokens, no val data)
ttt_lora:compile warmup done (98.1s)

beginning TTT eval timer
ttt_phased: total_docs:50000 prefix_docs:2500 suffix_docs:47500 num_phases:3 boundaries:[833, 1666, 2500]
ttp: b777/782 bl:2.3118 bb:1.0834 rl:2.3118 rb:1.0834 dl:8452-9229 gd:0
ttp: b772/782 bl:2.3244 bb:1.0955 rl:2.3168 rb:1.0882 dl:5762-6095 gd:0
ttp: b767/782 bl:2.2669 bb:1.0727 rl:2.3047 rb:1.0845 dl:4681-4858 gd:0
ttpp: phase:1/3 pd:1296 gd:833 t:166.4s
tttg: c1/131 lr:0.001000 t:0.3s
tttg: c2/131 lr:0.001000 t:0.4s
tttg: c3/131 lr:0.000999 t:0.5s
tttg: c4/131 lr:0.000999 t:0.5s
tttg: c5/131 lr:0.000998 t:0.6s
tttg: c6/131 lr:0.000996 t:0.7s
tttg: c7/131 lr:0.000995 t:0.8s
tttg: c8/131 lr:0.000993 t:0.8s
tttg: c9/131 lr:0.000991 t:0.9s
tttg: c10/131 lr:0.000988 t:1.0s
tttg: c11/131 lr:0.000985 t:1.1s
tttg: c12/131 lr:0.000982 t:1.2s
tttg: c13/131 lr:0.000979 t:1.2s
tttg: c14/131 lr:0.000976 t:1.3s
tttg: c15/131 lr:0.000972 t:1.4s
tttg: c16/131 lr:0.000968 t:1.5s
tttg: c17/131 lr:0.000963 t:1.5s
tttg: c18/131 lr:0.000958 t:1.6s
tttg: c19/131 lr:0.000953 t:1.7s
tttg: c20/131 lr:0.000948 t:1.8s
tttg: c21/131 lr:0.000943 t:1.9s
tttg: c22/131 lr:0.000937 t:1.9s
tttg: c23/131 lr:0.000931 t:2.0s
tttg: c24/131 lr:0.000925 t:2.1s
tttg: c25/131 lr:0.000918 t:2.2s
tttg: c26/131 lr:0.000911 t:2.2s
tttg: c27/131 lr:0.000905 t:2.3s
tttg: c28/131 lr:0.000897 t:2.4s
tttg: c29/131 lr:0.000890 t:2.5s
tttg: c30/131 lr:0.000882 t:2.5s
tttg: c31/131 lr:0.000874 t:2.6s
tttg: c32/131 lr:0.000866 t:2.7s
tttg: c33/131 lr:0.000858 t:2.8s
tttg: c34/131 lr:0.000849 t:2.8s
tttg: c35/131 lr:0.000841 t:2.9s
tttg: c36/131 lr:0.000832 t:3.0s
tttg: c37/131 lr:0.000822 t:3.1s
tttg: c38/131 lr:0.000813 t:3.1s
tttg: c39/131 lr:0.000804 t:3.2s
tttg: c40/131 lr:0.000794 t:3.3s
tttg: c41/131 lr:0.000784 t:3.4s
tttg: c42/131 lr:0.000774 t:3.5s
tttg: c43/131 lr:0.000764 t:3.5s
tttg: c44/131 lr:0.000753 t:3.6s
tttg: c45/131 lr:0.000743 t:3.7s
tttg: c46/131 lr:0.000732 t:3.8s
tttg: c47/131 lr:0.000722 t:3.8s
tttg: c48/131 lr:0.000711 t:3.9s
tttg: c49/131 lr:0.000700 t:4.0s
tttg: c50/131 lr:0.000689 t:4.1s
tttg: c51/131 lr:0.000677 t:4.1s
tttg: c52/131 lr:0.000666 t:4.2s
tttg: c53/131 lr:0.000655 t:4.3s
tttg: c54/131 lr:0.000643 t:4.4s
tttg: c55/131 lr:0.000631 t:4.4s
tttg: c56/131 lr:0.000620 t:4.5s
tttg: c57/131 lr:0.000608 t:4.6s
tttg: c58/131 lr:0.000596 t:4.7s
tttg: c59/131 lr:0.000584 t:4.7s
tttg: c60/131 lr:0.000572 t:4.8s
tttg: c61/131 lr:0.000560 t:4.9s
tttg: c62/131 lr:0.000548 t:5.0s
tttg: c63/131 lr:0.000536 t:5.0s
tttg: c64/131 lr:0.000524 t:5.1s
tttg: c65/131 lr:0.000512 t:5.2s
tttg: c66/131 lr:0.000500 t:5.3s
tttg: c67/131 lr:0.000488 t:5.3s
tttg: c68/131 lr:0.000476 t:5.4s
tttg: c69/131 lr:0.000464 t:5.5s
tttg: c70/131 lr:0.000452 t:5.6s
tttg: c71/131 lr:0.000440 t:5.6s
tttg: c72/131 lr:0.000428 t:5.7s
tttg: c73/131 lr:0.000416 t:5.8s
tttg: c74/131 lr:0.000404 t:5.9s
tttg: c75/131 lr:0.000392 t:6.0s
tttg: c76/131 lr:0.000380 t:6.0s
tttg: c77/131 lr:0.000369 t:6.1s
tttg: c78/131 lr:0.000357 t:6.2s
tttg: c79/131 lr:0.000345 t:6.3s
tttg: c80/131 lr:0.000334 t:6.3s
tttg: c81/131 lr:0.000323 t:6.4s
tttg: c82/131 lr:0.000311 t:6.5s
tttg: c83/131 lr:0.000300 t:6.6s
tttg: c84/131 lr:0.000289 t:6.6s
tttg: c85/131 lr:0.000278 t:6.7s
tttg: c86/131 lr:0.000268 t:6.8s
tttg: c87/131 lr:0.000257 t:6.9s
tttg: c88/131 lr:0.000247 t:6.9s
tttg: c89/131 lr:0.000236 t:7.0s
tttg: c90/131 lr:0.000226 t:7.1s
tttg: c91/131 lr:0.000216 t:7.2s
tttg: c92/131 lr:0.000206 t:7.3s
tttg: c93/131 lr:0.000196 t:7.3s
tttg: c94/131 lr:0.000187 t:7.4s
tttg: c95/131 lr:0.000178 t:7.5s
tttg: c96/131 lr:0.000168 t:7.6s
tttg: c97/131 lr:0.000159 t:7.6s
tttg: c98/131 lr:0.000151 t:7.7s
tttg: c99/131 lr:0.000142 t:7.8s
tttg: c100/131 lr:0.000134 t:7.9s
tttg: c101/131 lr:0.000126 t:7.9s
tttg: c102/131 lr:0.000118 t:8.0s
tttg: c103/131 lr:0.000110 t:8.1s
tttg: c104/131 lr:0.000103 t:8.2s
tttg: c105/131 lr:0.000095 t:8.2s
tttg: c106/131 lr:0.000089 t:8.3s
tttg: c107/131 lr:0.000082 t:8.4s
tttg: c108/131 lr:0.000075 t:8.5s
tttg: c109/131 lr:0.000069 t:8.5s
tttg: c110/131 lr:0.000063 t:8.6s
tttg: c111/131 lr:0.000057 t:8.7s
tttg: c112/131 lr:0.000052 t:8.8s
tttg: c113/131 lr:0.000047 t:8.9s
tttg: c114/131 lr:0.000042 t:8.9s
tttg: c115/131 lr:0.000037 t:9.0s
tttg: c116/131 lr:0.000032 t:9.1s
tttg: c117/131 lr:0.000028 t:9.2s
tttg: c118/131 lr:0.000024 t:9.2s
tttg: c119/131 lr:0.000021 t:9.3s
tttg: c120/131 lr:0.000018 t:9.4s
tttg: c121/131 lr:0.000015 t:9.5s
tttg: c122/131 lr:0.000012 t:9.5s
tttg: c123/131 lr:0.000009 t:9.6s
tttg: c124/131 lr:0.000007 t:9.7s
tttg: c125/131 lr:0.000005 t:9.8s
tttg: c126/131 lr:0.000004 t:9.9s
tttg: c127/131 lr:0.000002 t:9.9s
tttg: c128/131 lr:0.000001 t:10.0s
tttg: c129/131 lr:0.000001 t:10.1s
tttg: c130/131 lr:0.000000 t:10.2s
ttpr: phase:1/3 t:177.9s
ttp: b757/782 bl:2.2771 bb:1.0600 rl:2.3004 rb:1.0806 dl:3550-3633 gd:0
ttp: b750/782 bl:2.3835 bb:1.0709 rl:2.3103 rb:1.0794 dl:3090-3149 gd:0
ttpp: phase:2/3 pd:2128 gd:1666 t:246.2s
tttg: c1/219 lr:0.001000 t:0.1s
tttg: c2/219 lr:0.001000 t:0.2s
tttg: c3/219 lr:0.001000 t:0.2s
tttg: c4/219 lr:0.001000 t:0.3s
tttg: c5/219 lr:0.000999 t:0.4s
tttg: c6/219 lr:0.000999 t:0.4s
tttg: c7/219 lr:0.000998 t:0.5s
tttg: c8/219 lr:0.000997 t:0.6s
tttg: c9/219 lr:0.000997 t:0.7s
tttg: c10/219 lr:0.000996 t:0.7s
tttg: c11/219 lr:0.000995 t:0.8s
tttg: c12/219 lr:0.000994 t:0.9s
tttg: c13/219 lr:0.000993 t:1.0s
tttg: c14/219 lr:0.000991 t:1.0s
tttg: c15/219 lr:0.000990 t:1.1s
tttg: c16/219 lr:0.000988 t:1.2s
tttg: c17/219 lr:0.000987 t:1.3s
tttg: c18/219 lr:0.000985 t:1.3s
tttg: c19/219 lr:0.000983 t:1.4s
tttg: c20/219 lr:0.000981 t:1.5s
tttg: c21/219 lr:0.000979 t:1.6s
tttg: c22/219 lr:0.000977 t:1.7s
tttg: c23/219 lr:0.000975 t:1.7s
tttg: c24/219 lr:0.000973 t:1.8s
tttg: c25/219 lr:0.000970 t:1.9s
tttg: c26/219 lr:0.000968 t:2.0s
tttg: c27/219 lr:0.000965 t:2.0s
tttg: c28/219 lr:0.000963 t:2.1s
tttg: c29/219 lr:0.000960 t:2.2s
tttg: c30/219 lr:0.000957 t:2.3s
tttg: c31/219 lr:0.000954 t:2.3s
tttg: c32/219 lr:0.000951 t:2.4s
tttg: c33/219 lr:0.000948 t:2.5s
tttg: c34/219 lr:0.000945 t:2.6s
tttg: c35/219 lr:0.000941 t:2.6s
tttg: c36/219 lr:0.000938 t:2.7s
tttg: c37/219 lr:0.000934 t:2.8s
tttg: c38/219 lr:0.000931 t:2.9s
tttg: c39/219 lr:0.000927 t:2.9s
tttg: c40/219 lr:0.000923 t:3.0s
tttg: c41/219 lr:0.000919 t:3.1s
tttg: c42/219 lr:0.000915 t:3.2s
tttg: c43/219 lr:0.000911 t:3.3s
tttg: c44/219 lr:0.000907 t:3.4s
tttg: c45/219 lr:0.000903 t:3.4s
tttg: c46/219 lr:0.000898 t:3.5s
tttg: c47/219 lr:0.000894 t:3.6s
tttg: c48/219 lr:0.000890 t:3.7s
tttg: c49/219 lr:0.000885 t:3.7s
tttg: c50/219 lr:0.000880 t:3.8s
tttg: c51/219 lr:0.000876 t:3.9s
tttg: c52/219 lr:0.000871 t:4.0s
tttg: c53/219 lr:0.000866 t:4.0s
tttg: c54/219 lr:0.000861 t:4.1s
tttg: c55/219 lr:0.000856 t:4.2s
tttg: c56/219 lr:0.000851 t:4.3s
tttg: c57/219 lr:0.000846 t:4.3s
tttg: c58/219 lr:0.000841 t:4.4s
tttg: c59/219 lr:0.000835 t:4.5s
tttg: c60/219 lr:0.000830 t:4.6s
tttg: c61/219 lr:0.000824 t:4.7s
tttg: c62/219 lr:0.000819 t:4.7s
tttg: c63/219 lr:0.000813 t:4.8s
tttg: c64/219 lr:0.000808 t:4.9s
tttg: c65/219 lr:0.000802 t:5.0s
tttg: c66/219 lr:0.000796 t:5.1s
tttg: c67/219 lr:0.000790 t:5.1s
tttg: c68/219 lr:0.000784 t:5.2s
tttg: c69/219 lr:0.000779 t:5.3s
tttg: c70/219 lr:0.000773 t:5.4s
tttg: c71/219 lr:0.000766 t:5.4s
tttg: c72/219 lr:0.000760 t:5.5s
tttg: c73/219 lr:0.000754 t:5.6s
tttg: c74/219 lr:0.000748 t:5.7s
tttg: c75/219 lr:0.000742 t:5.7s
tttg: c76/219 lr:0.000735 t:5.8s
tttg: c77/219 lr:0.000729 t:5.9s
tttg: c78/219 lr:0.000722 t:6.0s
tttg: c79/219 lr:0.000716 t:6.0s
tttg: c80/219 lr:0.000709 t:6.1s
tttg: c81/219 lr:0.000703 t:6.2s
tttg: c82/219 lr:0.000696 t:6.3s
tttg: c83/219 lr:0.000690 t:6.4s
tttg: c84/219 lr:0.000683 t:6.4s
tttg: c85/219 lr:0.000676 t:6.5s
tttg: c86/219 lr:0.000670 t:6.6s
tttg: c87/219 lr:0.000663 t:6.7s
tttg: c88/219 lr:0.000656 t:6.8s
tttg: c89/219 lr:0.000649 t:6.8s
tttg: c90/219 lr:0.000642 t:6.9s
tttg: c91/219 lr:0.000635 t:7.0s
tttg: c92/219 lr:0.000628 t:7.1s
tttg: c93/219 lr:0.000621 t:7.1s
tttg: c94/219 lr:0.000614 t:7.2s
tttg: c95/219 lr:0.000607 t:7.3s
tttg: c96/219 lr:0.000600 t:7.4s
tttg: c97/219 lr:0.000593 t:7.4s
tttg: c98/219 lr:0.000586 t:7.5s
tttg: c99/219 lr:0.000579 t:7.6s
tttg: c100/219 lr:0.000572 t:7.7s
tttg: c101/219 lr:0.000565 t:7.7s
tttg: c102/219 lr:0.000558 t:7.8s
tttg: c103/219 lr:0.000550 t:7.9s
tttg: c104/219 lr:0.000543 t:8.0s
tttg: c105/219 lr:0.000536 t:8.0s
tttg: c106/219 lr:0.000529 t:8.1s
tttg: c107/219 lr:0.000522 t:8.2s
tttg: c108/219 lr:0.000514 t:8.3s
tttg: c109/219 lr:0.000507 t:8.4s
tttg: c110/219 lr:0.000500 t:8.4s
tttg: c111/219 lr:0.000493 t:8.5s
tttg: c112/219 lr:0.000486 t:8.6s
tttg: c113/219 lr:0.000478 t:8.7s
tttg: c114/219 lr:0.000471 t:8.7s
tttg: c115/219 lr:0.000464 t:8.8s
tttg: c116/219 lr:0.000457 t:8.9s
tttg: c117/219 lr:0.000450 t:9.0s
tttg: c118/219 lr:0.000442 t:9.1s
tttg: c119/219 lr:0.000435 t:9.1s
tttg: c120/219 lr:0.000428 t:9.2s
tttg: c121/219 lr:0.000421 t:9.3s
tttg: c122/219 lr:0.000414 t:9.4s
tttg: c123/219 lr:0.000407 t:9.4s
tttg: c124/219 lr:0.000400 t:9.5s
tttg: c125/219 lr:0.000393 t:9.6s
tttg: c126/219 lr:0.000386 t:9.7s
tttg: c127/219 lr:0.000379 t:9.7s
tttg: c128/219 lr:0.000372 t:9.8s
tttg: c129/219 lr:0.000365 t:9.9s
tttg: c130/219 lr:0.000358 t:10.0s
tttg: c131/219 lr:0.000351 t:10.0s
tttg: c132/219 lr:0.000344 t:10.1s
tttg: c133/219 lr:0.000337 t:10.2s
tttg: c134/219 lr:0.000330 t:10.3s
tttg: c135/219 lr:0.000324 t:10.4s
tttg: c136/219 lr:0.000317 t:10.4s
tttg: c137/219 lr:0.000310 t:10.5s
tttg: c138/219 lr:0.000304 t:10.6s
tttg: c139/219 lr:0.000297 t:10.7s
tttg: c140/219 lr:0.000291 t:10.8s
tttg: c141/219 lr:0.000284 t:10.8s
tttg: c142/219 lr:0.000278 t:10.9s
tttg: c143/219 lr:0.000271 t:11.0s
tttg: c144/219 lr:0.000265 t:11.1s
tttg: c145/219 lr:0.000258 t:11.1s
tttg: c146/219 lr:0.000252 t:11.2s
tttg: c147/219 lr:0.000246 t:11.3s
tttg: c148/219 lr:0.000240 t:11.4s
tttg: c149/219 lr:0.000234 t:11.4s
tttg: c150/219 lr:0.000227 t:11.5s
tttg: c151/219 lr:0.000221 t:11.6s
tttg: c152/219 lr:0.000216 t:11.7s
tttg: c153/219 lr:0.000210 t:11.7s
tttg: c154/219 lr:0.000204 t:11.8s
tttg: c155/219 lr:0.000198 t:11.9s
tttg: c156/219 lr:0.000192 t:12.0s
tttg: c157/219 lr:0.000187 t:12.1s
tttg: c158/219 lr:0.000181 t:12.1s
tttg: c159/219 lr:0.000176 t:12.2s
tttg: c160/219 lr:0.000170 t:12.3s
tttg: c161/219 lr:0.000165 t:12.4s
tttg: c162/219 lr:0.000159 t:12.4s
tttg: c163/219 lr:0.000154 t:12.5s
tttg: c164/219 lr:0.000149 t:12.6s
tttg: c165/219 lr:0.000144 t:12.7s
tttg: c166/219 lr:0.000139 t:12.7s
tttg: c167/219 lr:0.000134 t:12.8s
tttg: c168/219 lr:0.000129 t:12.9s
tttg: c169/219 lr:0.000124 t:13.0s
tttg: c170/219 lr:0.000120 t:13.1s
tttg: c171/219 lr:0.000115 t:13.1s
tttg: c172/219 lr:0.000110 t:13.2s
tttg: c173/219 lr:0.000106 t:13.3s
tttg: c174/219 lr:0.000102 t:13.4s
tttg: c175/219 lr:0.000097 t:13.5s
tttg: c176/219 lr:0.000093 t:13.5s
tttg: c177/219 lr:0.000089 t:13.6s
tttg: c178/219 lr:0.000085 t:13.7s
tttg: c179/219 lr:0.000081 t:13.8s
tttg: c180/219 lr:0.000077 t:13.8s
tttg: c181/219 lr:0.000073 t:13.9s
tttg: c182/219 lr:0.000069 t:14.0s
tttg: c183/219 lr:0.000066 t:14.1s
tttg: c184/219 lr:0.000062 t:14.1s
tttg: c185/219 lr:0.000059 t:14.2s
tttg: c186/219 lr:0.000055 t:14.3s
tttg: c187/219 lr:0.000052 t:14.4s
tttg: c188/219 lr:0.000049 t:14.4s
tttg: c189/219 lr:0.000046 t:14.5s
tttg: c190/219 lr:0.000043 t:14.6s
tttg: c191/219 lr:0.000040 t:14.7s
tttg: c192/219 lr:0.000037 t:14.7s
tttg: c193/219 lr:0.000035 t:14.8s
tttg: c194/219 lr:0.000032 t:14.9s
tttg: c195/219 lr:0.000030 t:15.0s
tttg: c196/219 lr:0.000027 t:15.1s
tttg: c197/219 lr:0.000025 t:15.1s
tttg: c198/219 lr:0.000023 t:15.2s
tttg: c199/219 lr:0.000021 t:15.3s
tttg: c200/219 lr:0.000019 t:15.4s
tttg: c201/219 lr:0.000017 t:15.4s
tttg: c202/219 lr:0.000015 t:15.5s
tttg: c203/219 lr:0.000013 t:15.6s
tttg: c204/219 lr:0.000012 t:15.7s
tttg: c205/219 lr:0.000010 t:15.8s
tttg: c206/219 lr:0.000009 t:15.8s
tttg: c207/219 lr:0.000007 t:15.9s
tttg: c208/219 lr:0.000006 t:16.0s
tttg: c209/219 lr:0.000005 t:16.1s
tttg: c210/219 lr:0.000004 t:16.1s
tttg: c211/219 lr:0.000003 t:16.2s
tttg: c212/219 lr:0.000003 t:16.3s
tttg: c213/219 lr:0.000002 t:16.4s
tttg: c214/219 lr:0.000001 t:16.4s
tttg: c215/219 lr:0.000001 t:16.5s
tttg: c216/219 lr:0.000000 t:16.6s
tttg: c217/219 lr:0.000000 t:16.7s
tttg: c218/219 lr:0.000000 t:16.7s
ttpr: phase:2/3 t:264.4s
ttp: b745/782 bl:2.2362 bb:1.0238 rl:2.3030 rb:1.0738 dl:2842-2883 gd:0
ttp: b736/782 bl:2.2406 bb:1.0557 rl:2.2980 rb:1.0724 dl:2526-2550 gd:0
ttpp: phase:3/3 pd:2960 gd:2500 t:278.8s
tttg: c1/289 lr:0.001000 t:0.1s
tttg: c2/289 lr:0.001000 t:0.2s
tttg: c3/289 lr:0.001000 t:0.2s
tttg: c4/289 lr:0.001000 t:0.3s
tttg: c5/289 lr:0.001000 t:0.4s
tttg: c6/289 lr:0.000999 t:0.4s
tttg: c7/289 lr:0.000999 t:0.5s
tttg: c8/289 lr:0.000999 t:0.6s
tttg: c9/289 lr:0.000998 t:0.7s
tttg: c10/289 lr:0.000998 t:0.7s
tttg: c11/289 lr:0.000997 t:0.8s
tttg: c12/289 lr:0.000996 t:0.9s
tttg: c13/289 lr:0.000996 t:1.0s
tttg: c14/289 lr:0.000995 t:1.0s
tttg: c15/289 lr:0.000994 t:1.1s
tttg: c16/289 lr:0.000993 t:1.2s
tttg: c17/289 lr:0.000992 t:1.3s
tttg: c18/289 lr:0.000991 t:1.3s
tttg: c19/289 lr:0.000990 t:1.4s
tttg: c20/289 lr:0.000989 t:1.5s
tttg: c21/289 lr:0.000988 t:1.6s
tttg: c22/289 lr:0.000987 t:1.7s
tttg: c23/289 lr:0.000986 t:1.7s
tttg: c24/289 lr:0.000984 t:1.8s
tttg: c25/289 lr:0.000983 t:1.9s
tttg: c26/289 lr:0.000982 t:2.0s
tttg: c27/289 lr:0.000980 t:2.0s
tttg: c28/289 lr:0.000978 t:2.1s
tttg: c29/289 lr:0.000977 t:2.2s
tttg: c30/289 lr:0.000975 t:2.3s
tttg: c31/289 lr:0.000973 t:2.3s
tttg: c32/289 lr:0.000972 t:2.4s
tttg: c33/289 lr:0.000970 t:2.5s
tttg: c34/289 lr:0.000968 t:2.6s
tttg: c35/289 lr:0.000966 t:2.7s
tttg: c36/289 lr:0.000964 t:2.7s
tttg: c37/289 lr:0.000962 t:2.8s
tttg: c38/289 lr:0.000960 t:2.9s
tttg: c39/289 lr:0.000958 t:3.0s
tttg: c40/289 lr:0.000955 t:3.0s
tttg: c41/289 lr:0.000953 t:3.1s
tttg: c42/289 lr:0.000951 t:3.2s
tttg: c43/289 lr:0.000948 t:3.3s
tttg: c44/289 lr:0.000946 t:3.3s
tttg: c45/289 lr:0.000944 t:3.4s
tttg: c46/289 lr:0.000941 t:3.5s
tttg: c47/289 lr:0.000938 t:3.6s
tttg: c48/289 lr:0.000936 t:3.6s
tttg: c49/289 lr:0.000933 t:3.7s
tttg: c50/289 lr:0.000930 t:3.8s
tttg: c51/289 lr:0.000927 t:3.9s
tttg: c52/289 lr:0.000925 t:3.9s
tttg: c53/289 lr:0.000922 t:4.0s
tttg: c54/289 lr:0.000919 t:4.1s
tttg: c55/289 lr:0.000916 t:4.2s
tttg: c56/289 lr:0.000913 t:4.2s
tttg: c57/289 lr:0.000910 t:4.3s
tttg: c58/289 lr:0.000906 t:4.4s
tttg: c59/289 lr:0.000903 t:4.5s
tttg: c60/289 lr:0.000900 t:4.6s
tttg: c61/289 lr:0.000897 t:4.6s
tttg: c62/289 lr:0.000893 t:4.7s
tttg: c63/289 lr:0.000890 t:4.8s
tttg: c64/289 lr:0.000887 t:4.9s
tttg: c65/289 lr:0.000883 t:4.9s
tttg: c66/289 lr:0.000879 t:5.0s
tttg: c67/289 lr:0.000876 t:5.1s
tttg: c68/289 lr:0.000872 t:5.2s
tttg: c69/289 lr:0.000869 t:5.3s
tttg: c70/289 lr:0.000865 t:5.3s
tttg: c71/289 lr:0.000861 t:5.4s
tttg: c72/289 lr:0.000857 t:5.5s
tttg: c73/289 lr:0.000854 t:5.6s
tttg: c74/289 lr:0.000850 t:5.6s
tttg: c75/289 lr:0.000846 t:5.7s
tttg: c76/289 lr:0.000842 t:5.8s
tttg: c77/289 lr:0.000838 t:5.9s
tttg: c78/289 lr:0.000834 t:5.9s
tttg: c79/289 lr:0.000830 t:6.0s
tttg: c80/289 lr:0.000826 t:6.1s
tttg: c81/289 lr:0.000821 t:6.2s
tttg: c82/289 lr:0.000817 t:6.2s
tttg: c83/289 lr:0.000813 t:6.3s
tttg: c84/289 lr:0.000809 t:6.4s
tttg: c85/289 lr:0.000804 t:6.5s
tttg: c86/289 lr:0.000800 t:6.6s
tttg: c87/289 lr:0.000796 t:6.6s
tttg: c88/289 lr:0.000791 t:6.7s
tttg: c89/289 lr:0.000787 t:6.8s
tttg: c90/289 lr:0.000782 t:6.9s
tttg: c91/289 lr:0.000778 t:6.9s
tttg: c92/289 lr:0.000773 t:7.0s
tttg: c93/289 lr:0.000769 t:7.1s
tttg: c94/289 lr:0.000764 t:7.2s
tttg: c95/289 lr:0.000759 t:7.2s
tttg: c96/289 lr:0.000755 t:7.3s
tttg: c97/289 lr:0.000750 t:7.4s
tttg: c98/289 lr:0.000745 t:7.5s
tttg: c99/289 lr:0.000740 t:7.6s
tttg: c100/289 lr:0.000736 t:7.6s
tttg: c101/289 lr:0.000731 t:7.7s
tttg: c102/289 lr:0.000726 t:7.8s
tttg: c103/289 lr:0.000721 t:7.9s
tttg: c104/289 lr:0.000716 t:7.9s
tttg: c105/289 lr:0.000711 t:8.0s
tttg: c106/289 lr:0.000706 t:8.1s
tttg: c107/289 lr:0.000701 t:8.2s
tttg: c108/289 lr:0.000696 t:8.3s
tttg: c109/289 lr:0.000691 t:8.3s
tttg: c110/289 lr:0.000686 t:8.4s
tttg: c111/289 lr:0.000681 t:8.5s
tttg: c112/289 lr:0.000676 t:8.6s
tttg: c113/289 lr:0.000671 t:8.7s
tttg: c114/289 lr:0.000666 t:8.7s
tttg: c115/289 lr:0.000661 t:8.8s
tttg: c116/289 lr:0.000656 t:8.9s
tttg: c117/289 lr:0.000650 t:9.0s
tttg: c118/289 lr:0.000645 t:9.0s
tttg: c119/289 lr:0.000640 t:9.1s
tttg: c120/289 lr:0.000635 t:9.2s
tttg: c121/289 lr:0.000629 t:9.3s
tttg: c122/289 lr:0.000624 t:9.3s
tttg: c123/289 lr:0.000619 t:9.4s
tttg: c124/289 lr:0.000614 t:9.5s
tttg: c125/289 lr:0.000608 t:9.6s
tttg: c126/289 lr:0.000603 t:9.7s
tttg: c127/289 lr:0.000598 t:9.7s
tttg: c128/289 lr:0.000592 t:9.8s
tttg: c129/289 lr:0.000587 t:9.9s
tttg: c130/289 lr:0.000581 t:10.0s
tttg: c131/289 lr:0.000576 t:10.0s
tttg: c132/289 lr:0.000571 t:10.1s
tttg: c133/289 lr:0.000565 t:10.2s
tttg: c134/289 lr:0.000560 t:10.3s
tttg: c135/289 lr:0.000554 t:10.3s
tttg: c136/289 lr:0.000549 t:10.4s
tttg: c137/289 lr:0.000544 t:10.5s
tttg: c138/289 lr:0.000538 t:10.6s
tttg: c139/289 lr:0.000533 t:10.7s
tttg: c140/289 lr:0.000527 t:10.7s
tttg: c141/289 lr:0.000522 t:10.8s
tttg: c142/289 lr:0.000516 t:10.9s
tttg: c143/289 lr:0.000511 t:11.0s
tttg: c144/289 lr:0.000505 t:11.0s
tttg: c145/289 lr:0.000500 t:11.1s
tttg: c146/289 lr:0.000495 t:11.2s
tttg: c147/289 lr:0.000489 t:11.3s
tttg: c148/289 lr:0.000484 t:11.4s
tttg: c149/289 lr:0.000478 t:11.4s
tttg: c150/289 lr:0.000473 t:11.5s
tttg: c151/289 lr:0.000467 t:11.6s
tttg: c152/289 lr:0.000462 t:11.7s
tttg: c153/289 lr:0.000456 t:11.8s
tttg: c154/289 lr:0.000451 t:11.8s
tttg: c155/289 lr:0.000446 t:11.9s
tttg: c156/289 lr:0.000440 t:12.0s
tttg: c157/289 lr:0.000435 t:12.1s
tttg: c158/289 lr:0.000429 t:12.1s
tttg: c159/289 lr:0.000424 t:12.2s
tttg: c160/289 lr:0.000419 t:12.3s
tttg: c161/289 lr:0.000413 t:12.4s
tttg: c162/289 lr:0.000408 t:12.4s
tttg: c163/289 lr:0.000402 t:12.5s
tttg: c164/289 lr:0.000397 t:12.6s
tttg: c165/289 lr:0.000392 t:12.7s
tttg: c166/289 lr:0.000386 t:12.7s
tttg: c167/289 lr:0.000381 t:12.8s
tttg: c168/289 lr:0.000376 t:12.9s
tttg: c169/289 lr:0.000371 t:13.0s
tttg: c170/289 lr:0.000365 t:13.0s
tttg: c171/289 lr:0.000360 t:13.1s
tttg: c172/289 lr:0.000355 t:13.2s
tttg: c173/289 lr:0.000350 t:13.3s
tttg: c174/289 lr:0.000344 t:13.4s
tttg: c175/289 lr:0.000339 t:13.4s
tttg: c176/289 lr:0.000334 t:13.5s
tttg: c177/289 lr:0.000329 t:13.6s
tttg: c178/289 lr:0.000324 t:13.7s
tttg: c179/289 lr:0.000319 t:13.7s
tttg: c180/289 lr:0.000314 t:13.8s
tttg: c181/289 lr:0.000309 t:13.9s
tttg: c182/289 lr:0.000304 t:14.0s
tttg: c183/289 lr:0.000299 t:14.0s
tttg: c184/289 lr:0.000294 t:14.1s
tttg: c185/289 lr:0.000289 t:14.2s
tttg: c186/289 lr:0.000284 t:14.3s
tttg: c187/289 lr:0.000279 t:14.3s
tttg: c188/289 lr:0.000274 t:14.4s
tttg: c189/289 lr:0.000269 t:14.5s
tttg: c190/289 lr:0.000264 t:14.6s
tttg: c191/289 lr:0.000260 t:14.7s
tttg: c192/289 lr:0.000255 t:14.7s
tttg: c193/289 lr:0.000250 t:14.8s
tttg: c194/289 lr:0.000245 t:14.9s
tttg: c195/289 lr:0.000241 t:15.0s
tttg: c196/289 lr:0.000236 t:15.0s
tttg: c197/289 lr:0.000231 t:15.1s
tttg: c198/289 lr:0.000227 t:15.2s
tttg: c199/289 lr:0.000222 t:15.3s
tttg: c200/289 lr:0.000218 t:15.3s
tttg: c201/289 lr:0.000213 t:15.4s
tttg: c202/289 lr:0.000209 t:15.5s
tttg: c203/289 lr:0.000204 t:15.6s
tttg: c204/289 lr:0.000200 t:15.6s
tttg: c205/289 lr:0.000196 t:15.7s
tttg: c206/289 lr:0.000191 t:15.8s
tttg: c207/289 lr:0.000187 t:15.9s
tttg: c208/289 lr:0.000183 t:16.0s
tttg: c209/289 lr:0.000179 t:16.0s
tttg: c210/289 lr:0.000174 t:16.1s
tttg: c211/289 lr:0.000170 t:16.2s
tttg: c212/289 lr:0.000166 t:16.3s
tttg: c213/289 lr:0.000162 t:16.3s
tttg: c214/289 lr:0.000158 t:16.4s
tttg: c215/289 lr:0.000154 t:16.5s
tttg: c216/289 lr:0.000150 t:16.6s
tttg: c217/289 lr:0.000146 t:16.6s
tttg: c218/289 lr:0.000143 t:16.7s
tttg: c219/289 lr:0.000139 t:16.8s
tttg: c220/289 lr:0.000135 t:16.9s
tttg: c221/289 lr:0.000131 t:16.9s
tttg: c222/289 lr:0.000128 t:17.0s
tttg: c223/289 lr:0.000124 t:17.1s
tttg: c224/289 lr:0.000121 t:17.2s
tttg: c225/289 lr:0.000117 t:17.3s
tttg: c226/289 lr:0.000113 t:17.3s
tttg: c227/289 lr:0.000110 t:17.4s
tttg: c228/289 lr:0.000107 t:17.5s
tttg: c229/289 lr:0.000103 t:17.6s
tttg: c230/289 lr:0.000100 t:17.6s
tttg: c231/289 lr:0.000097 t:17.7s
tttg: c232/289 lr:0.000094 t:17.8s
tttg: c233/289 lr:0.000090 t:17.9s
tttg: c234/289 lr:0.000087 t:17.9s
tttg: c235/289 lr:0.000084 t:18.0s
tttg: c236/289 lr:0.000081 t:18.1s
tttg: c237/289 lr:0.000078 t:18.2s
tttg: c238/289 lr:0.000075 t:18.3s
tttg: c239/289 lr:0.000073 t:18.3s
tttg: c240/289 lr:0.000070 t:18.4s
tttg: c241/289 lr:0.000067 t:18.5s
tttg: c242/289 lr:0.000064 t:18.6s
tttg: c243/289 lr:0.000062 t:18.6s
tttg: c244/289 lr:0.000059 t:18.7s
tttg: c245/289 lr:0.000056 t:18.8s
tttg: c246/289 lr:0.000054 t:18.9s
tttg: c247/289 lr:0.000052 t:18.9s
tttg: c248/289 lr:0.000049 t:19.0s
tttg: c249/289 lr:0.000047 t:19.1s
tttg: c250/289 lr:0.000045 t:19.2s
tttg: c251/289 lr:0.000042 t:19.3s
tttg: c252/289 lr:0.000040 t:19.3s
tttg: c253/289 lr:0.000038 t:19.4s
tttg: c254/289 lr:0.000036 t:19.5s
tttg: c255/289 lr:0.000034 t:19.6s
tttg: c256/289 lr:0.000032 t:19.6s
tttg: c257/289 lr:0.000030 t:19.7s
tttg: c258/289 lr:0.000028 t:19.8s
tttg: c259/289 lr:0.000027 t:19.9s
tttg: c260/289 lr:0.000025 t:20.0s
tttg: c261/289 lr:0.000023 t:20.0s
tttg: c262/289 lr:0.000022 t:20.1s
tttg: c263/289 lr:0.000020 t:20.2s
tttg: c264/289 lr:0.000018 t:20.3s
tttg: c265/289 lr:0.000017 t:20.3s
tttg: c266/289 lr:0.000016 t:20.4s
tttg: c267/289 lr:0.000014 t:20.5s
tttg: c268/289 lr:0.000013 t:20.6s
tttg: c269/289 lr:0.000012 t:20.6s
tttg: c270/289 lr:0.000011 t:20.7s
tttg: c271/289 lr:0.000010 t:20.8s
tttg: c272/289 lr:0.000009 t:20.9s
tttg: c273/289 lr:0.000008 t:20.9s
tttg: c274/289 lr:0.000007 t:21.0s
tttg: c275/289 lr:0.000006 t:21.1s
tttg: c276/289 lr:0.000005 t:21.2s
tttg: c277/289 lr:0.000004 t:21.3s
tttg: c278/289 lr:0.000004 t:21.3s
tttg: c279/289 lr:0.000003 t:21.4s
tttg: c280/289 lr:0.000002 t:21.5s
tttg: c281/289 lr:0.000002 t:21.6s
tttg: c282/289 lr:0.000001 t:21.6s
tttg: c283/289 lr:0.000001 t:21.7s
tttg: c284/289 lr:0.000001 t:21.8s
tttg: c285/289 lr:0.000000 t:21.9s
tttg: c286/289 lr:0.000000 t:21.9s
tttg: c287/289 lr:0.000000 t:22.0s
tttg: c288/289 lr:0.000000 t:22.1s
ttpr: phase:3/3 t:302.3s
ttp: b733/782 bl:2.3811 bb:1.0661 rl:2.3040 rb:1.0719 dl:2441-2468 gd:1
ttp: b721/782 bl:2.3056 bb:1.0239 rl:2.3041 rb:1.0689 dl:2144-2163 gd:1
ttp: b712/782 bl:2.3342 bb:1.0586 rl:2.3056 rb:1.0684 dl:1984-2002 gd:1
ttp: b710/782 bl:2.2240 bb:1.0412 rl:2.3016 rb:1.0671 dl:1952-1966 gd:1
ttp: b700/782 bl:2.2946 bb:1.0247 rl:2.3013 rb:1.0652 dl:1824-1834 gd:1
ttp: b689/782 bl:2.3893 bb:1.0757 rl:2.3048 rb:1.0656 dl:1706-1715 gd:1
ttp: b686/782 bl:2.4395 bb:1.0739 rl:2.3098 rb:1.0659 dl:1675-1685 gd:1
ttp: b674/782 bl:2.4018 bb:1.0878 rl:2.3128 rb:1.0667 dl:1571-1578 gd:1
ttp: b670/782 bl:2.3436 bb:1.0664 rl:2.3138 rb:1.0666 dl:1537-1544 gd:1
ttp: b657/782 bl:2.3225 bb:1.0555 rl:2.3141 rb:1.0663 dl:1445-1452 gd:1
ttp: b649/782 bl:2.2799 bb:1.0136 rl:2.3132 rb:1.0648 dl:1392-1398 gd:1
ttp: b641/782 bl:2.2899 bb:1.0248 rl:2.3126 rb:1.0638 dl:1343-1349 gd:1
ttp: b633/782 bl:2.2778 bb:1.0234 rl:2.3117 rb:1.0628 dl:1297-1302 gd:1
ttp: b626/782 bl:2.3092 bb:1.0261 rl:2.3117 rb:1.0619 dl:1260-1265 gd:1
ttp: b619/782 bl:2.3224 bb:1.0591 rl:2.3119 rb:1.0619 dl:1221-1226 gd:1
ttp: b611/782 bl:2.2929 bb:1.0239 rl:2.3115 rb:1.0611 dl:1182-1186 gd:1
ttp: b603/782 bl:2.4259 bb:1.0625 rl:2.3137 rb:1.0611 dl:1146-1150 gd:1
ttp: b599/782 bl:2.3643 bb:1.0696 rl:2.3147 rb:1.0613 dl:1129-1133 gd:1
ttp: b591/782 bl:2.3032 bb:1.0307 rl:2.3145 rb:1.0607 dl:1093-1098 gd:1
ttp: b584/782 bl:2.2946 bb:1.0374 rl:2.3141 rb:1.0603 dl:1064-1069 gd:1
ttp: b575/782 bl:2.2886 bb:1.0415 rl:2.3137 rb:1.0600 dl:1029-1033 gd:1
ttp: b566/782 bl:2.2948 bb:1.0250 rl:2.3134 rb:1.0594 dl:997-1001 gd:1
ttp: b549/782 bl:2.2539 bb:1.0190 rl:2.3126 rb:1.0588 dl:939-943 gd:1
ttp: b541/782 bl:2.3226 bb:1.0306 rl:2.3127 rb:1.0584 dl:915-918 gd:1
ttp: b533/782 bl:2.3704 bb:1.0664 rl:2.3135 rb:1.0585 dl:890-892 gd:1
ttp: b525/782 bl:2.3519 bb:1.0193 rl:2.3140 rb:1.0580 dl:866-869 gd:1
ttp: b517/782 bl:2.3510 bb:1.0259 rl:2.3144 rb:1.0576 dl:843-846 gd:1
ttp: b509/782 bl:2.3565 bb:1.0346 rl:2.3149 rb:1.0573 dl:820-823 gd:1
ttp: b501/782 bl:2.3761 bb:1.0497 rl:2.3156 rb:1.0572 dl:799-802 gd:1
ttp: b493/782 bl:2.3613 bb:1.0423 rl:2.3161 rb:1.0571 dl:778-780 gd:1
ttp: b485/782 bl:2.2925 bb:1.0327 rl:2.3159 rb:1.0568 dl:759-761 gd:1
ttp: b477/782 bl:2.4025 bb:1.0346 rl:2.3168 rb:1.0566 dl:740-742 gd:1
ttp: b470/782 bl:2.3453 bb:1.0555 rl:2.3170 rb:1.0565 dl:724-726 gd:1
ttp: b464/782 bl:2.2676 bb:1.0162 rl:2.3166 rb:1.0561 dl:710-712 gd:1
ttp: b458/782 bl:2.1983 bb:1.0195 rl:2.3155 rb:1.0558 dl:697-700 gd:1
ttp: b450/782 bl:2.3586 bb:1.0339 rl:2.3158 rb:1.0556 dl:680-682 gd:1
ttp: b442/782 bl:2.2573 bb:1.0301 rl:2.3153 rb:1.0554 dl:664-666 gd:1
ttp: b434/782 bl:2.3649 bb:1.0499 rl:2.3158 rb:1.0553 dl:647-648 gd:1
ttp: b426/782 bl:2.2554 bb:1.0437 rl:2.3153 rb:1.0552 dl:632-634 gd:1
ttp: b419/782 bl:2.3161 bb:1.0500 rl:2.3153 rb:1.0552 dl:618-620 gd:1
ttp: b412/782 bl:2.3339 bb:1.0465 rl:2.3154 rb:1.0551 dl:605-607 gd:1
ttp: b405/782 bl:2.3530 bb:1.0559 rl:2.3157 rb:1.0551 dl:592-593 gd:1
ttp: b397/782 bl:2.3517 bb:1.0430 rl:2.3160 rb:1.0550 dl:577-579 gd:1
ttp: b388/782 bl:2.3038 bb:1.0389 rl:2.3159 rb:1.0549 dl:561-562 gd:1
ttp: b380/782 bl:2.3611 bb:1.0888 rl:2.3162 rb:1.0552 dl:547-549 gd:1
ttp: b372/782 bl:2.3306 bb:1.0468 rl:2.3163 rb:1.0551 dl:533-535 gd:1
ttp: b364/782 bl:2.3454 bb:1.0605 rl:2.3165 rb:1.0551 dl:521-522 gd:1
ttp: b356/782 bl:2.3404 bb:1.0539 rl:2.3166 rb:1.0551 dl:506-508 gd:1
ttp: b348/782 bl:2.3643 bb:1.0604 rl:2.3169 rb:1.0552 dl:494-495 gd:1
ttp: b340/782 bl:2.4574 bb:1.0803 rl:2.3177 rb:1.0553 dl:482-483 gd:1
ttp: b332/782 bl:2.3088 bb:1.0451 rl:2.3176 rb:1.0553 dl:469-471 gd:1
ttp: b323/782 bl:2.3797 bb:1.0744 rl:2.3180 rb:1.0554 dl:457-458 gd:1
ttp: b315/782 bl:2.4057 bb:1.1052 rl:2.3184 rb:1.0556 dl:444-445 gd:1
ttp: b305/782 bl:2.3353 bb:1.0855 rl:2.3185 rb:1.0558 dl:429-430 gd:1
ttp: b298/782 bl:2.4203 bb:1.1021 rl:2.3190 rb:1.0560 dl:418-420 gd:1
ttp: b291/782 bl:2.2620 bb:1.0114 rl:2.3188 rb:1.0558 dl:407-409 gd:1
ttp: b283/782 bl:2.3709 bb:1.1273 rl:2.3190 rb:1.0561 dl:396-398 gd:1
ttp: b276/782 bl:2.3864 bb:1.1030 rl:2.3193 rb:1.0563 dl:387-388 gd:1
ttp: b266/782 bl:2.3768 bb:1.1059 rl:2.3195 rb:1.0565 dl:374-375 gd:1
ttp: b259/782 bl:2.3432 bb:1.0989 rl:2.3196 rb:1.0567 dl:365-366 gd:1
ttp: b251/782 bl:2.3694 bb:1.0954 rl:2.3198 rb:1.0568 dl:355-356 gd:1
ttp: b243/782 bl:2.3482 bb:1.0775 rl:2.3200 rb:1.0569 dl:345-346 gd:1
ttp: b235/782 bl:2.2879 bb:1.1015 rl:2.3198 rb:1.0571 dl:335-336 gd:1
ttp: b229/782 bl:2.3638 bb:1.0654 rl:2.3200 rb:1.0571 dl:328-329 gd:1
ttp: b217/782 bl:2.3642 bb:1.1288 rl:2.3201 rb:1.0573 dl:314-315 gd:1
ttp: b209/782 bl:2.4143 bb:1.1293 rl:2.3205 rb:1.0576 dl:305-306 gd:1
ttp: b201/782 bl:2.2938 bb:1.0942 rl:2.3204 rb:1.0577 dl:297-298 gd:1
ttp: b192/782 bl:2.3722 bb:1.1521 rl:2.3205 rb:1.0580 dl:286-288 gd:1
ttp: b188/782 bl:2.3356 bb:1.0967 rl:2.3206 rb:1.0581 dl:282-283 gd:1
ttp: b180/782 bl:2.4223 bb:1.1098 rl:2.3209 rb:1.0583 dl:274-275 gd:1
ttp: b169/782 bl:2.3754 bb:1.1164 rl:2.3211 rb:1.0584 dl:263-264 gd:1
ttp: b161/782 bl:2.3466 bb:1.1296 rl:2.3211 rb:1.0586 dl:256-256 gd:1
ttp: b153/782 bl:2.2575 bb:1.0442 rl:2.3210 rb:1.0586 dl:248-249 gd:1
ttp: b145/782 bl:2.5276 bb:1.1684 rl:2.3215 rb:1.0589 dl:240-241 gd:1
ttp: b141/782 bl:2.4691 bb:1.1268 rl:2.3219 rb:1.0590 dl:236-237 gd:1
ttp: b133/782 bl:2.3695 bb:1.1366 rl:2.3220 rb:1.0592 dl:229-230 gd:1
ttp: b124/782 bl:2.3836 bb:1.1643 rl:2.3221 rb:1.0594 dl:220-222 gd:1
ttp: b117/782 bl:2.4630 bb:1.1968 rl:2.3225 rb:1.0597 dl:214-215 gd:1
ttp: b110/782 bl:2.3689 bb:1.1242 rl:2.3226 rb:1.0599 dl:208-208 gd:1
ttp: b101/782 bl:2.5128 bb:1.1550 rl:2.3230 rb:1.0601 dl:200-201 gd:1
ttp: b93/782 bl:2.4731 bb:1.1862 rl:2.3233 rb:1.0603 dl:192-193 gd:1
ttp: b86/782 bl:2.4514 bb:1.1310 rl:2.3235 rb:1.0605 dl:186-187 gd:1
ttp: b77/782 bl:2.5132 bb:1.2344 rl:2.3239 rb:1.0608 dl:178-179 gd:1
ttp: b71/782 bl:2.4540 bb:1.1728 rl:2.3241 rb:1.0610 dl:173-173 gd:1
ttp: b63/782 bl:2.5160 bb:1.2001 rl:2.3245 rb:1.0612 dl:166-166 gd:1
ttp: b51/782 bl:2.4873 bb:1.1899 rl:2.3247 rb:1.0614 dl:154-155 gd:1
ttp: b43/782 bl:2.5019 bb:1.2214 rl:2.3250 rb:1.0616 dl:146-147 gd:1
ttp: b32/782 bl:2.6074 bb:1.2157 rl:2.3254 rb:1.0619 dl:135-136 gd:1
ttp: b23/782 bl:2.5944 bb:1.2185 rl:2.3258 rb:1.0621 dl:126-127 gd:1
ttp: b15/782 bl:2.6437 bb:1.2278 rl:2.3262 rb:1.0623 dl:115-117 gd:1
ttp: b8/782 bl:2.8010 bb:1.3001 rl:2.3267 rb:1.0625 dl:103-105 gd:1
quantized_ttt_phased val_loss:2.31929255 val_bpb:1.05982619 eval_time:395928ms
total_eval_time:395.9s
