W0430 01:40:27.744000 398899 torch/distributed/run.py:803] 
W0430 01:40:27.744000 398899 torch/distributed/run.py:803] *****************************************
W0430 01:40:27.744000 398899 torch/distributed/run.py:803] Setting OMP_NUM_THREADS environment variable for each process to be 1 in default, to avoid your system being overloaded, please further tune the variable for optimal performance in your application as needed. 
W0430 01:40:27.744000 398899 torch/distributed/run.py:803] *****************************************
Hyperparameters:
  adam_eps: 1e-08
  adam_wd: 0.02
  artifact_dir: 
  attn_clip_sigmas: 13.0
  attn_out_gate_enabled: False
  attn_out_gate_src: proj
  beta1: 0.9
  beta2: 0.99
  caseops_enabled: True
  compressor: brotli
  data_dir: ./data
  datasets_dir: ./data/datasets/fineweb10B_sp8192_caseops/datasets/datasets/fineweb10B_sp8192_lossless_caps_caseops_v1_reserved
  distributed: True
  ema_decay: 0.9965
  embed_bits: 7
  embed_clip_sigmas: 14.0
  embed_lr: 0.6
  embed_wd: 0.085
  enable_looping_at: 0.35
  eval_seq_len: 2048
  eval_stride: 64
  fused_ce_enabled: True
  gate_window: 12
  gated_attn_enabled: False
  gated_attn_init_std: 0.01
  gated_attn_quant_gate: False
  global_ttt_batch_seqs: 32
  global_ttt_chunk_tokens: 32768
  global_ttt_epochs: 1
  global_ttt_grad_clip: 1.0
  global_ttt_lr: 0.001
  global_ttt_momentum: 0.9
  global_ttt_muon_nesterov: True
  global_ttt_muon_ns_steps: 5
  global_ttt_optimizer: sgd
  global_ttt_respect_doc_boundaries: True
  global_ttt_warmup_chunks: 0
  global_ttt_warmup_start_lr: 0.0
  gptq_calibration_batches: 16
  gptq_reserve_seconds: 0.5
  grad_accum_steps: 1
  grad_clip_norm: 0.3
  is_main_process: True
  iterations: 20000
  ln_scale: True
  local_rank: 0
  logfile: logs/1a56726c-0bd9-4dae-af4c-947879fe3c35.txt
  logit_softcap: 30.0
  loop_end: 5
  loop_start: 3
  lqer_asym_enabled: True
  lqer_asym_group: 64
  lqer_enabled: True
  lqer_factor_bits: 4
  lqer_rank: 4
  lqer_top_k: 3
  matrix_bits: 6
  matrix_clip_sigmas: 12.85
  matrix_lr: 0.026
  max_wallclock_seconds: 600.0
  min_lr: 0.1
  mlp_clip_sigmas: 11.5
  mlp_mult: 4.0
  model_dim: 512
  model_path: final_model.pt
  muon_backend_steps: 5
  muon_huber_delta: 0.1
  muon_huber_wd: False
  muon_momentum: 0.97
  muon_momentum_warmup_start: 0.92
  muon_momentum_warmup_steps: 1500
  muon_row_normalize: True
  muon_wd: 0.095
  num_heads: 8
  num_kv_heads: 4
  num_layers: 11
  num_loops: 2
  optrot_enabled: False
  parallel_final_lane: mean
  parallel_start_layer: 8
  phased_ttt_num_phases: 2
  phased_ttt_prefix_docs: 2500
  qk_gain_init: 5.0
  qk_gain_schedule: []
  quantized_model_path: final_model.int6.ptz
  rank: 0
  rope_base: 10000.0
  rope_dims: 16
  rope_train_seq_len: 2048
  rope_yarn: False
  run_id: 1a56726c-0bd9-4dae-af4c-947879fe3c35
  scalar_lr: 0.02
  seed: 314
  skip_gates_enabled: True
  smear_gate_enabled: True
  sparse_attn_gate_enabled: True
  sparse_attn_gate_init_std: 0.0
  sparse_attn_gate_scale: 0.5
  tie_embeddings: True
  tied_embed_init_std: 0.005
  tied_embed_lr: 0.03
  tokenizer_path: ./data/datasets/fineweb10B_sp8192_caseops/datasets/tokenizers/fineweb_8192_bpe_lossless_caps_caseops_v1_reserved.model
  train_batch_tokens: 786432
  train_files: ./data/datasets/fineweb10B_sp8192_caseops/datasets/datasets/fineweb10B_sp8192_lossless_caps_caseops_v1_reserved/fineweb_train_*.bin
  train_log_every: 500
  train_seq_len: 2048
  ttt_batch_size: 64
  ttt_beta1: 0.0
  ttt_beta2: 0.99
  ttt_chunk_size: 48
  ttt_enabled: True
  ttt_eval_batches: 
  ttt_eval_seq_len: 2048
  ttt_grad_steps: 1
  ttt_k_lora: False
  ttt_lora_lr: 0.0001
  ttt_lora_rank: 64
  ttt_mlp_lora: True
  ttt_o_lora: True
  ttt_optimizer: adam
  ttt_weight_decay: 0.5
  val_batch_tokens: 524288
  val_bytes_files: ./data/datasets/fineweb10B_sp8192_caseops/datasets/datasets/fineweb10B_sp8192_lossless_caps_caseops_v1_reserved/fineweb_val_bytes_*.bin
  val_doc_fraction: 1.0
  val_files: ./data/datasets/fineweb10B_sp8192_caseops/datasets/datasets/fineweb10B_sp8192_lossless_caps_caseops_v1_reserved/fineweb_val_*.bin
  val_loss_every: 4000
  vocab_size: 8192
  warmdown_frac: 0.85
  warmup_steps: 20
  world_size: 8
  xsa_last_n: 11
train_shards: 1499
val_tokens: 47851520
model_params:35945671
gptq:reserving 0s, effective=599500ms
warmup_cu_buckets:64,128,192,256 iters_each:3
warmup_step: 1/20
warmup_step: 2/20
warmup_step: 3/20
warmup_step: 4/20
warmup_step: 5/20
warmup_step: 6/20
warmup_step: 10/20
warmup_step: 20/20
loop_warmup:enabled encoder:[0, 1, 2, 3, 4, 5, 3, 4] decoder:[5, 3, 4, 5, 6, 7, 8, 9, 10]
loop_warmup_step: 1/20
loop_warmup_step: 2/20
loop_warmup_step: 3/20
loop_warmup_step: 4/20
loop_warmup_step: 5/20
loop_warmup_step: 6/20
loop_warmup_step: 10/20
loop_warmup_step: 20/20
0/20000 val_loss: 8.9980 val_bpb: 4.1115
1/20000 train_loss: 8.9988 train_time: 0.0m tok/s: 12480269
2/20000 train_loss: 12.8629 train_time: 0.0m tok/s: 11572937
3/20000 train_loss: 10.2340 train_time: 0.0m tok/s: 10367610
4/20000 train_loss: 8.6755 train_time: 0.0m tok/s: 9836068
5/20000 train_loss: 7.8914 train_time: 0.0m tok/s: 9553386
500/20000 train_loss: 2.7355 train_time: 0.8m tok/s: 8426858
1000/20000 train_loss: 2.7811 train_time: 1.6m tok/s: 8403599
1500/20000 train_loss: 2.7192 train_time: 2.3m tok/s: 8398936
2000/20000 train_loss: 2.4915 train_time: 3.1m tok/s: 8399574
layer_loop:enabled step:2241 frac:0.350 encoder:[0, 1, 2, 3, 4, 5, 3, 4] decoder:[5, 3, 4, 5, 6, 7, 8, 9, 10]
2500/20000 train_loss: 2.6715 train_time: 4.1m tok/s: 8002191
3000/20000 train_loss: 2.4865 train_time: 5.3m tok/s: 7465549
3500/20000 train_loss: 2.3671 train_time: 6.5m tok/s: 7065681
4000/20000 train_loss: 2.5081 train_time: 7.7m tok/s: 6840555
4000/20000 val_loss: 2.4287 val_bpb: 1.1097
4500/20000 train_loss: 2.3900 train_time: 8.8m tok/s: 6689661
5000/20000 train_loss: 2.2755 train_time: 10.0m tok/s: 6573573
5010/20000 val_loss: 2.3542 val_bpb: 1.0757
stopping_early: wallclock_cap train_time: 599603ms step: 5010/20000
peak memory allocated: 41709 MiB reserved: 47026 MiB
ema:applying EMA weights
diagnostic pre-quantization post-ema val_loss:2.32834412 val_bpb:1.06389332 eval_time:7599ms
Serialized model: 135417533 bytes
Code size (uncompressed): 167610 bytes
Code size (compressed): 33230 bytes
GPTQ:collecting Hessians from calibration data...
GPTQ:collected 67 Hessians in 3.5s
Quantized weights:
  gptq (int6): blocks.attn.c_k.weight, blocks.attn.c_q.weight, blocks.attn.c_v.weight, blocks.attn.proj.weight, blocks.mlp.fc.weight, blocks.mlp.proj.weight
  gptq (int6)+lqer_asym: blocks.mlp.fc.weight
  gptq (int7)+lqer_asym: tok_emb.weight
  passthrough (float16): blocks.attn.attn_gate_w, blocks.attn.q_gain, blocks.attn_scale, blocks.mlp_scale, blocks.resid_mix, parallel_post_lambdas, parallel_resid_lambdas, skip_gates, skip_weights, smear_gate.weight, smear_lambda
Serialized model quantized+brotli: 16110062 bytes
Total submission size quantized+brotli: 16143292 bytes
diagnostic quantized val_loss:2.34711116 val_bpb:1.07246857 eval_time:11672ms
ttt_lora:warming up compile (random tokens, no val data)
ttt_lora:compile warmup done (159.0s)

beginning TTT eval timer
ttt_phased: total_docs:50000 prefix_docs:2500 suffix_docs:47500 num_phases:2 boundaries:[1250, 2500]
ttp: b775/782 bl:2.2755 bb:1.0579 rl:2.2755 rb:1.0579 dl:6892-7524 gd:0
ttp: b772/782 bl:2.3244 bb:1.0955 rl:2.2976 rb:1.0748 dl:5762-6095 gd:0
ttp: b768/782 bl:2.2391 bb:1.0428 rl:2.2815 rb:1.0659 dl:4859-5083 gd:0
ttp: b761/782 bl:2.4105 bb:1.1113 rl:2.3048 rb:1.0742 dl:3916-4032 gd:0
ttp: b756/782 bl:2.3275 bb:1.0359 rl:2.3079 rb:1.0687 dl:3466-3549 gd:0
ttpp: phase:1/2 pd:1680 gd:1250 t:212.5s
tttg: c1/181 lr:0.001000 t:0.3s
tttg: c2/181 lr:0.001000 t:0.4s
tttg: c3/181 lr:0.001000 t:0.5s
tttg: c4/181 lr:0.000999 t:0.6s
tttg: c5/181 lr:0.000999 t:0.6s
tttg: c6/181 lr:0.000998 t:0.7s
tttg: c7/181 lr:0.000997 t:0.8s
tttg: c8/181 lr:0.000996 t:0.9s
tttg: c9/181 lr:0.000995 t:1.0s
tttg: c10/181 lr:0.000994 t:1.0s
tttg: c11/181 lr:0.000992 t:1.1s
tttg: c12/181 lr:0.000991 t:1.2s
tttg: c13/181 lr:0.000989 t:1.3s
tttg: c14/181 lr:0.000987 t:1.3s
tttg: c15/181 lr:0.000985 t:1.4s
tttg: c16/181 lr:0.000983 t:1.5s
tttg: c17/181 lr:0.000981 t:1.6s
tttg: c18/181 lr:0.000978 t:1.7s
tttg: c19/181 lr:0.000976 t:1.7s
tttg: c20/181 lr:0.000973 t:1.8s
tttg: c21/181 lr:0.000970 t:1.9s
tttg: c22/181 lr:0.000967 t:2.0s
tttg: c23/181 lr:0.000964 t:2.0s
tttg: c24/181 lr:0.000960 t:2.1s
tttg: c25/181 lr:0.000957 t:2.2s
tttg: c26/181 lr:0.000953 t:2.3s
tttg: c27/181 lr:0.000949 t:2.4s
tttg: c28/181 lr:0.000946 t:2.4s
tttg: c29/181 lr:0.000941 t:2.5s
tttg: c30/181 lr:0.000937 t:2.6s
tttg: c31/181 lr:0.000933 t:2.7s
tttg: c32/181 lr:0.000929 t:2.8s
tttg: c33/181 lr:0.000924 t:2.8s
tttg: c34/181 lr:0.000919 t:2.9s
tttg: c35/181 lr:0.000915 t:3.0s
tttg: c36/181 lr:0.000910 t:3.1s
tttg: c37/181 lr:0.000905 t:3.1s
tttg: c38/181 lr:0.000899 t:3.2s
tttg: c39/181 lr:0.000894 t:3.3s
tttg: c40/181 lr:0.000889 t:3.4s
tttg: c41/181 lr:0.000883 t:3.5s
tttg: c42/181 lr:0.000877 t:3.5s
tttg: c43/181 lr:0.000872 t:3.6s
tttg: c44/181 lr:0.000866 t:3.7s
tttg: c45/181 lr:0.000860 t:3.8s
tttg: c46/181 lr:0.000854 t:3.9s
tttg: c47/181 lr:0.000847 t:3.9s
tttg: c48/181 lr:0.000841 t:4.0s
tttg: c49/181 lr:0.000835 t:4.1s
tttg: c50/181 lr:0.000828 t:4.2s
tttg: c51/181 lr:0.000821 t:4.2s
tttg: c52/181 lr:0.000815 t:4.3s
tttg: c53/181 lr:0.000808 t:4.4s
tttg: c54/181 lr:0.000801 t:4.5s
tttg: c55/181 lr:0.000794 t:4.6s
tttg: c56/181 lr:0.000787 t:4.6s
tttg: c57/181 lr:0.000780 t:4.7s
tttg: c58/181 lr:0.000772 t:4.8s
tttg: c59/181 lr:0.000765 t:4.9s
tttg: c60/181 lr:0.000758 t:5.0s
tttg: c61/181 lr:0.000750 t:5.0s
tttg: c62/181 lr:0.000742 t:5.1s
tttg: c63/181 lr:0.000735 t:5.2s
tttg: c64/181 lr:0.000727 t:5.3s
tttg: c65/181 lr:0.000719 t:5.4s
tttg: c66/181 lr:0.000711 t:5.4s
tttg: c67/181 lr:0.000703 t:5.5s
tttg: c68/181 lr:0.000695 t:5.6s
tttg: c69/181 lr:0.000687 t:5.7s
tttg: c70/181 lr:0.000679 t:5.7s
tttg: c71/181 lr:0.000671 t:5.8s
tttg: c72/181 lr:0.000663 t:5.9s
tttg: c73/181 lr:0.000655 t:6.0s
tttg: c74/181 lr:0.000646 t:6.1s
tttg: c75/181 lr:0.000638 t:6.1s
tttg: c76/181 lr:0.000629 t:6.2s
tttg: c77/181 lr:0.000621 t:6.3s
tttg: c78/181 lr:0.000612 t:6.4s
tttg: c79/181 lr:0.000604 t:6.4s
tttg: c80/181 lr:0.000595 t:6.5s
tttg: c81/181 lr:0.000587 t:6.6s
tttg: c82/181 lr:0.000578 t:6.7s
tttg: c83/181 lr:0.000570 t:6.8s
tttg: c84/181 lr:0.000561 t:6.8s
tttg: c85/181 lr:0.000552 t:6.9s
tttg: c86/181 lr:0.000544 t:7.0s
tttg: c87/181 lr:0.000535 t:7.1s
tttg: c88/181 lr:0.000526 t:7.2s
tttg: c89/181 lr:0.000517 t:7.2s
tttg: c90/181 lr:0.000509 t:7.3s
tttg: c91/181 lr:0.000500 t:7.4s
tttg: c92/181 lr:0.000491 t:7.5s
tttg: c93/181 lr:0.000483 t:7.5s
tttg: c94/181 lr:0.000474 t:7.6s
tttg: c95/181 lr:0.000465 t:7.7s
tttg: c96/181 lr:0.000456 t:7.8s
tttg: c97/181 lr:0.000448 t:7.9s
tttg: c98/181 lr:0.000439 t:7.9s
tttg: c99/181 lr:0.000430 t:8.0s
tttg: c100/181 lr:0.000422 t:8.1s
tttg: c101/181 lr:0.000413 t:8.2s
tttg: c102/181 lr:0.000405 t:8.3s
tttg: c103/181 lr:0.000396 t:8.3s
tttg: c104/181 lr:0.000388 t:8.4s
tttg: c105/181 lr:0.000379 t:8.5s
tttg: c106/181 lr:0.000371 t:8.6s
tttg: c107/181 lr:0.000362 t:8.6s
tttg: c108/181 lr:0.000354 t:8.7s
tttg: c109/181 lr:0.000345 t:8.8s
tttg: c110/181 lr:0.000337 t:8.9s
tttg: c111/181 lr:0.000329 t:9.0s
tttg: c112/181 lr:0.000321 t:9.0s
tttg: c113/181 lr:0.000313 t:9.1s
tttg: c114/181 lr:0.000305 t:9.2s
tttg: c115/181 lr:0.000297 t:9.3s
tttg: c116/181 lr:0.000289 t:9.4s
tttg: c117/181 lr:0.000281 t:9.4s
tttg: c118/181 lr:0.000273 t:9.5s
tttg: c119/181 lr:0.000265 t:9.6s
tttg: c120/181 lr:0.000258 t:9.7s
tttg: c121/181 lr:0.000250 t:9.8s
tttg: c122/181 lr:0.000242 t:9.8s
tttg: c123/181 lr:0.000235 t:9.9s
tttg: c124/181 lr:0.000228 t:10.0s
tttg: c125/181 lr:0.000220 t:10.1s
tttg: c126/181 lr:0.000213 t:10.2s
tttg: c127/181 lr:0.000206 t:10.2s
tttg: c128/181 lr:0.000199 t:10.3s
tttg: c129/181 lr:0.000192 t:10.4s
tttg: c130/181 lr:0.000185 t:10.5s
tttg: c131/181 lr:0.000179 t:10.6s
tttg: c132/181 lr:0.000172 t:10.6s
tttg: c133/181 lr:0.000165 t:10.7s
tttg: c134/181 lr:0.000159 t:10.8s
tttg: c135/181 lr:0.000153 t:10.9s
tttg: c136/181 lr:0.000146 t:11.0s
tttg: c137/181 lr:0.000140 t:11.0s
tttg: c138/181 lr:0.000134 t:11.1s
tttg: c139/181 lr:0.000128 t:11.2s
tttg: c140/181 lr:0.000123 t:11.3s
tttg: c141/181 lr:0.000117 t:11.3s
tttg: c142/181 lr:0.000111 t:11.4s
tttg: c143/181 lr:0.000106 t:11.5s
tttg: c144/181 lr:0.000101 t:11.6s
tttg: c145/181 lr:0.000095 t:11.7s
tttg: c146/181 lr:0.000090 t:11.7s
tttg: c147/181 lr:0.000085 t:11.8s
tttg: c148/181 lr:0.000081 t:11.9s
tttg: c149/181 lr:0.000076 t:12.0s
tttg: c150/181 lr:0.000071 t:12.1s
tttg: c151/181 lr:0.000067 t:12.1s
tttg: c152/181 lr:0.000063 t:12.2s
tttg: c153/181 lr:0.000059 t:12.3s
tttg: c154/181 lr:0.000054 t:12.4s
tttg: c155/181 lr:0.000051 t:12.4s
tttg: c156/181 lr:0.000047 t:12.5s
tttg: c157/181 lr:0.000043 t:12.6s
tttg: c158/181 lr:0.000040 t:12.7s
tttg: c159/181 lr:0.000036 t:12.8s
tttg: c160/181 lr:0.000033 t:12.8s
tttg: c161/181 lr:0.000030 t:12.9s
tttg: c162/181 lr:0.000027 t:13.0s
tttg: c163/181 lr:0.000024 t:13.1s
tttg: c164/181 lr:0.000022 t:13.1s
tttg: c165/181 lr:0.000019 t:13.2s
tttg: c166/181 lr:0.000017 t:13.3s
tttg: c167/181 lr:0.000015 t:13.4s
tttg: c168/181 lr:0.000013 t:13.5s
tttg: c169/181 lr:0.000011 t:13.5s
tttg: c170/181 lr:0.000009 t:13.6s
tttg: c171/181 lr:0.000008 t:13.7s
tttg: c172/181 lr:0.000006 t:13.8s
tttg: c173/181 lr:0.000005 t:13.9s
tttg: c174/181 lr:0.000004 t:13.9s
tttg: c175/181 lr:0.000003 t:14.0s
tttg: c176/181 lr:0.000002 t:14.1s
tttg: c177/181 lr:0.000001 t:14.2s
tttg: c178/181 lr:0.000001 t:14.2s
tttg: c179/181 lr:0.000000 t:14.3s
tttg: c180/181 lr:0.000000 t:14.4s
ttpr: phase:1/2 t:228.0s
ttp: b751/782 bl:2.3155 bb:1.0365 rl:2.3087 rb:1.0650 dl:3150-3221 gd:0
ttpp: phase:2/2 pd:2960 gd:2500 t:348.9s
tttg: c1/289 lr:0.001000 t:0.1s
tttg: c2/289 lr:0.001000 t:0.2s
tttg: c3/289 lr:0.001000 t:0.2s
tttg: c4/289 lr:0.001000 t:0.3s
tttg: c5/289 lr:0.001000 t:0.4s
tttg: c6/289 lr:0.000999 t:0.5s
tttg: c7/289 lr:0.000999 t:0.6s
tttg: c8/289 lr:0.000999 t:0.6s
tttg: c9/289 lr:0.000998 t:0.7s
tttg: c10/289 lr:0.000998 t:0.8s
tttg: c11/289 lr:0.000997 t:0.9s
tttg: c12/289 lr:0.000996 t:0.9s
tttg: c13/289 lr:0.000996 t:1.0s
tttg: c14/289 lr:0.000995 t:1.1s
tttg: c15/289 lr:0.000994 t:1.2s
tttg: c16/289 lr:0.000993 t:1.3s
tttg: c17/289 lr:0.000992 t:1.3s
tttg: c18/289 lr:0.000991 t:1.4s
tttg: c19/289 lr:0.000990 t:1.5s
tttg: c20/289 lr:0.000989 t:1.6s
tttg: c21/289 lr:0.000988 t:1.7s
tttg: c22/289 lr:0.000987 t:1.7s
tttg: c23/289 lr:0.000986 t:1.8s
tttg: c24/289 lr:0.000984 t:1.9s
tttg: c25/289 lr:0.000983 t:2.0s
tttg: c26/289 lr:0.000982 t:2.1s
tttg: c27/289 lr:0.000980 t:2.1s
tttg: c28/289 lr:0.000978 t:2.2s
tttg: c29/289 lr:0.000977 t:2.3s
tttg: c30/289 lr:0.000975 t:2.4s
tttg: c31/289 lr:0.000973 t:2.4s
tttg: c32/289 lr:0.000972 t:2.5s
tttg: c33/289 lr:0.000970 t:2.6s
tttg: c34/289 lr:0.000968 t:2.7s
tttg: c35/289 lr:0.000966 t:2.8s
tttg: c36/289 lr:0.000964 t:2.8s
tttg: c37/289 lr:0.000962 t:2.9s
tttg: c38/289 lr:0.000960 t:3.0s
tttg: c39/289 lr:0.000958 t:3.1s
tttg: c40/289 lr:0.000955 t:3.2s
tttg: c41/289 lr:0.000953 t:3.2s
tttg: c42/289 lr:0.000951 t:3.3s
tttg: c43/289 lr:0.000948 t:3.4s
tttg: c44/289 lr:0.000946 t:3.5s
tttg: c45/289 lr:0.000944 t:3.6s
tttg: c46/289 lr:0.000941 t:3.6s
tttg: c47/289 lr:0.000938 t:3.7s
tttg: c48/289 lr:0.000936 t:3.8s
tttg: c49/289 lr:0.000933 t:3.9s
tttg: c50/289 lr:0.000930 t:3.9s
tttg: c51/289 lr:0.000927 t:4.0s
tttg: c52/289 lr:0.000925 t:4.1s
tttg: c53/289 lr:0.000922 t:4.2s
tttg: c54/289 lr:0.000919 t:4.3s
tttg: c55/289 lr:0.000916 t:4.3s
tttg: c56/289 lr:0.000913 t:4.4s
tttg: c57/289 lr:0.000910 t:4.5s
tttg: c58/289 lr:0.000906 t:4.6s
tttg: c59/289 lr:0.000903 t:4.7s
tttg: c60/289 lr:0.000900 t:4.7s
tttg: c61/289 lr:0.000897 t:4.8s
tttg: c62/289 lr:0.000893 t:4.9s
tttg: c63/289 lr:0.000890 t:5.0s
tttg: c64/289 lr:0.000887 t:5.1s
tttg: c65/289 lr:0.000883 t:5.1s
tttg: c66/289 lr:0.000879 t:5.2s
tttg: c67/289 lr:0.000876 t:5.3s
tttg: c68/289 lr:0.000872 t:5.4s
tttg: c69/289 lr:0.000869 t:5.4s
tttg: c70/289 lr:0.000865 t:5.5s
tttg: c71/289 lr:0.000861 t:5.6s
tttg: c72/289 lr:0.000857 t:5.7s
tttg: c73/289 lr:0.000854 t:5.8s
tttg: c74/289 lr:0.000850 t:5.8s
tttg: c75/289 lr:0.000846 t:5.9s
tttg: c76/289 lr:0.000842 t:6.0s
tttg: c77/289 lr:0.000838 t:6.1s
tttg: c78/289 lr:0.000834 t:6.2s
tttg: c79/289 lr:0.000830 t:6.2s
tttg: c80/289 lr:0.000826 t:6.3s
tttg: c81/289 lr:0.000821 t:6.4s
tttg: c82/289 lr:0.000817 t:6.5s
tttg: c83/289 lr:0.000813 t:6.5s
tttg: c84/289 lr:0.000809 t:6.6s
tttg: c85/289 lr:0.000804 t:6.7s
tttg: c86/289 lr:0.000800 t:6.8s
tttg: c87/289 lr:0.000796 t:6.9s
tttg: c88/289 lr:0.000791 t:6.9s
tttg: c89/289 lr:0.000787 t:7.0s
tttg: c90/289 lr:0.000782 t:7.1s
tttg: c91/289 lr:0.000778 t:7.2s
tttg: c92/289 lr:0.000773 t:7.3s
tttg: c93/289 lr:0.000769 t:7.3s
tttg: c94/289 lr:0.000764 t:7.4s
tttg: c95/289 lr:0.000759 t:7.5s
tttg: c96/289 lr:0.000755 t:7.6s
tttg: c97/289 lr:0.000750 t:7.7s
tttg: c98/289 lr:0.000745 t:7.7s
tttg: c99/289 lr:0.000740 t:7.8s
tttg: c100/289 lr:0.000736 t:7.9s
tttg: c101/289 lr:0.000731 t:8.0s
tttg: c102/289 lr:0.000726 t:8.1s
tttg: c103/289 lr:0.000721 t:8.1s
tttg: c104/289 lr:0.000716 t:8.2s
tttg: c105/289 lr:0.000711 t:8.3s
tttg: c106/289 lr:0.000706 t:8.4s
tttg: c107/289 lr:0.000701 t:8.4s
tttg: c108/289 lr:0.000696 t:8.5s
tttg: c109/289 lr:0.000691 t:8.6s
tttg: c110/289 lr:0.000686 t:8.7s
tttg: c111/289 lr:0.000681 t:8.8s
tttg: c112/289 lr:0.000676 t:8.8s
tttg: c113/289 lr:0.000671 t:8.9s
tttg: c114/289 lr:0.000666 t:9.0s
tttg: c115/289 lr:0.000661 t:9.1s
tttg: c116/289 lr:0.000656 t:9.2s
tttg: c117/289 lr:0.000650 t:9.2s
tttg: c118/289 lr:0.000645 t:9.3s
tttg: c119/289 lr:0.000640 t:9.4s
tttg: c120/289 lr:0.000635 t:9.5s
tttg: c121/289 lr:0.000629 t:9.5s
tttg: c122/289 lr:0.000624 t:9.6s
tttg: c123/289 lr:0.000619 t:9.7s
tttg: c124/289 lr:0.000614 t:9.8s
tttg: c125/289 lr:0.000608 t:9.9s
tttg: c126/289 lr:0.000603 t:9.9s
tttg: c127/289 lr:0.000598 t:10.0s
tttg: c128/289 lr:0.000592 t:10.1s
tttg: c129/289 lr:0.000587 t:10.2s
tttg: c130/289 lr:0.000581 t:10.3s
tttg: c131/289 lr:0.000576 t:10.3s
tttg: c132/289 lr:0.000571 t:10.4s
tttg: c133/289 lr:0.000565 t:10.5s
tttg: c134/289 lr:0.000560 t:10.6s
tttg: c135/289 lr:0.000554 t:10.7s
tttg: c136/289 lr:0.000549 t:10.7s
tttg: c137/289 lr:0.000544 t:10.8s
tttg: c138/289 lr:0.000538 t:10.9s
tttg: c139/289 lr:0.000533 t:11.0s
tttg: c140/289 lr:0.000527 t:11.0s
tttg: c141/289 lr:0.000522 t:11.1s
tttg: c142/289 lr:0.000516 t:11.2s
tttg: c143/289 lr:0.000511 t:11.3s
tttg: c144/289 lr:0.000505 t:11.4s
tttg: c145/289 lr:0.000500 t:11.4s
tttg: c146/289 lr:0.000495 t:11.5s
tttg: c147/289 lr:0.000489 t:11.6s
tttg: c148/289 lr:0.000484 t:11.7s
tttg: c149/289 lr:0.000478 t:11.8s
tttg: c150/289 lr:0.000473 t:11.8s
tttg: c151/289 lr:0.000467 t:11.9s
tttg: c152/289 lr:0.000462 t:12.0s
tttg: c153/289 lr:0.000456 t:12.1s
tttg: c154/289 lr:0.000451 t:12.2s
tttg: c155/289 lr:0.000446 t:12.2s
tttg: c156/289 lr:0.000440 t:12.3s
tttg: c157/289 lr:0.000435 t:12.4s
tttg: c158/289 lr:0.000429 t:12.5s
tttg: c159/289 lr:0.000424 t:12.6s
tttg: c160/289 lr:0.000419 t:12.6s
tttg: c161/289 lr:0.000413 t:12.7s
tttg: c162/289 lr:0.000408 t:12.8s
tttg: c163/289 lr:0.000402 t:12.9s
tttg: c164/289 lr:0.000397 t:13.0s
tttg: c165/289 lr:0.000392 t:13.0s
tttg: c166/289 lr:0.000386 t:13.1s
tttg: c167/289 lr:0.000381 t:13.2s
tttg: c168/289 lr:0.000376 t:13.3s
tttg: c169/289 lr:0.000371 t:13.3s
tttg: c170/289 lr:0.000365 t:13.4s
tttg: c171/289 lr:0.000360 t:13.5s
tttg: c172/289 lr:0.000355 t:13.6s
tttg: c173/289 lr:0.000350 t:13.7s
tttg: c174/289 lr:0.000344 t:13.8s
tttg: c175/289 lr:0.000339 t:13.8s
tttg: c176/289 lr:0.000334 t:13.9s
tttg: c177/289 lr:0.000329 t:14.0s
tttg: c178/289 lr:0.000324 t:14.1s
tttg: c179/289 lr:0.000319 t:14.1s
tttg: c180/289 lr:0.000314 t:14.2s
tttg: c181/289 lr:0.000309 t:14.3s
tttg: c182/289 lr:0.000304 t:14.4s
tttg: c183/289 lr:0.000299 t:14.5s
tttg: c184/289 lr:0.000294 t:14.5s
tttg: c185/289 lr:0.000289 t:14.6s
tttg: c186/289 lr:0.000284 t:14.7s
tttg: c187/289 lr:0.000279 t:14.8s
tttg: c188/289 lr:0.000274 t:14.9s
tttg: c189/289 lr:0.000269 t:14.9s
tttg: c190/289 lr:0.000264 t:15.0s
tttg: c191/289 lr:0.000260 t:15.1s
tttg: c192/289 lr:0.000255 t:15.2s
tttg: c193/289 lr:0.000250 t:15.3s
tttg: c194/289 lr:0.000245 t:15.3s
tttg: c195/289 lr:0.000241 t:15.4s
tttg: c196/289 lr:0.000236 t:15.5s
tttg: c197/289 lr:0.000231 t:15.6s
tttg: c198/289 lr:0.000227 t:15.6s
tttg: c199/289 lr:0.000222 t:15.7s
tttg: c200/289 lr:0.000218 t:15.8s
tttg: c201/289 lr:0.000213 t:15.9s
tttg: c202/289 lr:0.000209 t:16.0s
tttg: c203/289 lr:0.000204 t:16.0s
tttg: c204/289 lr:0.000200 t:16.1s
tttg: c205/289 lr:0.000196 t:16.2s
tttg: c206/289 lr:0.000191 t:16.3s
tttg: c207/289 lr:0.000187 t:16.4s
tttg: c208/289 lr:0.000183 t:16.4s
tttg: c209/289 lr:0.000179 t:16.5s
tttg: c210/289 lr:0.000174 t:16.6s
tttg: c211/289 lr:0.000170 t:16.7s
tttg: c212/289 lr:0.000166 t:16.7s
tttg: c213/289 lr:0.000162 t:16.8s
tttg: c214/289 lr:0.000158 t:16.9s
tttg: c215/289 lr:0.000154 t:17.0s
tttg: c216/289 lr:0.000150 t:17.1s
tttg: c217/289 lr:0.000146 t:17.1s
tttg: c218/289 lr:0.000143 t:17.2s
tttg: c219/289 lr:0.000139 t:17.3s
tttg: c220/289 lr:0.000135 t:17.4s
tttg: c221/289 lr:0.000131 t:17.5s
tttg: c222/289 lr:0.000128 t:17.5s
tttg: c223/289 lr:0.000124 t:17.6s
tttg: c224/289 lr:0.000121 t:17.7s
tttg: c225/289 lr:0.000117 t:17.8s
tttg: c226/289 lr:0.000113 t:17.9s
tttg: c227/289 lr:0.000110 t:17.9s
tttg: c228/289 lr:0.000107 t:18.0s
tttg: c229/289 lr:0.000103 t:18.1s
tttg: c230/289 lr:0.000100 t:18.2s
tttg: c231/289 lr:0.000097 t:18.3s
tttg: c232/289 lr:0.000094 t:18.3s
tttg: c233/289 lr:0.000090 t:18.4s
tttg: c234/289 lr:0.000087 t:18.5s
tttg: c235/289 lr:0.000084 t:18.6s
tttg: c236/289 lr:0.000081 t:18.6s
tttg: c237/289 lr:0.000078 t:18.7s
tttg: c238/289 lr:0.000075 t:18.8s
tttg: c239/289 lr:0.000073 t:18.9s
tttg: c240/289 lr:0.000070 t:19.0s
tttg: c241/289 lr:0.000067 t:19.0s
tttg: c242/289 lr:0.000064 t:19.1s
tttg: c243/289 lr:0.000062 t:19.2s
tttg: c244/289 lr:0.000059 t:19.3s
tttg: c245/289 lr:0.000056 t:19.4s
tttg: c246/289 lr:0.000054 t:19.4s
tttg: c247/289 lr:0.000052 t:19.5s
tttg: c248/289 lr:0.000049 t:19.6s
tttg: c249/289 lr:0.000047 t:19.7s
tttg: c250/289 lr:0.000045 t:19.8s
tttg: c251/289 lr:0.000042 t:19.8s
tttg: c252/289 lr:0.000040 t:19.9s
tttg: c253/289 lr:0.000038 t:20.0s
tttg: c254/289 lr:0.000036 t:20.1s
tttg: c255/289 lr:0.000034 t:20.1s
tttg: c256/289 lr:0.000032 t:20.2s
tttg: c257/289 lr:0.000030 t:20.3s
tttg: c258/289 lr:0.000028 t:20.4s
tttg: c259/289 lr:0.000027 t:20.5s
tttg: c260/289 lr:0.000025 t:20.5s
tttg: c261/289 lr:0.000023 t:20.6s
tttg: c262/289 lr:0.000022 t:20.7s
tttg: c263/289 lr:0.000020 t:20.8s
tttg: c264/289 lr:0.000018 t:20.9s
tttg: c265/289 lr:0.000017 t:20.9s
tttg: c266/289 lr:0.000016 t:21.0s
tttg: c267/289 lr:0.000014 t:21.1s
tttg: c268/289 lr:0.000013 t:21.2s
tttg: c269/289 lr:0.000012 t:21.3s
tttg: c270/289 lr:0.000011 t:21.3s
tttg: c271/289 lr:0.000010 t:21.4s
tttg: c272/289 lr:0.000009 t:21.5s
tttg: c273/289 lr:0.000008 t:21.6s
tttg: c274/289 lr:0.000007 t:21.6s
tttg: c275/289 lr:0.000006 t:21.7s
tttg: c276/289 lr:0.000005 t:21.8s
tttg: c277/289 lr:0.000004 t:21.9s
tttg: c278/289 lr:0.000004 t:22.0s
tttg: c279/289 lr:0.000003 t:22.0s
tttg: c280/289 lr:0.000002 t:22.1s
tttg: c281/289 lr:0.000002 t:22.2s
tttg: c282/289 lr:0.000001 t:22.3s
tttg: c283/289 lr:0.000001 t:22.4s
tttg: c284/289 lr:0.000001 t:22.4s
tttg: c285/289 lr:0.000000 t:22.5s
tttg: c286/289 lr:0.000000 t:22.6s
tttg: c287/289 lr:0.000000 t:22.7s
tttg: c288/289 lr:0.000000 t:22.8s
ttpr: phase:2/2 t:372.8s
ttp: b730/782 bl:2.2745 bb:0.9995 rl:2.3061 rb:1.0598 dl:2352-2376 gd:1
ttp: b725/782 bl:2.3191 bb:1.0432 rl:2.3070 rb:1.0587 dl:2232-2254 gd:1
ttp: b716/782 bl:2.2495 bb:1.0395 rl:2.3037 rb:1.0576 dl:2054-2069 gd:1
ttp: b705/782 bl:2.3624 bb:1.0619 rl:2.3066 rb:1.0578 dl:1885-1898 gd:1
ttp: b701/782 bl:2.3057 bb:1.0338 rl:2.3066 rb:1.0567 dl:1835-1847 gd:1
ttp: b689/782 bl:2.3890 bb:1.0756 rl:2.3100 rb:1.0575 dl:1706-1715 gd:1
ttp: b686/782 bl:2.4366 bb:1.0726 rl:2.3150 rb:1.0581 dl:1675-1685 gd:1
ttp: b672/782 bl:2.3282 bb:1.0477 rl:2.3155 rb:1.0577 dl:1553-1562 gd:1
ttp: b668/782 bl:2.3371 bb:1.0684 rl:2.3162 rb:1.0581 dl:1521-1530 gd:1
ttp: b662/782 bl:2.2937 bb:1.0253 rl:2.3155 rb:1.0570 dl:1480-1486 gd:1
ttp: b655/782 bl:2.3813 bb:1.0444 rl:2.3175 rb:1.0566 dl:1432-1439 gd:1
ttp: b646/782 bl:2.2679 bb:1.0486 rl:2.3161 rb:1.0564 dl:1375-1382 gd:1
ttp: b637/782 bl:2.3645 bb:1.0783 rl:2.3173 rb:1.0570 dl:1320-1325 gd:1
ttp: b627/782 bl:2.3792 bb:1.0712 rl:2.3188 rb:1.0573 dl:1266-1271 gd:1
ttp: b620/782 bl:2.3450 bb:1.0562 rl:2.3194 rb:1.0573 dl:1226-1231 gd:1
ttp: b611/782 bl:2.2945 bb:1.0246 rl:2.3189 rb:1.0566 dl:1182-1186 gd:1
ttp: b605/782 bl:2.2440 bb:1.0234 rl:2.3174 rb:1.0559 dl:1154-1159 gd:1
ttp: b594/782 bl:2.3355 bb:1.0663 rl:2.3177 rb:1.0561 dl:1107-1110 gd:1
ttp: b586/782 bl:2.2521 bb:1.0298 rl:2.3165 rb:1.0556 dl:1073-1076 gd:1
ttp: b578/782 bl:2.3492 bb:1.0312 rl:2.3171 rb:1.0552 dl:1041-1044 gd:1
ttp: b573/782 bl:2.3659 bb:1.0665 rl:2.3179 rb:1.0554 dl:1021-1025 gd:1
ttp: b565/782 bl:2.3828 bb:1.0323 rl:2.3189 rb:1.0550 dl:993-997 gd:1
ttp: b557/782 bl:2.3371 bb:1.0498 rl:2.3192 rb:1.0549 dl:965-968 gd:1
ttp: b546/782 bl:2.3279 bb:1.0350 rl:2.3194 rb:1.0546 dl:930-934 gd:1
ttp: b538/782 bl:2.3347 bb:1.0453 rl:2.3196 rb:1.0545 dl:905-909 gd:1
ttp: b535/782 bl:2.3765 bb:1.0307 rl:2.3204 rb:1.0541 dl:896-899 gd:1
ttp: b526/782 bl:2.3221 bb:1.0235 rl:2.3204 rb:1.0537 dl:869-872 gd:1
ttp: b515/782 bl:2.3410 bb:1.0424 rl:2.3206 rb:1.0535 dl:838-841 gd:1
ttp: b507/782 bl:2.2967 bb:1.0283 rl:2.3204 rb:1.0532 dl:814-817 gd:1
ttp: b504/782 bl:2.3177 bb:1.0340 rl:2.3203 rb:1.0530 dl:807-809 gd:1
ttp: b496/782 bl:2.4207 bb:1.0480 rl:2.3215 rb:1.0529 dl:785-788 gd:1
ttp: b487/782 bl:2.2776 bb:1.0664 rl:2.3210 rb:1.0531 dl:764-766 gd:1
ttp: b479/782 bl:2.4089 bb:1.0824 rl:2.3219 rb:1.0534 dl:744-747 gd:1
ttp: b471/782 bl:2.4029 bb:1.0849 rl:2.3227 rb:1.0537 dl:726-728 gd:1
ttp: b460/782 bl:2.2519 bb:1.0535 rl:2.3220 rb:1.0537 dl:701-703 gd:1
ttp: b452/782 bl:2.2597 bb:1.0113 rl:2.3215 rb:1.0533 dl:685-687 gd:1
ttp: b441/782 bl:2.3392 bb:1.0431 rl:2.3216 rb:1.0532 dl:662-664 gd:1
ttp: b437/782 bl:2.2871 bb:1.0523 rl:2.3213 rb:1.0532 dl:653-655 gd:1
ttp: b429/782 bl:2.2450 bb:1.0239 rl:2.3207 rb:1.0530 dl:638-640 gd:1
ttp: b420/782 bl:2.3562 bb:1.0518 rl:2.3210 rb:1.0530 dl:620-622 gd:1
ttp: b414/782 bl:2.1967 bb:1.0057 rl:2.3200 rb:1.0526 dl:609-611 gd:1
ttp: b405/782 bl:2.3560 bb:1.0573 rl:2.3202 rb:1.0526 dl:592-593 gd:1
ttp: b398/782 bl:2.2478 bb:1.0038 rl:2.3197 rb:1.0522 dl:579-581 gd:1
ttp: b385/782 bl:2.4080 bb:1.0738 rl:2.3203 rb:1.0524 dl:555-557 gd:1
ttp: b378/782 bl:2.4254 bb:1.0524 rl:2.3211 rb:1.0524 dl:544-545 gd:1
ttp: b370/782 bl:2.3637 bb:1.0821 rl:2.3213 rb:1.0526 dl:530-532 gd:1
ttp: b363/782 bl:2.3772 bb:1.0640 rl:2.3217 rb:1.0527 dl:518-521 gd:1
ttp: b355/782 bl:2.3078 bb:1.0709 rl:2.3216 rb:1.0528 dl:504-506 gd:1
ttp: b347/782 bl:2.3342 bb:1.1094 rl:2.3217 rb:1.0531 dl:492-494 gd:1
ttp: b338/782 bl:2.3555 bb:1.0971 rl:2.3219 rb:1.0534 dl:478-480 gd:1
ttp: b332/782 bl:2.3036 bb:1.0427 rl:2.3218 rb:1.0533 dl:469-471 gd:1
ttp: b324/782 bl:2.3131 bb:1.0814 rl:2.3217 rb:1.0535 dl:458-459 gd:1
ttp: b316/782 bl:2.3656 bb:1.0791 rl:2.3220 rb:1.0536 dl:445-446 gd:1
ttp: b308/782 bl:2.4056 bb:1.0911 rl:2.3224 rb:1.0538 dl:433-435 gd:1
ttp: b297/782 bl:2.4003 bb:1.0845 rl:2.3228 rb:1.0540 dl:417-418 gd:1
ttp: b291/782 bl:2.2664 bb:1.0134 rl:2.3225 rb:1.0538 dl:407-409 gd:1
ttp: b283/782 bl:2.3678 bb:1.1259 rl:2.3228 rb:1.0541 dl:396-398 gd:1
ttp: b273/782 bl:2.3315 bb:1.0747 rl:2.3228 rb:1.0542 dl:383-384 gd:1
ttp: b268/782 bl:2.3530 bb:1.0750 rl:2.3229 rb:1.0543 dl:376-378 gd:1
ttp: b260/782 bl:2.3773 bb:1.0831 rl:2.3232 rb:1.0544 dl:366-367 gd:1
ttp: b252/782 bl:2.3770 bb:1.0654 rl:2.3234 rb:1.0544 dl:356-357 gd:1
ttp: b244/782 bl:2.3356 bb:1.1114 rl:2.3234 rb:1.0547 dl:346-347 gd:1
ttp: b235/782 bl:2.2874 bb:1.1012 rl:2.3233 rb:1.0548 dl:335-336 gd:1
ttp: b231/782 bl:2.2988 bb:1.0799 rl:2.3232 rb:1.0549 dl:330-331 gd:1
ttp: b222/782 bl:2.3769 bb:1.1110 rl:2.3234 rb:1.0551 dl:320-321 gd:1
ttp: b213/782 bl:2.2626 bb:1.0749 rl:2.3232 rb:1.0552 dl:309-310 gd:1
ttp: b206/782 bl:2.4044 bb:1.1061 rl:2.3235 rb:1.0554 dl:302-303 gd:1
ttp: b197/782 bl:2.3647 bb:1.1178 rl:2.3236 rb:1.0556 dl:292-294 gd:1
ttp: b189/782 bl:2.4186 bb:1.1411 rl:2.3239 rb:1.0558 dl:283-284 gd:1
ttp: b180/782 bl:2.4222 bb:1.1097 rl:2.3242 rb:1.0560 dl:274-275 gd:1
ttp: b172/782 bl:2.5202 bb:1.1555 rl:2.3248 rb:1.0563 dl:266-267 gd:1
ttp: b165/782 bl:2.3501 bb:1.1161 rl:2.3249 rb:1.0565 dl:260-260 gd:1
ttp: b156/782 bl:2.3052 bb:1.1510 rl:2.3248 rb:1.0567 dl:251-252 gd:1
ttp: b148/782 bl:2.3289 bb:1.1019 rl:2.3248 rb:1.0568 dl:243-244 gd:1
ttp: b139/782 bl:2.4399 bb:1.1366 rl:2.3251 rb:1.0570 dl:234-235 gd:1
ttp: b132/782 bl:2.4365 bb:1.1571 rl:2.3254 rb:1.0573 dl:228-229 gd:1
ttp: b125/782 bl:2.4772 bb:1.1413 rl:2.3258 rb:1.0575 dl:222-222 gd:1
ttp: b116/782 bl:2.4835 bb:1.1276 rl:2.3262 rb:1.0576 dl:213-214 gd:1
ttp: b108/782 bl:2.3985 bb:1.1563 rl:2.3263 rb:1.0579 dl:206-207 gd:1
ttp: b100/782 bl:2.4130 bb:1.1544 rl:2.3265 rb:1.0581 dl:199-200 gd:1
ttp: b92/782 bl:2.4302 bb:1.1563 rl:2.3267 rb:1.0583 dl:191-192 gd:1
ttp: b84/782 bl:2.5182 bb:1.1974 rl:2.3271 rb:1.0585 dl:184-185 gd:1
ttp: b76/782 bl:2.5009 bb:1.1746 rl:2.3275 rb:1.0587 dl:177-178 gd:1
ttp: b68/782 bl:2.5041 bb:1.1687 rl:2.3278 rb:1.0589 dl:170-171 gd:1
ttp: b60/782 bl:2.4634 bb:1.1840 rl:2.3280 rb:1.0591 dl:163-164 gd:1
ttp: b52/782 bl:2.6737 bb:1.2481 rl:2.3286 rb:1.0595 dl:155-156 gd:1
ttp: b44/782 bl:2.5541 bb:1.1918 rl:2.3290 rb:1.0597 dl:147-148 gd:1
ttp: b36/782 bl:2.5256 bb:1.2187 rl:2.3293 rb:1.0599 dl:139-140 gd:1
ttp: b28/782 bl:2.6210 bb:1.2156 rl:2.3297 rb:1.0601 dl:131-132 gd:1
ttp: b20/782 bl:2.5858 bb:1.2382 rl:2.3300 rb:1.0603 dl:122-123 gd:1
ttp: b12/782 bl:2.5708 bb:1.1890 rl:2.3303 rb:1.0605 dl:110-112 gd:1
ttp: b5/782 bl:2.7036 bb:1.2301 rl:2.3307 rb:1.0607 dl:96-99 gd:1
quantized_ttt_phased val_loss:2.31915607 val_bpb:1.05976382 eval_time:458693ms
total_eval_time:458.7s
