W0430 00:42:13.792000 342798 torch/distributed/run.py:803] 
W0430 00:42:13.792000 342798 torch/distributed/run.py:803] *****************************************
W0430 00:42:13.792000 342798 torch/distributed/run.py:803] Setting OMP_NUM_THREADS environment variable for each process to be 1 in default, to avoid your system being overloaded, please further tune the variable for optimal performance in your application as needed. 
W0430 00:42:13.792000 342798 torch/distributed/run.py:803] *****************************************
Hyperparameters:
  adam_eps: 1e-08
  adam_wd: 0.02
  artifact_dir: 
  attn_clip_sigmas: 13.0
  attn_out_gate_enabled: False
  attn_out_gate_src: proj
  beta1: 0.9
  beta2: 0.99
  caseops_enabled: True
  compressor: brotli
  data_dir: ./data
  datasets_dir: ./data/datasets/fineweb10B_sp8192_caseops/datasets/datasets/fineweb10B_sp8192_lossless_caps_caseops_v1_reserved
  distributed: True
  ema_decay: 0.9965
  embed_bits: 7
  embed_clip_sigmas: 14.0
  embed_lr: 0.6
  embed_wd: 0.085
  enable_looping_at: 0.35
  eval_seq_len: 2048
  eval_stride: 64
  fused_ce_enabled: True
  gate_window: 12
  gated_attn_enabled: False
  gated_attn_init_std: 0.01
  gated_attn_quant_gate: False
  global_ttt_batch_seqs: 32
  global_ttt_chunk_tokens: 32768
  global_ttt_epochs: 1
  global_ttt_grad_clip: 1.0
  global_ttt_lr: 0.001
  global_ttt_momentum: 0.9
  global_ttt_muon_nesterov: True
  global_ttt_muon_ns_steps: 5
  global_ttt_optimizer: sgd
  global_ttt_respect_doc_boundaries: True
  global_ttt_warmup_chunks: 0
  global_ttt_warmup_start_lr: 0.0
  gptq_calibration_batches: 16
  gptq_reserve_seconds: 0.5
  grad_accum_steps: 1
  grad_clip_norm: 0.3
  is_main_process: True
  iterations: 20000
  ln_scale: True
  local_rank: 0
  logfile: logs/bd3b177c-dcef-4c56-965e-6916c49fb9ca.txt
  logit_softcap: 30.0
  loop_end: 5
  loop_start: 3
  lqer_asym_enabled: True
  lqer_asym_group: 64
  lqer_enabled: True
  lqer_factor_bits: 4
  lqer_rank: 4
  lqer_top_k: 3
  matrix_bits: 6
  matrix_clip_sigmas: 12.85
  matrix_lr: 0.026
  max_wallclock_seconds: 600.0
  min_lr: 0.1
  mlp_clip_sigmas: 11.5
  mlp_mult: 4.0
  model_dim: 512
  model_path: final_model.pt
  muon_backend_steps: 5
  muon_huber_delta: 0.1
  muon_huber_wd: False
  muon_momentum: 0.97
  muon_momentum_warmup_start: 0.92
  muon_momentum_warmup_steps: 1500
  muon_row_normalize: True
  muon_wd: 0.095
  num_heads: 8
  num_kv_heads: 4
  num_layers: 11
  num_loops: 2
  optrot_enabled: False
  parallel_final_lane: mean
  parallel_start_layer: 8
  phased_ttt_num_phases: 2
  phased_ttt_prefix_docs: 2500
  qk_gain_init: 5.0
  qk_gain_schedule: []
  quantized_model_path: final_model.int6.ptz
  rank: 0
  rope_base: 10000.0
  rope_dims: 16
  rope_train_seq_len: 2048
  rope_yarn: False
  run_id: bd3b177c-dcef-4c56-965e-6916c49fb9ca
  scalar_lr: 0.02
  seed: 314
  skip_gates_enabled: True
  smear_gate_enabled: True
  sparse_attn_gate_enabled: True
  sparse_attn_gate_init_std: 0.0
  sparse_attn_gate_scale: 0.5
  tie_embeddings: True
  tied_embed_init_std: 0.005
  tied_embed_lr: 0.03
  tokenizer_path: ./data/datasets/fineweb10B_sp8192_caseops/datasets/tokenizers/fineweb_8192_bpe_lossless_caps_caseops_v1_reserved.model
  train_batch_tokens: 786432
  train_files: ./data/datasets/fineweb10B_sp8192_caseops/datasets/datasets/fineweb10B_sp8192_lossless_caps_caseops_v1_reserved/fineweb_train_*.bin
  train_log_every: 500
  train_seq_len: 2048
  ttt_batch_size: 64
  ttt_beta1: 0.0
  ttt_beta2: 0.99
  ttt_chunk_size: 48
  ttt_enabled: True
  ttt_eval_batches: 
  ttt_eval_seq_len: 2048
  ttt_grad_steps: 1
  ttt_k_lora: False
  ttt_lora_lr: 0.0001
  ttt_lora_rank: 80
  ttt_mlp_lora: True
  ttt_o_lora: True
  ttt_optimizer: adam
  ttt_weight_decay: 0.5
  val_batch_tokens: 524288
  val_bytes_files: ./data/datasets/fineweb10B_sp8192_caseops/datasets/datasets/fineweb10B_sp8192_lossless_caps_caseops_v1_reserved/fineweb_val_bytes_*.bin
  val_doc_fraction: 1.0
  val_files: ./data/datasets/fineweb10B_sp8192_caseops/datasets/datasets/fineweb10B_sp8192_lossless_caps_caseops_v1_reserved/fineweb_val_*.bin
  val_loss_every: 4000
  vocab_size: 8192
  warmdown_frac: 0.85
  warmup_steps: 20
  world_size: 8
  xsa_last_n: 11
train_shards: 1499
val_tokens: 47851520
model_params:35945671
gptq:reserving 0s, effective=599500ms
warmup_cu_buckets:64,128,192,256 iters_each:3
warmup_step: 1/20
warmup_step: 2/20
warmup_step: 3/20
warmup_step: 4/20
warmup_step: 5/20
warmup_step: 6/20
warmup_step: 10/20
warmup_step: 20/20
loop_warmup:enabled encoder:[0, 1, 2, 3, 4, 5, 3, 4] decoder:[5, 3, 4, 5, 6, 7, 8, 9, 10]
loop_warmup_step: 1/20
loop_warmup_step: 2/20
loop_warmup_step: 3/20
loop_warmup_step: 4/20
loop_warmup_step: 5/20
loop_warmup_step: 6/20
loop_warmup_step: 10/20
loop_warmup_step: 20/20
0/20000 val_loss: 8.9980 val_bpb: 4.1115
1/20000 train_loss: 8.9988 train_time: 0.0m tok/s: 12371236
2/20000 train_loss: 12.8584 train_time: 0.0m tok/s: 11704006
3/20000 train_loss: 10.2297 train_time: 0.0m tok/s: 10379765
4/20000 train_loss: 8.6736 train_time: 0.0m tok/s: 9846161
5/20000 train_loss: 7.9010 train_time: 0.0m tok/s: 9538574
500/20000 train_loss: 2.7300 train_time: 0.8m tok/s: 8431912
1000/20000 train_loss: 2.7845 train_time: 1.6m tok/s: 8409197
1500/20000 train_loss: 2.7145 train_time: 2.3m tok/s: 8405285
2000/20000 train_loss: 2.4899 train_time: 3.1m tok/s: 8406299
layer_loop:enabled step:2243 frac:0.350 encoder:[0, 1, 2, 3, 4, 5, 3, 4] decoder:[5, 3, 4, 5, 6, 7, 8, 9, 10]
2500/20000 train_loss: 2.6710 train_time: 4.1m tok/s: 8005482
3000/20000 train_loss: 2.4884 train_time: 5.3m tok/s: 7467668
3500/20000 train_loss: 2.3672 train_time: 6.5m tok/s: 7101331
4000/20000 train_loss: 2.5109 train_time: 7.6m tok/s: 6870395
4000/20000 val_loss: 2.4293 val_bpb: 1.1100
4500/20000 train_loss: 2.3905 train_time: 8.8m tok/s: 6715600
5000/20000 train_loss: 2.2765 train_time: 9.9m tok/s: 6596341
5025/20000 val_loss: 2.3532 val_bpb: 1.0753
stopping_early: wallclock_cap train_time: 599608ms step: 5025/20000
peak memory allocated: 41709 MiB reserved: 47026 MiB
ema:applying EMA weights
diagnostic pre-quantization post-ema val_loss:2.32756921 val_bpb:1.06353923 eval_time:7370ms
Serialized model: 135417533 bytes
Code size (uncompressed): 167610 bytes
Code size (compressed): 33230 bytes
GPTQ:collecting Hessians from calibration data...
GPTQ:collected 67 Hessians in 3.5s
Quantized weights:
  gptq (int6): blocks.attn.c_k.weight, blocks.attn.c_q.weight, blocks.attn.c_v.weight, blocks.attn.proj.weight, blocks.mlp.fc.weight, blocks.mlp.proj.weight
  gptq (int6)+lqer_asym: blocks.mlp.fc.weight
  gptq (int7)+lqer_asym: tok_emb.weight
  passthrough (float16): blocks.attn.attn_gate_w, blocks.attn.q_gain, blocks.attn_scale, blocks.mlp_scale, blocks.resid_mix, parallel_post_lambdas, parallel_resid_lambdas, skip_gates, skip_weights, smear_gate.weight, smear_lambda
Serialized model quantized+brotli: 16109500 bytes
Total submission size quantized+brotli: 16142730 bytes
diagnostic quantized val_loss:2.34632120 val_bpb:1.07210761 eval_time:11261ms
ttt_lora:warming up compile (random tokens, no val data)
ttt_lora:compile warmup done (152.4s)

beginning TTT eval timer
ttt_phased: total_docs:50000 prefix_docs:2500 suffix_docs:47500 num_phases:2 boundaries:[1250, 2500]
ttp: b775/782 bl:2.2742 bb:1.0572 rl:2.2742 rb:1.0572 dl:6892-7524 gd:0
ttp: b774/782 bl:2.2858 bb:1.0642 rl:2.2798 rb:1.0606 dl:6447-6872 gd:0
ttp: b769/782 bl:2.3261 bb:1.0829 rl:2.2924 rb:1.0667 dl:5097-5309 gd:0
ttp: b763/782 bl:2.4154 bb:1.0976 rl:2.3147 rb:1.0724 dl:4142-4283 gd:0
ttp: b757/782 bl:2.2748 bb:1.0589 rl:2.3094 rb:1.0706 dl:3550-3633 gd:0
ttpp: phase:1/2 pd:1680 gd:1250 t:213.6s
tttg: c1/181 lr:0.001000 t:0.3s
tttg: c2/181 lr:0.001000 t:0.4s
tttg: c3/181 lr:0.001000 t:0.5s
tttg: c4/181 lr:0.000999 t:0.6s
tttg: c5/181 lr:0.000999 t:0.7s
tttg: c6/181 lr:0.000998 t:0.7s
tttg: c7/181 lr:0.000997 t:0.8s
tttg: c8/181 lr:0.000996 t:0.9s
tttg: c9/181 lr:0.000995 t:1.0s
tttg: c10/181 lr:0.000994 t:1.1s
tttg: c11/181 lr:0.000992 t:1.1s
tttg: c12/181 lr:0.000991 t:1.2s
tttg: c13/181 lr:0.000989 t:1.3s
tttg: c14/181 lr:0.000987 t:1.4s
tttg: c15/181 lr:0.000985 t:1.5s
tttg: c16/181 lr:0.000983 t:1.5s
tttg: c17/181 lr:0.000981 t:1.6s
tttg: c18/181 lr:0.000978 t:1.7s
tttg: c19/181 lr:0.000976 t:1.8s
tttg: c20/181 lr:0.000973 t:1.9s
tttg: c21/181 lr:0.000970 t:1.9s
tttg: c22/181 lr:0.000967 t:2.0s
tttg: c23/181 lr:0.000964 t:2.1s
tttg: c24/181 lr:0.000960 t:2.2s
tttg: c25/181 lr:0.000957 t:2.3s
tttg: c26/181 lr:0.000953 t:2.3s
tttg: c27/181 lr:0.000949 t:2.4s
tttg: c28/181 lr:0.000946 t:2.5s
tttg: c29/181 lr:0.000941 t:2.6s
tttg: c30/181 lr:0.000937 t:2.7s
tttg: c31/181 lr:0.000933 t:2.8s
tttg: c32/181 lr:0.000929 t:2.9s
tttg: c33/181 lr:0.000924 t:2.9s
tttg: c34/181 lr:0.000919 t:3.0s
tttg: c35/181 lr:0.000915 t:3.1s
tttg: c36/181 lr:0.000910 t:3.2s
tttg: c37/181 lr:0.000905 t:3.3s
tttg: c38/181 lr:0.000899 t:3.3s
tttg: c39/181 lr:0.000894 t:3.4s
tttg: c40/181 lr:0.000889 t:3.5s
tttg: c41/181 lr:0.000883 t:3.6s
tttg: c42/181 lr:0.000877 t:3.7s
tttg: c43/181 lr:0.000872 t:3.7s
tttg: c44/181 lr:0.000866 t:3.8s
tttg: c45/181 lr:0.000860 t:3.9s
tttg: c46/181 lr:0.000854 t:4.0s
tttg: c47/181 lr:0.000847 t:4.1s
tttg: c48/181 lr:0.000841 t:4.1s
tttg: c49/181 lr:0.000835 t:4.2s
tttg: c50/181 lr:0.000828 t:4.3s
tttg: c51/181 lr:0.000821 t:4.4s
tttg: c52/181 lr:0.000815 t:4.5s
tttg: c53/181 lr:0.000808 t:4.6s
tttg: c54/181 lr:0.000801 t:4.6s
tttg: c55/181 lr:0.000794 t:4.7s
tttg: c56/181 lr:0.000787 t:4.8s
tttg: c57/181 lr:0.000780 t:4.9s
tttg: c58/181 lr:0.000772 t:5.0s
tttg: c59/181 lr:0.000765 t:5.0s
tttg: c60/181 lr:0.000758 t:5.1s
tttg: c61/181 lr:0.000750 t:5.2s
tttg: c62/181 lr:0.000742 t:5.3s
tttg: c63/181 lr:0.000735 t:5.4s
tttg: c64/181 lr:0.000727 t:5.4s
tttg: c65/181 lr:0.000719 t:5.5s
tttg: c66/181 lr:0.000711 t:5.6s
tttg: c67/181 lr:0.000703 t:5.7s
tttg: c68/181 lr:0.000695 t:5.8s
tttg: c69/181 lr:0.000687 t:5.8s
tttg: c70/181 lr:0.000679 t:5.9s
tttg: c71/181 lr:0.000671 t:6.0s
tttg: c72/181 lr:0.000663 t:6.1s
tttg: c73/181 lr:0.000655 t:6.2s
tttg: c74/181 lr:0.000646 t:6.3s
tttg: c75/181 lr:0.000638 t:6.3s
tttg: c76/181 lr:0.000629 t:6.4s
tttg: c77/181 lr:0.000621 t:6.5s
tttg: c78/181 lr:0.000612 t:6.6s
tttg: c79/181 lr:0.000604 t:6.7s
tttg: c80/181 lr:0.000595 t:6.7s
tttg: c81/181 lr:0.000587 t:6.8s
tttg: c82/181 lr:0.000578 t:6.9s
tttg: c83/181 lr:0.000570 t:7.0s
tttg: c84/181 lr:0.000561 t:7.1s
tttg: c85/181 lr:0.000552 t:7.1s
tttg: c86/181 lr:0.000544 t:7.2s
tttg: c87/181 lr:0.000535 t:7.3s
tttg: c88/181 lr:0.000526 t:7.4s
tttg: c89/181 lr:0.000517 t:7.5s
tttg: c90/181 lr:0.000509 t:7.5s
tttg: c91/181 lr:0.000500 t:7.6s
tttg: c92/181 lr:0.000491 t:7.7s
tttg: c93/181 lr:0.000483 t:7.8s
tttg: c94/181 lr:0.000474 t:7.9s
tttg: c95/181 lr:0.000465 t:8.0s
tttg: c96/181 lr:0.000456 t:8.0s
tttg: c97/181 lr:0.000448 t:8.1s
tttg: c98/181 lr:0.000439 t:8.2s
tttg: c99/181 lr:0.000430 t:8.3s
tttg: c100/181 lr:0.000422 t:8.4s
tttg: c101/181 lr:0.000413 t:8.4s
tttg: c102/181 lr:0.000405 t:8.5s
tttg: c103/181 lr:0.000396 t:8.6s
tttg: c104/181 lr:0.000388 t:8.7s
tttg: c105/181 lr:0.000379 t:8.8s
tttg: c106/181 lr:0.000371 t:8.8s
tttg: c107/181 lr:0.000362 t:8.9s
tttg: c108/181 lr:0.000354 t:9.0s
tttg: c109/181 lr:0.000345 t:9.1s
tttg: c110/181 lr:0.000337 t:9.2s
tttg: c111/181 lr:0.000329 t:9.2s
tttg: c112/181 lr:0.000321 t:9.3s
tttg: c113/181 lr:0.000313 t:9.4s
tttg: c114/181 lr:0.000305 t:9.5s
tttg: c115/181 lr:0.000297 t:9.6s
tttg: c116/181 lr:0.000289 t:9.6s
tttg: c117/181 lr:0.000281 t:9.7s
tttg: c118/181 lr:0.000273 t:9.8s
tttg: c119/181 lr:0.000265 t:9.9s
tttg: c120/181 lr:0.000258 t:10.0s
tttg: c121/181 lr:0.000250 t:10.1s
tttg: c122/181 lr:0.000242 t:10.1s
tttg: c123/181 lr:0.000235 t:10.2s
tttg: c124/181 lr:0.000228 t:10.3s
tttg: c125/181 lr:0.000220 t:10.4s
tttg: c126/181 lr:0.000213 t:10.5s
tttg: c127/181 lr:0.000206 t:10.5s
tttg: c128/181 lr:0.000199 t:10.6s
tttg: c129/181 lr:0.000192 t:10.7s
tttg: c130/181 lr:0.000185 t:10.8s
tttg: c131/181 lr:0.000179 t:10.9s
tttg: c132/181 lr:0.000172 t:10.9s
tttg: c133/181 lr:0.000165 t:11.0s
tttg: c134/181 lr:0.000159 t:11.1s
tttg: c135/181 lr:0.000153 t:11.2s
tttg: c136/181 lr:0.000146 t:11.3s
tttg: c137/181 lr:0.000140 t:11.4s
tttg: c138/181 lr:0.000134 t:11.5s
tttg: c139/181 lr:0.000128 t:11.5s
tttg: c140/181 lr:0.000123 t:11.6s
tttg: c141/181 lr:0.000117 t:11.7s
tttg: c142/181 lr:0.000111 t:11.8s
tttg: c143/181 lr:0.000106 t:11.9s
tttg: c144/181 lr:0.000101 t:11.9s
tttg: c145/181 lr:0.000095 t:12.0s
tttg: c146/181 lr:0.000090 t:12.1s
tttg: c147/181 lr:0.000085 t:12.2s
tttg: c148/181 lr:0.000081 t:12.3s
tttg: c149/181 lr:0.000076 t:12.3s
tttg: c150/181 lr:0.000071 t:12.4s
tttg: c151/181 lr:0.000067 t:12.5s
tttg: c152/181 lr:0.000063 t:12.6s
tttg: c153/181 lr:0.000059 t:12.7s
tttg: c154/181 lr:0.000054 t:12.8s
tttg: c155/181 lr:0.000051 t:12.8s
tttg: c156/181 lr:0.000047 t:12.9s
tttg: c157/181 lr:0.000043 t:13.0s
tttg: c158/181 lr:0.000040 t:13.1s
tttg: c159/181 lr:0.000036 t:13.2s
tttg: c160/181 lr:0.000033 t:13.2s
tttg: c161/181 lr:0.000030 t:13.3s
tttg: c162/181 lr:0.000027 t:13.4s
tttg: c163/181 lr:0.000024 t:13.5s
tttg: c164/181 lr:0.000022 t:13.6s
tttg: c165/181 lr:0.000019 t:13.6s
tttg: c166/181 lr:0.000017 t:13.7s
tttg: c167/181 lr:0.000015 t:13.8s
tttg: c168/181 lr:0.000013 t:13.9s
tttg: c169/181 lr:0.000011 t:14.0s
tttg: c170/181 lr:0.000009 t:14.0s
tttg: c171/181 lr:0.000008 t:14.1s
tttg: c172/181 lr:0.000006 t:14.2s
tttg: c173/181 lr:0.000005 t:14.3s
tttg: c174/181 lr:0.000004 t:14.4s
tttg: c175/181 lr:0.000003 t:14.5s
tttg: c176/181 lr:0.000002 t:14.5s
tttg: c177/181 lr:0.000001 t:14.6s
tttg: c178/181 lr:0.000001 t:14.7s
tttg: c179/181 lr:0.000000 t:14.8s
tttg: c180/181 lr:0.000000 t:14.9s
ttpr: phase:1/2 t:229.9s
ttp: b751/782 bl:2.3126 bb:1.0353 rl:2.3097 rb:1.0667 dl:3150-3221 gd:0
ttp: b742/782 bl:2.3209 bb:1.0449 rl:2.3107 rb:1.0648 dl:2730-2762 gd:0
ttpp: phase:2/2 pd:2960 gd:2500 t:350.9s
tttg: c1/289 lr:0.001000 t:0.1s
tttg: c2/289 lr:0.001000 t:0.2s
tttg: c3/289 lr:0.001000 t:0.2s
tttg: c4/289 lr:0.001000 t:0.3s
tttg: c5/289 lr:0.001000 t:0.4s
tttg: c6/289 lr:0.000999 t:0.5s
tttg: c7/289 lr:0.000999 t:0.6s
tttg: c8/289 lr:0.000999 t:0.6s
tttg: c9/289 lr:0.000998 t:0.7s
tttg: c10/289 lr:0.000998 t:0.8s
tttg: c11/289 lr:0.000997 t:0.9s
tttg: c12/289 lr:0.000996 t:1.0s
tttg: c13/289 lr:0.000996 t:1.0s
tttg: c14/289 lr:0.000995 t:1.1s
tttg: c15/289 lr:0.000994 t:1.2s
tttg: c16/289 lr:0.000993 t:1.3s
tttg: c17/289 lr:0.000992 t:1.4s
tttg: c18/289 lr:0.000991 t:1.4s
tttg: c19/289 lr:0.000990 t:1.5s
tttg: c20/289 lr:0.000989 t:1.6s
tttg: c21/289 lr:0.000988 t:1.7s
tttg: c22/289 lr:0.000987 t:1.8s
tttg: c23/289 lr:0.000986 t:1.8s
tttg: c24/289 lr:0.000984 t:1.9s
tttg: c25/289 lr:0.000983 t:2.0s
tttg: c26/289 lr:0.000982 t:2.1s
tttg: c27/289 lr:0.000980 t:2.2s
tttg: c28/289 lr:0.000978 t:2.2s
tttg: c29/289 lr:0.000977 t:2.3s
tttg: c30/289 lr:0.000975 t:2.4s
tttg: c31/289 lr:0.000973 t:2.5s
tttg: c32/289 lr:0.000972 t:2.6s
tttg: c33/289 lr:0.000970 t:2.6s
tttg: c34/289 lr:0.000968 t:2.7s
tttg: c35/289 lr:0.000966 t:2.8s
tttg: c36/289 lr:0.000964 t:2.9s
tttg: c37/289 lr:0.000962 t:3.0s
tttg: c38/289 lr:0.000960 t:3.0s
tttg: c39/289 lr:0.000958 t:3.1s
tttg: c40/289 lr:0.000955 t:3.2s
tttg: c41/289 lr:0.000953 t:3.3s
tttg: c42/289 lr:0.000951 t:3.4s
tttg: c43/289 lr:0.000948 t:3.4s
tttg: c44/289 lr:0.000946 t:3.5s
tttg: c45/289 lr:0.000944 t:3.6s
tttg: c46/289 lr:0.000941 t:3.7s
tttg: c47/289 lr:0.000938 t:3.8s
tttg: c48/289 lr:0.000936 t:3.9s
tttg: c49/289 lr:0.000933 t:3.9s
tttg: c50/289 lr:0.000930 t:4.0s
tttg: c51/289 lr:0.000927 t:4.1s
tttg: c52/289 lr:0.000925 t:4.2s
tttg: c53/289 lr:0.000922 t:4.3s
tttg: c54/289 lr:0.000919 t:4.3s
tttg: c55/289 lr:0.000916 t:4.4s
tttg: c56/289 lr:0.000913 t:4.5s
tttg: c57/289 lr:0.000910 t:4.6s
tttg: c58/289 lr:0.000906 t:4.7s
tttg: c59/289 lr:0.000903 t:4.7s
tttg: c60/289 lr:0.000900 t:4.8s
tttg: c61/289 lr:0.000897 t:4.9s
tttg: c62/289 lr:0.000893 t:5.0s
tttg: c63/289 lr:0.000890 t:5.1s
tttg: c64/289 lr:0.000887 t:5.1s
tttg: c65/289 lr:0.000883 t:5.2s
tttg: c66/289 lr:0.000879 t:5.3s
tttg: c67/289 lr:0.000876 t:5.4s
tttg: c68/289 lr:0.000872 t:5.5s
tttg: c69/289 lr:0.000869 t:5.6s
tttg: c70/289 lr:0.000865 t:5.6s
tttg: c71/289 lr:0.000861 t:5.7s
tttg: c72/289 lr:0.000857 t:5.8s
tttg: c73/289 lr:0.000854 t:5.9s
tttg: c74/289 lr:0.000850 t:6.0s
tttg: c75/289 lr:0.000846 t:6.0s
tttg: c76/289 lr:0.000842 t:6.1s
tttg: c77/289 lr:0.000838 t:6.2s
tttg: c78/289 lr:0.000834 t:6.3s
tttg: c79/289 lr:0.000830 t:6.4s
tttg: c80/289 lr:0.000826 t:6.4s
tttg: c81/289 lr:0.000821 t:6.5s
tttg: c82/289 lr:0.000817 t:6.6s
tttg: c83/289 lr:0.000813 t:6.7s
tttg: c84/289 lr:0.000809 t:6.8s
tttg: c85/289 lr:0.000804 t:6.9s
tttg: c86/289 lr:0.000800 t:7.0s
tttg: c87/289 lr:0.000796 t:7.0s
tttg: c88/289 lr:0.000791 t:7.1s
tttg: c89/289 lr:0.000787 t:7.2s
tttg: c90/289 lr:0.000782 t:7.3s
tttg: c91/289 lr:0.000778 t:7.4s
tttg: c92/289 lr:0.000773 t:7.4s
tttg: c93/289 lr:0.000769 t:7.5s
tttg: c94/289 lr:0.000764 t:7.6s
tttg: c95/289 lr:0.000759 t:7.7s
tttg: c96/289 lr:0.000755 t:7.8s
tttg: c97/289 lr:0.000750 t:7.8s
tttg: c98/289 lr:0.000745 t:7.9s
tttg: c99/289 lr:0.000740 t:8.0s
tttg: c100/289 lr:0.000736 t:8.1s
tttg: c101/289 lr:0.000731 t:8.2s
tttg: c102/289 lr:0.000726 t:8.2s
tttg: c103/289 lr:0.000721 t:8.3s
tttg: c104/289 lr:0.000716 t:8.4s
tttg: c105/289 lr:0.000711 t:8.5s
tttg: c106/289 lr:0.000706 t:8.6s
tttg: c107/289 lr:0.000701 t:8.7s
tttg: c108/289 lr:0.000696 t:8.8s
tttg: c109/289 lr:0.000691 t:8.8s
tttg: c110/289 lr:0.000686 t:8.9s
tttg: c111/289 lr:0.000681 t:9.0s
tttg: c112/289 lr:0.000676 t:9.1s
tttg: c113/289 lr:0.000671 t:9.2s
tttg: c114/289 lr:0.000666 t:9.2s
tttg: c115/289 lr:0.000661 t:9.3s
tttg: c116/289 lr:0.000656 t:9.4s
tttg: c117/289 lr:0.000650 t:9.5s
tttg: c118/289 lr:0.000645 t:9.6s
tttg: c119/289 lr:0.000640 t:9.6s
tttg: c120/289 lr:0.000635 t:9.7s
tttg: c121/289 lr:0.000629 t:9.8s
tttg: c122/289 lr:0.000624 t:9.9s
tttg: c123/289 lr:0.000619 t:10.0s
tttg: c124/289 lr:0.000614 t:10.0s
tttg: c125/289 lr:0.000608 t:10.1s
tttg: c126/289 lr:0.000603 t:10.2s
tttg: c127/289 lr:0.000598 t:10.3s
tttg: c128/289 lr:0.000592 t:10.4s
tttg: c129/289 lr:0.000587 t:10.5s
tttg: c130/289 lr:0.000581 t:10.5s
tttg: c131/289 lr:0.000576 t:10.6s
tttg: c132/289 lr:0.000571 t:10.7s
tttg: c133/289 lr:0.000565 t:10.8s
tttg: c134/289 lr:0.000560 t:10.9s
tttg: c135/289 lr:0.000554 t:10.9s
tttg: c136/289 lr:0.000549 t:11.0s
tttg: c137/289 lr:0.000544 t:11.1s
tttg: c138/289 lr:0.000538 t:11.2s
tttg: c139/289 lr:0.000533 t:11.3s
tttg: c140/289 lr:0.000527 t:11.3s
tttg: c141/289 lr:0.000522 t:11.4s
tttg: c142/289 lr:0.000516 t:11.5s
tttg: c143/289 lr:0.000511 t:11.6s
tttg: c144/289 lr:0.000505 t:11.7s
tttg: c145/289 lr:0.000500 t:11.7s
tttg: c146/289 lr:0.000495 t:11.8s
tttg: c147/289 lr:0.000489 t:11.9s
tttg: c148/289 lr:0.000484 t:12.0s
tttg: c149/289 lr:0.000478 t:12.1s
tttg: c150/289 lr:0.000473 t:12.2s
tttg: c151/289 lr:0.000467 t:12.3s
tttg: c152/289 lr:0.000462 t:12.3s
tttg: c153/289 lr:0.000456 t:12.4s
tttg: c154/289 lr:0.000451 t:12.5s
tttg: c155/289 lr:0.000446 t:12.6s
tttg: c156/289 lr:0.000440 t:12.7s
tttg: c157/289 lr:0.000435 t:12.7s
tttg: c158/289 lr:0.000429 t:12.8s
tttg: c159/289 lr:0.000424 t:12.9s
tttg: c160/289 lr:0.000419 t:13.0s
tttg: c161/289 lr:0.000413 t:13.1s
tttg: c162/289 lr:0.000408 t:13.1s
tttg: c163/289 lr:0.000402 t:13.2s
tttg: c164/289 lr:0.000397 t:13.3s
tttg: c165/289 lr:0.000392 t:13.4s
tttg: c166/289 lr:0.000386 t:13.5s
tttg: c167/289 lr:0.000381 t:13.5s
tttg: c168/289 lr:0.000376 t:13.6s
tttg: c169/289 lr:0.000371 t:13.7s
tttg: c170/289 lr:0.000365 t:13.8s
tttg: c171/289 lr:0.000360 t:13.9s
tttg: c172/289 lr:0.000355 t:13.9s
tttg: c173/289 lr:0.000350 t:14.0s
tttg: c174/289 lr:0.000344 t:14.1s
tttg: c175/289 lr:0.000339 t:14.2s
tttg: c176/289 lr:0.000334 t:14.3s
tttg: c177/289 lr:0.000329 t:14.4s
tttg: c178/289 lr:0.000324 t:14.4s
tttg: c179/289 lr:0.000319 t:14.5s
tttg: c180/289 lr:0.000314 t:14.6s
tttg: c181/289 lr:0.000309 t:14.7s
tttg: c182/289 lr:0.000304 t:14.8s
tttg: c183/289 lr:0.000299 t:14.8s
tttg: c184/289 lr:0.000294 t:14.9s
tttg: c185/289 lr:0.000289 t:15.0s
tttg: c186/289 lr:0.000284 t:15.1s
tttg: c187/289 lr:0.000279 t:15.2s
tttg: c188/289 lr:0.000274 t:15.3s
tttg: c189/289 lr:0.000269 t:15.3s
tttg: c190/289 lr:0.000264 t:15.4s
tttg: c191/289 lr:0.000260 t:15.5s
tttg: c192/289 lr:0.000255 t:15.6s
tttg: c193/289 lr:0.000250 t:15.7s
tttg: c194/289 lr:0.000245 t:15.7s
tttg: c195/289 lr:0.000241 t:15.8s
tttg: c196/289 lr:0.000236 t:15.9s
tttg: c197/289 lr:0.000231 t:16.0s
tttg: c198/289 lr:0.000227 t:16.1s
tttg: c199/289 lr:0.000222 t:16.1s
tttg: c200/289 lr:0.000218 t:16.2s
tttg: c201/289 lr:0.000213 t:16.3s
tttg: c202/289 lr:0.000209 t:16.4s
tttg: c203/289 lr:0.000204 t:16.5s
tttg: c204/289 lr:0.000200 t:16.6s
tttg: c205/289 lr:0.000196 t:16.6s
tttg: c206/289 lr:0.000191 t:16.7s
tttg: c207/289 lr:0.000187 t:16.8s
tttg: c208/289 lr:0.000183 t:16.9s
tttg: c209/289 lr:0.000179 t:17.0s
tttg: c210/289 lr:0.000174 t:17.0s
tttg: c211/289 lr:0.000170 t:17.1s
tttg: c212/289 lr:0.000166 t:17.2s
tttg: c213/289 lr:0.000162 t:17.3s
tttg: c214/289 lr:0.000158 t:17.4s
tttg: c215/289 lr:0.000154 t:17.4s
tttg: c216/289 lr:0.000150 t:17.5s
tttg: c217/289 lr:0.000146 t:17.6s
tttg: c218/289 lr:0.000143 t:17.7s
tttg: c219/289 lr:0.000139 t:17.8s
tttg: c220/289 lr:0.000135 t:17.8s
tttg: c221/289 lr:0.000131 t:17.9s
tttg: c222/289 lr:0.000128 t:18.0s
tttg: c223/289 lr:0.000124 t:18.1s
tttg: c224/289 lr:0.000121 t:18.2s
tttg: c225/289 lr:0.000117 t:18.3s
tttg: c226/289 lr:0.000113 t:18.3s
tttg: c227/289 lr:0.000110 t:18.4s
tttg: c228/289 lr:0.000107 t:18.5s
tttg: c229/289 lr:0.000103 t:18.6s
tttg: c230/289 lr:0.000100 t:18.7s
tttg: c231/289 lr:0.000097 t:18.7s
tttg: c232/289 lr:0.000094 t:18.8s
tttg: c233/289 lr:0.000090 t:18.9s
tttg: c234/289 lr:0.000087 t:19.0s
tttg: c235/289 lr:0.000084 t:19.1s
tttg: c236/289 lr:0.000081 t:19.1s
tttg: c237/289 lr:0.000078 t:19.2s
tttg: c238/289 lr:0.000075 t:19.3s
tttg: c239/289 lr:0.000073 t:19.4s
tttg: c240/289 lr:0.000070 t:19.5s
tttg: c241/289 lr:0.000067 t:19.5s
tttg: c242/289 lr:0.000064 t:19.6s
tttg: c243/289 lr:0.000062 t:19.7s
tttg: c244/289 lr:0.000059 t:19.8s
tttg: c245/289 lr:0.000056 t:19.9s
tttg: c246/289 lr:0.000054 t:20.0s
tttg: c247/289 lr:0.000052 t:20.0s
tttg: c248/289 lr:0.000049 t:20.1s
tttg: c249/289 lr:0.000047 t:20.2s
tttg: c250/289 lr:0.000045 t:20.3s
tttg: c251/289 lr:0.000042 t:20.4s
tttg: c252/289 lr:0.000040 t:20.5s
tttg: c253/289 lr:0.000038 t:20.5s
tttg: c254/289 lr:0.000036 t:20.6s
tttg: c255/289 lr:0.000034 t:20.7s
tttg: c256/289 lr:0.000032 t:20.8s
tttg: c257/289 lr:0.000030 t:20.9s
tttg: c258/289 lr:0.000028 t:20.9s
tttg: c259/289 lr:0.000027 t:21.0s
tttg: c260/289 lr:0.000025 t:21.1s
tttg: c261/289 lr:0.000023 t:21.2s
tttg: c262/289 lr:0.000022 t:21.3s
tttg: c263/289 lr:0.000020 t:21.3s
tttg: c264/289 lr:0.000018 t:21.4s
tttg: c265/289 lr:0.000017 t:21.5s
tttg: c266/289 lr:0.000016 t:21.6s
tttg: c267/289 lr:0.000014 t:21.7s
tttg: c268/289 lr:0.000013 t:21.8s
tttg: c269/289 lr:0.000012 t:21.8s
tttg: c270/289 lr:0.000011 t:21.9s
tttg: c271/289 lr:0.000010 t:22.0s
tttg: c272/289 lr:0.000009 t:22.1s
tttg: c273/289 lr:0.000008 t:22.2s
tttg: c274/289 lr:0.000007 t:22.2s
tttg: c275/289 lr:0.000006 t:22.3s
tttg: c276/289 lr:0.000005 t:22.4s
tttg: c277/289 lr:0.000004 t:22.5s
tttg: c278/289 lr:0.000004 t:22.6s
tttg: c279/289 lr:0.000003 t:22.6s
tttg: c280/289 lr:0.000002 t:22.7s
tttg: c281/289 lr:0.000002 t:22.8s
tttg: c282/289 lr:0.000001 t:22.9s
tttg: c283/289 lr:0.000001 t:23.0s
tttg: c284/289 lr:0.000001 t:23.0s
tttg: c285/289 lr:0.000000 t:23.1s
tttg: c286/289 lr:0.000000 t:23.2s
tttg: c287/289 lr:0.000000 t:23.3s
tttg: c288/289 lr:0.000000 t:23.4s
ttpr: phase:2/2 t:375.7s
ttp: b729/782 bl:2.3070 bb:1.0777 rl:2.3104 rb:1.0657 dl:2325-2352 gd:1
ttp: b726/782 bl:2.3336 bb:1.0380 rl:2.3118 rb:1.0640 dl:2254-2276 gd:1
ttp: b717/782 bl:2.2518 bb:1.0311 rl:2.3087 rb:1.0622 dl:2070-2088 gd:1
ttp: b707/782 bl:2.3545 bb:1.0463 rl:2.3108 rb:1.0615 dl:1910-1923 gd:1
ttp: b698/782 bl:2.2475 bb:1.0288 rl:2.3081 rb:1.0601 dl:1803-1814 gd:1
ttp: b693/782 bl:2.3373 bb:1.0500 rl:2.3093 rb:1.0597 dl:1746-1757 gd:1
ttp: b685/782 bl:2.2949 bb:1.0270 rl:2.3088 rb:1.0585 dl:1665-1675 gd:1
ttp: b679/782 bl:2.2999 bb:1.0560 rl:2.3085 rb:1.0584 dl:1610-1618 gd:1
ttp: b670/782 bl:2.3457 bb:1.0674 rl:2.3096 rb:1.0587 dl:1537-1544 gd:1
ttp: b658/782 bl:2.2541 bb:1.0204 rl:2.3080 rb:1.0576 dl:1452-1459 gd:1
ttp: b651/782 bl:2.3857 bb:1.0426 rl:2.3101 rb:1.0572 dl:1406-1411 gd:1
ttp: b643/782 bl:2.3514 bb:1.0239 rl:2.3112 rb:1.0563 dl:1356-1362 gd:1
ttp: b634/782 bl:2.3795 bb:1.0475 rl:2.3128 rb:1.0561 dl:1302-1308 gd:1
ttp: b626/782 bl:2.3089 bb:1.0259 rl:2.3127 rb:1.0554 dl:1260-1265 gd:1
ttp: b618/782 bl:2.4070 bb:1.0713 rl:2.3147 rb:1.0557 dl:1216-1221 gd:1
ttp: b610/782 bl:2.2506 bb:1.0064 rl:2.3134 rb:1.0547 dl:1177-1182 gd:1
ttp: b602/782 bl:2.3725 bb:1.0465 rl:2.3145 rb:1.0546 dl:1141-1146 gd:1
ttp: b596/782 bl:2.2869 bb:1.0455 rl:2.3140 rb:1.0544 dl:1115-1119 gd:1
ttp: b588/782 bl:2.3157 bb:1.0422 rl:2.3140 rb:1.0542 dl:1081-1086 gd:1
ttp: b580/782 bl:2.3062 bb:1.0118 rl:2.3139 rb:1.0534 dl:1048-1052 gd:1
ttp: b574/782 bl:2.3697 bb:1.0634 rl:2.3148 rb:1.0536 dl:1025-1029 gd:1
ttp: b566/782 bl:2.2949 bb:1.0250 rl:2.3145 rb:1.0532 dl:997-1001 gd:1
ttp: b558/782 bl:2.3708 bb:1.0603 rl:2.3153 rb:1.0533 dl:968-972 gd:1
ttp: b548/782 bl:2.2400 bb:1.0464 rl:2.3143 rb:1.0532 dl:937-939 gd:1
ttp: b540/782 bl:2.3518 bb:1.0743 rl:2.3148 rb:1.0535 dl:912-915 gd:1
ttp: b530/782 bl:2.4022 bb:1.0805 rl:2.3159 rb:1.0538 dl:882-884 gd:1
ttp: b523/782 bl:2.3113 bb:1.0167 rl:2.3158 rb:1.0533 dl:860-863 gd:1
ttp: b518/782 bl:2.2368 bb:1.0068 rl:2.3149 rb:1.0528 dl:846-850 gd:1
ttp: b510/782 bl:2.3830 bb:1.0736 rl:2.3157 rb:1.0530 dl:823-826 gd:1
ttp: b500/782 bl:2.3216 bb:1.0626 rl:2.3157 rb:1.0531 dl:796-799 gd:1
ttp: b492/782 bl:2.2765 bb:1.0339 rl:2.3153 rb:1.0529 dl:776-778 gd:1
ttp: b484/782 bl:2.3651 bb:1.0480 rl:2.3158 rb:1.0529 dl:756-759 gd:1
ttp: b478/782 bl:2.3369 bb:1.0761 rl:2.3160 rb:1.0531 dl:742-744 gd:1
ttp: b470/782 bl:2.3492 bb:1.0573 rl:2.3164 rb:1.0531 dl:724-726 gd:1
ttp: b459/782 bl:2.2780 bb:1.0429 rl:2.3160 rb:1.0530 dl:700-701 gd:1
ttp: b451/782 bl:2.4042 bb:1.0879 rl:2.3168 rb:1.0533 dl:682-685 gd:1
ttp: b443/782 bl:2.2307 bb:1.0496 rl:2.3160 rb:1.0533 dl:666-668 gd:1
ttp: b437/782 bl:2.2943 bb:1.0556 rl:2.3159 rb:1.0533 dl:653-655 gd:1
ttp: b429/782 bl:2.2419 bb:1.0225 rl:2.3153 rb:1.0531 dl:638-640 gd:1
ttp: b421/782 bl:2.2889 bb:1.0021 rl:2.3151 rb:1.0527 dl:622-624 gd:1
ttp: b417/782 bl:2.2512 bb:1.0400 rl:2.3146 rb:1.0526 dl:615-617 gd:1
ttp: b409/782 bl:2.3274 bb:1.0682 rl:2.3147 rb:1.0527 dl:598-601 gd:1
ttp: b400/782 bl:2.3045 bb:1.0369 rl:2.3146 rb:1.0526 dl:582-584 gd:1
ttp: b389/782 bl:2.2928 bb:1.0859 rl:2.3144 rb:1.0528 dl:563-564 gd:1
ttp: b381/782 bl:2.4188 bb:1.0995 rl:2.3151 rb:1.0531 dl:549-550 gd:1
ttp: b374/782 bl:2.2974 bb:1.0357 rl:2.3150 rb:1.0530 dl:537-538 gd:1
ttp: b366/782 bl:2.3276 bb:1.0663 rl:2.3151 rb:1.0531 dl:524-525 gd:1
ttp: b359/782 bl:2.2473 bb:1.0319 rl:2.3147 rb:1.0529 dl:512-513 gd:1
ttp: b351/782 bl:2.3575 bb:1.0792 rl:2.3149 rb:1.0531 dl:498-499 gd:1
ttp: b343/782 bl:2.2183 bb:1.0439 rl:2.3144 rb:1.0531 dl:486-488 gd:1
ttp: b334/782 bl:2.3771 bb:1.0685 rl:2.3147 rb:1.0531 dl:472-474 gd:1
ttp: b325/782 bl:2.3479 bb:1.0800 rl:2.3149 rb:1.0533 dl:459-461 gd:1
ttp: b317/782 bl:2.3018 bb:1.0458 rl:2.3148 rb:1.0532 dl:446-448 gd:1
ttp: b308/782 bl:2.3962 bb:1.0868 rl:2.3153 rb:1.0534 dl:433-435 gd:1
ttp: b298/782 bl:2.4167 bb:1.1005 rl:2.3157 rb:1.0536 dl:418-420 gd:1
ttp: b291/782 bl:2.2652 bb:1.0128 rl:2.3155 rb:1.0534 dl:407-409 gd:1
ttp: b284/782 bl:2.4472 bb:1.1395 rl:2.3161 rb:1.0538 dl:398-399 gd:1
ttp: b275/782 bl:2.3427 bb:1.0555 rl:2.3162 rb:1.0538 dl:385-386 gd:1
ttp: b266/782 bl:2.3730 bb:1.1041 rl:2.3165 rb:1.0540 dl:374-375 gd:1
ttp: b259/782 bl:2.3361 bb:1.0956 rl:2.3165 rb:1.0542 dl:365-366 gd:1
ttp: b251/782 bl:2.3696 bb:1.0955 rl:2.3167 rb:1.0544 dl:355-356 gd:1
ttp: b243/782 bl:2.3474 bb:1.0771 rl:2.3169 rb:1.0545 dl:345-346 gd:1
ttp: b235/782 bl:2.2801 bb:1.0977 rl:2.3167 rb:1.0546 dl:335-336 gd:1
ttp: b230/782 bl:2.4616 bb:1.1551 rl:2.3173 rb:1.0550 dl:329-330 gd:1
ttp: b222/782 bl:2.3685 bb:1.1071 rl:2.3174 rb:1.0551 dl:320-321 gd:1
ttp: b214/782 bl:2.3354 bb:1.1175 rl:2.3175 rb:1.0553 dl:310-312 gd:1
ttp: b205/782 bl:2.3211 bb:1.1113 rl:2.3175 rb:1.0555 dl:301-302 gd:1
ttp: b197/782 bl:2.3627 bb:1.1169 rl:2.3177 rb:1.0557 dl:292-294 gd:1
ttp: b189/782 bl:2.4157 bb:1.1397 rl:2.3180 rb:1.0560 dl:283-284 gd:1
ttp: b181/782 bl:2.3389 bb:1.1295 rl:2.3180 rb:1.0562 dl:275-276 gd:1
ttp: b174/782 bl:2.4367 bb:1.1493 rl:2.3184 rb:1.0564 dl:268-269 gd:1
ttp: b166/782 bl:2.4739 bb:1.1058 rl:2.3188 rb:1.0566 dl:260-262 gd:1
ttp: b158/782 bl:2.3393 bb:1.1060 rl:2.3189 rb:1.0567 dl:253-254 gd:1
ttp: b150/782 bl:2.3277 bb:1.1052 rl:2.3189 rb:1.0568 dl:245-246 gd:1
ttp: b142/782 bl:2.3848 bb:1.1101 rl:2.3190 rb:1.0569 dl:237-238 gd:1
ttp: b137/782 bl:2.4106 bb:1.1517 rl:2.3193 rb:1.0572 dl:233-233 gd:1
ttp: b128/782 bl:2.3923 bb:1.1562 rl:2.3194 rb:1.0574 dl:224-225 gd:1
ttp: b120/782 bl:2.3828 bb:1.1072 rl:2.3196 rb:1.0575 dl:217-218 gd:1
ttp: b113/782 bl:2.5533 bb:1.1353 rl:2.3201 rb:1.0577 dl:210-211 gd:1
ttp: b105/782 bl:2.4145 bb:1.1484 rl:2.3203 rb:1.0579 dl:203-204 gd:1
ttp: b98/782 bl:2.5907 bb:1.2156 rl:2.3209 rb:1.0582 dl:197-198 gd:1
ttp: b91/782 bl:2.4538 bb:1.1501 rl:2.3211 rb:1.0584 dl:190-191 gd:1
ttp: b84/782 bl:2.5166 bb:1.1966 rl:2.3215 rb:1.0586 dl:184-185 gd:1
ttp: b77/782 bl:2.5083 bb:1.2320 rl:2.3219 rb:1.0589 dl:178-179 gd:1
ttp: b71/782 bl:2.4630 bb:1.1771 rl:2.3221 rb:1.0591 dl:173-173 gd:1
ttp: b64/782 bl:2.5213 bb:1.1500 rl:2.3225 rb:1.0593 dl:166-167 gd:1
ttp: b58/782 bl:2.5072 bb:1.2168 rl:2.3228 rb:1.0595 dl:161-162 gd:1
ttp: b52/782 bl:2.6754 bb:1.2489 rl:2.3233 rb:1.0598 dl:155-156 gd:1
ttp: b46/782 bl:2.5362 bb:1.2110 rl:2.3237 rb:1.0601 dl:149-150 gd:1
ttp: b40/782 bl:2.4845 bb:1.1509 rl:2.3239 rb:1.0602 dl:143-144 gd:1
ttp: b36/782 bl:2.5218 bb:1.2168 rl:2.3242 rb:1.0604 dl:139-140 gd:1
ttp: b30/782 bl:2.5898 bb:1.2627 rl:2.3246 rb:1.0607 dl:133-134 gd:1
ttp: b24/782 bl:2.4420 bb:1.1517 rl:2.3247 rb:1.0608 dl:127-128 gd:1
ttp: b18/782 bl:2.6324 bb:1.2003 rl:2.3251 rb:1.0609 dl:119-121 gd:1
ttp: b11/782 bl:2.6346 bb:1.2183 rl:2.3254 rb:1.0611 dl:109-110 gd:1
ttp: b4/782 bl:2.7335 bb:1.2248 rl:2.3258 rb:1.0613 dl:93-96 gd:1
quantized_ttt_phased val_loss:2.31824620 val_bpb:1.05934805 eval_time:466720ms
total_eval_time:466.7s
