W0429 23:37:14.844000 270739 torch/distributed/run.py:803] 
W0429 23:37:14.844000 270739 torch/distributed/run.py:803] *****************************************
W0429 23:37:14.844000 270739 torch/distributed/run.py:803] Setting OMP_NUM_THREADS environment variable for each process to be 1 in default, to avoid your system being overloaded, please further tune the variable for optimal performance in your application as needed. 
W0429 23:37:14.844000 270739 torch/distributed/run.py:803] *****************************************
Hyperparameters:
  adam_eps: 1e-08
  adam_wd: 0.02
  artifact_dir: 
  attn_clip_sigmas: 13.0
  attn_out_gate_enabled: False
  attn_out_gate_src: proj
  beta1: 0.9
  beta2: 0.99
  caseops_enabled: True
  compressor: brotli
  data_dir: ./data
  datasets_dir: ./data/datasets/fineweb10B_sp8192_caseops/datasets/datasets/fineweb10B_sp8192_lossless_caps_caseops_v1_reserved
  distributed: True
  ema_decay: 0.9965
  embed_bits: 7
  embed_clip_sigmas: 14.0
  embed_lr: 0.6
  embed_wd: 0.085
  enable_looping_at: 0.35
  eval_seq_len: 2048
  eval_stride: 64
  fused_ce_enabled: True
  gate_window: 12
  gated_attn_enabled: False
  gated_attn_init_std: 0.01
  gated_attn_quant_gate: False
  global_ttt_batch_seqs: 32
  global_ttt_chunk_tokens: 32768
  global_ttt_epochs: 1
  global_ttt_grad_clip: 1.0
  global_ttt_lr: 0.001
  global_ttt_momentum: 0.9
  global_ttt_muon_nesterov: True
  global_ttt_muon_ns_steps: 5
  global_ttt_optimizer: sgd
  global_ttt_respect_doc_boundaries: True
  global_ttt_warmup_chunks: 0
  global_ttt_warmup_start_lr: 0.0
  gptq_calibration_batches: 16
  gptq_reserve_seconds: 0.5
  grad_accum_steps: 1
  grad_clip_norm: 0.3
  is_main_process: True
  iterations: 20000
  ln_scale: True
  local_rank: 0
  logfile: logs/04f8a10e-0920-4027-a0e1-57ab2807d05a.txt
  logit_softcap: 30.0
  loop_end: 5
  loop_start: 3
  lqer_asym_enabled: True
  lqer_asym_group: 64
  lqer_enabled: True
  lqer_factor_bits: 4
  lqer_rank: 4
  lqer_top_k: 3
  matrix_bits: 6
  matrix_clip_sigmas: 12.85
  matrix_lr: 0.026
  max_wallclock_seconds: 600.0
  min_lr: 0.1
  mlp_clip_sigmas: 11.5
  mlp_mult: 4.0
  model_dim: 512
  model_path: final_model.pt
  muon_backend_steps: 5
  muon_huber_delta: 0.1
  muon_huber_wd: False
  muon_momentum: 0.97
  muon_momentum_warmup_start: 0.92
  muon_momentum_warmup_steps: 1500
  muon_row_normalize: True
  muon_wd: 0.095
  num_heads: 8
  num_kv_heads: 4
  num_layers: 11
  num_loops: 2
  optrot_enabled: False
  parallel_final_lane: mean
  parallel_start_layer: 8
  phased_ttt_num_phases: 2
  phased_ttt_prefix_docs: 2500
  qk_gain_init: 5.0
  qk_gain_schedule: []
  quantized_model_path: final_model.int6.ptz
  rank: 0
  rope_base: 10000.0
  rope_dims: 16
  rope_train_seq_len: 2048
  rope_yarn: False
  run_id: 04f8a10e-0920-4027-a0e1-57ab2807d05a
  scalar_lr: 0.02
  seed: 314
  skip_gates_enabled: True
  smear_gate_enabled: True
  sparse_attn_gate_enabled: True
  sparse_attn_gate_init_std: 0.0
  sparse_attn_gate_scale: 0.5
  tie_embeddings: True
  tied_embed_init_std: 0.005
  tied_embed_lr: 0.03
  tokenizer_path: ./data/datasets/fineweb10B_sp8192_caseops/datasets/tokenizers/fineweb_8192_bpe_lossless_caps_caseops_v1_reserved.model
  train_batch_tokens: 786432
  train_files: ./data/datasets/fineweb10B_sp8192_caseops/datasets/datasets/fineweb10B_sp8192_lossless_caps_caseops_v1_reserved/fineweb_train_*.bin
  train_log_every: 500
  train_seq_len: 2048
  ttt_batch_size: 64
  ttt_beta1: 0.0
  ttt_beta2: 0.99
  ttt_chunk_size: 64
  ttt_enabled: True
  ttt_eval_batches: 
  ttt_eval_seq_len: 2048
  ttt_grad_steps: 1
  ttt_k_lora: True
  ttt_lora_lr: 0.0001
  ttt_lora_rank: 80
  ttt_mlp_lora: True
  ttt_o_lora: True
  ttt_optimizer: adam
  ttt_weight_decay: 0.5
  val_batch_tokens: 524288
  val_bytes_files: ./data/datasets/fineweb10B_sp8192_caseops/datasets/datasets/fineweb10B_sp8192_lossless_caps_caseops_v1_reserved/fineweb_val_bytes_*.bin
  val_doc_fraction: 1.0
  val_files: ./data/datasets/fineweb10B_sp8192_caseops/datasets/datasets/fineweb10B_sp8192_lossless_caps_caseops_v1_reserved/fineweb_val_*.bin
  val_loss_every: 4000
  vocab_size: 8192
  warmdown_frac: 0.85
  warmup_steps: 20
  world_size: 8
  xsa_last_n: 11
train_shards: 1499
val_tokens: 47851520
model_params:35945671
gptq:reserving 0s, effective=599500ms
warmup_cu_buckets:64,128,192,256 iters_each:3
warmup_step: 1/20
warmup_step: 2/20
warmup_step: 3/20
warmup_step: 4/20
warmup_step: 5/20
warmup_step: 6/20
warmup_step: 10/20
warmup_step: 20/20
loop_warmup:enabled encoder:[0, 1, 2, 3, 4, 5, 3, 4] decoder:[5, 3, 4, 5, 6, 7, 8, 9, 10]
loop_warmup_step: 1/20
loop_warmup_step: 2/20
loop_warmup_step: 3/20
loop_warmup_step: 4/20
loop_warmup_step: 5/20
loop_warmup_step: 6/20
loop_warmup_step: 10/20
loop_warmup_step: 20/20
0/20000 val_loss: 8.9980 val_bpb: 4.1115
1/20000 train_loss: 8.9988 train_time: 0.0m tok/s: 12557154
2/20000 train_loss: 12.8612 train_time: 0.0m tok/s: 11644721
3/20000 train_loss: 10.2319 train_time: 0.0m tok/s: 10344692
4/20000 train_loss: 8.6730 train_time: 0.0m tok/s: 9829992
5/20000 train_loss: 7.8950 train_time: 0.0m tok/s: 9539726
500/20000 train_loss: 2.7329 train_time: 0.8m tok/s: 8410851
1000/20000 train_loss: 2.7876 train_time: 1.6m tok/s: 8399156
1500/20000 train_loss: 2.7165 train_time: 2.3m tok/s: 8396594
2000/20000 train_loss: 2.4857 train_time: 3.1m tok/s: 8398710
layer_loop:enabled step:2241 frac:0.350 encoder:[0, 1, 2, 3, 4, 5, 3, 4] decoder:[5, 3, 4, 5, 6, 7, 8, 9, 10]
2500/20000 train_loss: 2.6735 train_time: 4.1m tok/s: 8002165
3000/20000 train_loss: 2.4851 train_time: 5.3m tok/s: 7464905
3500/20000 train_loss: 2.3683 train_time: 6.5m tok/s: 7084857
4000/20000 train_loss: 2.5078 train_time: 7.6m tok/s: 6858187
4000/20000 val_loss: 2.4294 val_bpb: 1.1101
4500/20000 train_loss: 2.3913 train_time: 8.8m tok/s: 6704973
5000/20000 train_loss: 2.2792 train_time: 9.9m tok/s: 6587068
5019/20000 val_loss: 2.3536 val_bpb: 1.0754
stopping_early: wallclock_cap train_time: 599613ms step: 5019/20000
peak memory allocated: 41709 MiB reserved: 47026 MiB
ema:applying EMA weights
diagnostic pre-quantization post-ema val_loss:2.32824686 val_bpb:1.06384887 eval_time:7731ms
Serialized model: 135417533 bytes
Code size (uncompressed): 167610 bytes
Code size (compressed): 33230 bytes
GPTQ:collecting Hessians from calibration data...
GPTQ:collected 67 Hessians in 3.5s
Quantized weights:
  gptq (int6): blocks.attn.c_k.weight, blocks.attn.c_q.weight, blocks.attn.c_v.weight, blocks.attn.proj.weight, blocks.mlp.fc.weight, blocks.mlp.proj.weight
  gptq (int6)+lqer_asym: blocks.mlp.fc.weight
  gptq (int7)+lqer_asym: tok_emb.weight
  passthrough (float16): blocks.attn.attn_gate_w, blocks.attn.q_gain, blocks.attn_scale, blocks.mlp_scale, blocks.resid_mix, parallel_post_lambdas, parallel_resid_lambdas, skip_gates, skip_weights, smear_gate.weight, smear_lambda
Serialized model quantized+brotli: 16107603 bytes
Total submission size quantized+brotli: 16140833 bytes
diagnostic quantized val_loss:2.34703138 val_bpb:1.07243211 eval_time:11681ms
ttt_lora:warming up compile (random tokens, no val data)
ttt_lora:compile warmup done (213.2s)

beginning TTT eval timer
ttt_phased: total_docs:50000 prefix_docs:2500 suffix_docs:47500 num_phases:2 boundaries:[1250, 2500]
ttp: b775/782 bl:2.2764 bb:1.0583 rl:2.2764 rb:1.0583 dl:6892-7524 gd:0
ttp: b771/782 bl:2.3043 bb:1.0584 rl:2.2887 rb:1.0583 dl:5523-5749 gd:0
ttp: b766/782 bl:2.1349 bb:1.0016 rl:2.2481 rb:1.0435 dl:4521-4680 gd:0
ttp: b760/782 bl:2.3481 bb:1.0397 rl:2.2663 rb:1.0428 dl:3817-3916 gd:0
ttpp: phase:1/2 pd:1680 gd:1250 t:196.4s
tttg: c1/181 lr:0.001000 t:0.3s
tttg: c2/181 lr:0.001000 t:0.4s
tttg: c3/181 lr:0.001000 t:0.5s
tttg: c4/181 lr:0.000999 t:0.6s
tttg: c5/181 lr:0.000999 t:0.7s
tttg: c6/181 lr:0.000998 t:0.7s
tttg: c7/181 lr:0.000997 t:0.8s
tttg: c8/181 lr:0.000996 t:0.9s
tttg: c9/181 lr:0.000995 t:1.0s
tttg: c10/181 lr:0.000994 t:1.0s
tttg: c11/181 lr:0.000992 t:1.1s
tttg: c12/181 lr:0.000991 t:1.2s
tttg: c13/181 lr:0.000989 t:1.3s
tttg: c14/181 lr:0.000987 t:1.4s
tttg: c15/181 lr:0.000985 t:1.4s
tttg: c16/181 lr:0.000983 t:1.5s
tttg: c17/181 lr:0.000981 t:1.6s
tttg: c18/181 lr:0.000978 t:1.7s
tttg: c19/181 lr:0.000976 t:1.8s
tttg: c20/181 lr:0.000973 t:1.8s
tttg: c21/181 lr:0.000970 t:1.9s
tttg: c22/181 lr:0.000967 t:2.0s
tttg: c23/181 lr:0.000964 t:2.1s
tttg: c24/181 lr:0.000960 t:2.2s
tttg: c25/181 lr:0.000957 t:2.2s
tttg: c26/181 lr:0.000953 t:2.3s
tttg: c27/181 lr:0.000949 t:2.4s
tttg: c28/181 lr:0.000946 t:2.5s
tttg: c29/181 lr:0.000941 t:2.5s
tttg: c30/181 lr:0.000937 t:2.6s
tttg: c31/181 lr:0.000933 t:2.7s
tttg: c32/181 lr:0.000929 t:2.8s
tttg: c33/181 lr:0.000924 t:2.9s
tttg: c34/181 lr:0.000919 t:2.9s
tttg: c35/181 lr:0.000915 t:3.0s
tttg: c36/181 lr:0.000910 t:3.1s
tttg: c37/181 lr:0.000905 t:3.2s
tttg: c38/181 lr:0.000899 t:3.2s
tttg: c39/181 lr:0.000894 t:3.3s
tttg: c40/181 lr:0.000889 t:3.4s
tttg: c41/181 lr:0.000883 t:3.5s
tttg: c42/181 lr:0.000877 t:3.6s
tttg: c43/181 lr:0.000872 t:3.7s
tttg: c44/181 lr:0.000866 t:3.7s
tttg: c45/181 lr:0.000860 t:3.8s
tttg: c46/181 lr:0.000854 t:3.9s
tttg: c47/181 lr:0.000847 t:4.0s
tttg: c48/181 lr:0.000841 t:4.1s
tttg: c49/181 lr:0.000835 t:4.1s
tttg: c50/181 lr:0.000828 t:4.2s
tttg: c51/181 lr:0.000821 t:4.3s
tttg: c52/181 lr:0.000815 t:4.4s
tttg: c53/181 lr:0.000808 t:4.4s
tttg: c54/181 lr:0.000801 t:4.5s
tttg: c55/181 lr:0.000794 t:4.6s
tttg: c56/181 lr:0.000787 t:4.7s
tttg: c57/181 lr:0.000780 t:4.7s
tttg: c58/181 lr:0.000772 t:4.8s
tttg: c59/181 lr:0.000765 t:4.9s
tttg: c60/181 lr:0.000758 t:5.0s
tttg: c61/181 lr:0.000750 t:5.1s
tttg: c62/181 lr:0.000742 t:5.1s
tttg: c63/181 lr:0.000735 t:5.2s
tttg: c64/181 lr:0.000727 t:5.3s
tttg: c65/181 lr:0.000719 t:5.4s
tttg: c66/181 lr:0.000711 t:5.5s
tttg: c67/181 lr:0.000703 t:5.5s
tttg: c68/181 lr:0.000695 t:5.6s
tttg: c69/181 lr:0.000687 t:5.7s
tttg: c70/181 lr:0.000679 t:5.8s
tttg: c71/181 lr:0.000671 t:5.9s
tttg: c72/181 lr:0.000663 t:5.9s
tttg: c73/181 lr:0.000655 t:6.0s
tttg: c74/181 lr:0.000646 t:6.1s
tttg: c75/181 lr:0.000638 t:6.2s
tttg: c76/181 lr:0.000629 t:6.2s
tttg: c77/181 lr:0.000621 t:6.3s
tttg: c78/181 lr:0.000612 t:6.4s
tttg: c79/181 lr:0.000604 t:6.5s
tttg: c80/181 lr:0.000595 t:6.5s
tttg: c81/181 lr:0.000587 t:6.6s
tttg: c82/181 lr:0.000578 t:6.7s
tttg: c83/181 lr:0.000570 t:6.8s
tttg: c84/181 lr:0.000561 t:6.9s
tttg: c85/181 lr:0.000552 t:6.9s
tttg: c86/181 lr:0.000544 t:7.0s
tttg: c87/181 lr:0.000535 t:7.1s
tttg: c88/181 lr:0.000526 t:7.2s
tttg: c89/181 lr:0.000517 t:7.3s
tttg: c90/181 lr:0.000509 t:7.3s
tttg: c91/181 lr:0.000500 t:7.4s
tttg: c92/181 lr:0.000491 t:7.5s
tttg: c93/181 lr:0.000483 t:7.6s
tttg: c94/181 lr:0.000474 t:7.6s
tttg: c95/181 lr:0.000465 t:7.7s
tttg: c96/181 lr:0.000456 t:7.8s
tttg: c97/181 lr:0.000448 t:7.9s
tttg: c98/181 lr:0.000439 t:8.0s
tttg: c99/181 lr:0.000430 t:8.0s
tttg: c100/181 lr:0.000422 t:8.1s
tttg: c101/181 lr:0.000413 t:8.2s
tttg: c102/181 lr:0.000405 t:8.3s
tttg: c103/181 lr:0.000396 t:8.4s
tttg: c104/181 lr:0.000388 t:8.4s
tttg: c105/181 lr:0.000379 t:8.5s
tttg: c106/181 lr:0.000371 t:8.6s
tttg: c107/181 lr:0.000362 t:8.7s
tttg: c108/181 lr:0.000354 t:8.8s
tttg: c109/181 lr:0.000345 t:8.8s
tttg: c110/181 lr:0.000337 t:8.9s
tttg: c111/181 lr:0.000329 t:9.0s
tttg: c112/181 lr:0.000321 t:9.1s
tttg: c113/181 lr:0.000313 t:9.1s
tttg: c114/181 lr:0.000305 t:9.2s
tttg: c115/181 lr:0.000297 t:9.3s
tttg: c116/181 lr:0.000289 t:9.4s
tttg: c117/181 lr:0.000281 t:9.5s
tttg: c118/181 lr:0.000273 t:9.5s
tttg: c119/181 lr:0.000265 t:9.6s
tttg: c120/181 lr:0.000258 t:9.7s
tttg: c121/181 lr:0.000250 t:9.8s
tttg: c122/181 lr:0.000242 t:9.8s
tttg: c123/181 lr:0.000235 t:9.9s
tttg: c124/181 lr:0.000228 t:10.0s
tttg: c125/181 lr:0.000220 t:10.1s
tttg: c126/181 lr:0.000213 t:10.2s
tttg: c127/181 lr:0.000206 t:10.2s
tttg: c128/181 lr:0.000199 t:10.3s
tttg: c129/181 lr:0.000192 t:10.4s
tttg: c130/181 lr:0.000185 t:10.5s
tttg: c131/181 lr:0.000179 t:10.5s
tttg: c132/181 lr:0.000172 t:10.6s
tttg: c133/181 lr:0.000165 t:10.7s
tttg: c134/181 lr:0.000159 t:10.8s
tttg: c135/181 lr:0.000153 t:10.9s
tttg: c136/181 lr:0.000146 t:10.9s
tttg: c137/181 lr:0.000140 t:11.0s
tttg: c138/181 lr:0.000134 t:11.1s
tttg: c139/181 lr:0.000128 t:11.2s
tttg: c140/181 lr:0.000123 t:11.2s
tttg: c141/181 lr:0.000117 t:11.3s
tttg: c142/181 lr:0.000111 t:11.4s
tttg: c143/181 lr:0.000106 t:11.5s
tttg: c144/181 lr:0.000101 t:11.6s
tttg: c145/181 lr:0.000095 t:11.6s
tttg: c146/181 lr:0.000090 t:11.7s
tttg: c147/181 lr:0.000085 t:11.8s
tttg: c148/181 lr:0.000081 t:11.9s
tttg: c149/181 lr:0.000076 t:12.0s
tttg: c150/181 lr:0.000071 t:12.0s
tttg: c151/181 lr:0.000067 t:12.1s
tttg: c152/181 lr:0.000063 t:12.2s
tttg: c153/181 lr:0.000059 t:12.3s
tttg: c154/181 lr:0.000054 t:12.4s
tttg: c155/181 lr:0.000051 t:12.4s
tttg: c156/181 lr:0.000047 t:12.5s
tttg: c157/181 lr:0.000043 t:12.6s
tttg: c158/181 lr:0.000040 t:12.7s
tttg: c159/181 lr:0.000036 t:12.8s
tttg: c160/181 lr:0.000033 t:12.8s
tttg: c161/181 lr:0.000030 t:12.9s
tttg: c162/181 lr:0.000027 t:13.0s
tttg: c163/181 lr:0.000024 t:13.1s
tttg: c164/181 lr:0.000022 t:13.2s
tttg: c165/181 lr:0.000019 t:13.2s
tttg: c166/181 lr:0.000017 t:13.3s
tttg: c167/181 lr:0.000015 t:13.4s
tttg: c168/181 lr:0.000013 t:13.5s
tttg: c169/181 lr:0.000011 t:13.5s
tttg: c170/181 lr:0.000009 t:13.6s
tttg: c171/181 lr:0.000008 t:13.7s
tttg: c172/181 lr:0.000006 t:13.8s
tttg: c173/181 lr:0.000005 t:13.9s
tttg: c174/181 lr:0.000004 t:13.9s
tttg: c175/181 lr:0.000003 t:14.0s
tttg: c176/181 lr:0.000002 t:14.1s
tttg: c177/181 lr:0.000001 t:14.2s
tttg: c178/181 lr:0.000001 t:14.2s
tttg: c179/181 lr:0.000000 t:14.3s
tttg: c180/181 lr:0.000000 t:14.4s
ttpr: phase:1/2 t:212.5s
ttp: b753/782 bl:2.2189 bb:1.0017 rl:2.2599 rb:1.0372 dl:3284-3344 gd:0
ttpp: phase:2/2 pd:2960 gd:2500 t:333.6s
tttg: c1/289 lr:0.001000 t:0.1s
tttg: c2/289 lr:0.001000 t:0.2s
tttg: c3/289 lr:0.001000 t:0.2s
tttg: c4/289 lr:0.001000 t:0.3s
tttg: c5/289 lr:0.001000 t:0.4s
tttg: c6/289 lr:0.000999 t:0.5s
tttg: c7/289 lr:0.000999 t:0.5s
tttg: c8/289 lr:0.000999 t:0.6s
tttg: c9/289 lr:0.000998 t:0.7s
tttg: c10/289 lr:0.000998 t:0.8s
tttg: c11/289 lr:0.000997 t:0.9s
tttg: c12/289 lr:0.000996 t:0.9s
tttg: c13/289 lr:0.000996 t:1.0s
tttg: c14/289 lr:0.000995 t:1.1s
tttg: c15/289 lr:0.000994 t:1.2s
tttg: c16/289 lr:0.000993 t:1.3s
tttg: c17/289 lr:0.000992 t:1.3s
tttg: c18/289 lr:0.000991 t:1.4s
tttg: c19/289 lr:0.000990 t:1.5s
tttg: c20/289 lr:0.000989 t:1.6s
tttg: c21/289 lr:0.000988 t:1.6s
tttg: c22/289 lr:0.000987 t:1.7s
tttg: c23/289 lr:0.000986 t:1.8s
tttg: c24/289 lr:0.000984 t:1.9s
tttg: c25/289 lr:0.000983 t:2.0s
tttg: c26/289 lr:0.000982 t:2.0s
tttg: c27/289 lr:0.000980 t:2.1s
tttg: c28/289 lr:0.000978 t:2.2s
tttg: c29/289 lr:0.000977 t:2.3s
tttg: c30/289 lr:0.000975 t:2.3s
tttg: c31/289 lr:0.000973 t:2.4s
tttg: c32/289 lr:0.000972 t:2.5s
tttg: c33/289 lr:0.000970 t:2.6s
tttg: c34/289 lr:0.000968 t:2.7s
tttg: c35/289 lr:0.000966 t:2.7s
tttg: c36/289 lr:0.000964 t:2.8s
tttg: c37/289 lr:0.000962 t:2.9s
tttg: c38/289 lr:0.000960 t:3.0s
tttg: c39/289 lr:0.000958 t:3.1s
tttg: c40/289 lr:0.000955 t:3.1s
tttg: c41/289 lr:0.000953 t:3.2s
tttg: c42/289 lr:0.000951 t:3.3s
tttg: c43/289 lr:0.000948 t:3.4s
tttg: c44/289 lr:0.000946 t:3.5s
tttg: c45/289 lr:0.000944 t:3.5s
tttg: c46/289 lr:0.000941 t:3.6s
tttg: c47/289 lr:0.000938 t:3.7s
tttg: c48/289 lr:0.000936 t:3.8s
tttg: c49/289 lr:0.000933 t:3.8s
tttg: c50/289 lr:0.000930 t:3.9s
tttg: c51/289 lr:0.000927 t:4.0s
tttg: c52/289 lr:0.000925 t:4.1s
tttg: c53/289 lr:0.000922 t:4.2s
tttg: c54/289 lr:0.000919 t:4.2s
tttg: c55/289 lr:0.000916 t:4.3s
tttg: c56/289 lr:0.000913 t:4.4s
tttg: c57/289 lr:0.000910 t:4.5s
tttg: c58/289 lr:0.000906 t:4.6s
tttg: c59/289 lr:0.000903 t:4.6s
tttg: c60/289 lr:0.000900 t:4.7s
tttg: c61/289 lr:0.000897 t:4.8s
tttg: c62/289 lr:0.000893 t:4.9s
tttg: c63/289 lr:0.000890 t:5.0s
tttg: c64/289 lr:0.000887 t:5.0s
tttg: c65/289 lr:0.000883 t:5.1s
tttg: c66/289 lr:0.000879 t:5.2s
tttg: c67/289 lr:0.000876 t:5.3s
tttg: c68/289 lr:0.000872 t:5.3s
tttg: c69/289 lr:0.000869 t:5.4s
tttg: c70/289 lr:0.000865 t:5.5s
tttg: c71/289 lr:0.000861 t:5.6s
tttg: c72/289 lr:0.000857 t:5.7s
tttg: c73/289 lr:0.000854 t:5.7s
tttg: c74/289 lr:0.000850 t:5.8s
tttg: c75/289 lr:0.000846 t:5.9s
tttg: c76/289 lr:0.000842 t:6.0s
tttg: c77/289 lr:0.000838 t:6.1s
tttg: c78/289 lr:0.000834 t:6.1s
tttg: c79/289 lr:0.000830 t:6.2s
tttg: c80/289 lr:0.000826 t:6.3s
tttg: c81/289 lr:0.000821 t:6.4s
tttg: c82/289 lr:0.000817 t:6.5s
tttg: c83/289 lr:0.000813 t:6.5s
tttg: c84/289 lr:0.000809 t:6.6s
tttg: c85/289 lr:0.000804 t:6.7s
tttg: c86/289 lr:0.000800 t:6.8s
tttg: c87/289 lr:0.000796 t:6.8s
tttg: c88/289 lr:0.000791 t:6.9s
tttg: c89/289 lr:0.000787 t:7.0s
tttg: c90/289 lr:0.000782 t:7.1s
tttg: c91/289 lr:0.000778 t:7.2s
tttg: c92/289 lr:0.000773 t:7.2s
tttg: c93/289 lr:0.000769 t:7.3s
tttg: c94/289 lr:0.000764 t:7.4s
tttg: c95/289 lr:0.000759 t:7.5s
tttg: c96/289 lr:0.000755 t:7.6s
tttg: c97/289 lr:0.000750 t:7.6s
tttg: c98/289 lr:0.000745 t:7.7s
tttg: c99/289 lr:0.000740 t:7.8s
tttg: c100/289 lr:0.000736 t:7.9s
tttg: c101/289 lr:0.000731 t:8.0s
tttg: c102/289 lr:0.000726 t:8.0s
tttg: c103/289 lr:0.000721 t:8.1s
tttg: c104/289 lr:0.000716 t:8.2s
tttg: c105/289 lr:0.000711 t:8.3s
tttg: c106/289 lr:0.000706 t:8.3s
tttg: c107/289 lr:0.000701 t:8.4s
tttg: c108/289 lr:0.000696 t:8.5s
tttg: c109/289 lr:0.000691 t:8.6s
tttg: c110/289 lr:0.000686 t:8.7s
tttg: c111/289 lr:0.000681 t:8.7s
tttg: c112/289 lr:0.000676 t:8.8s
tttg: c113/289 lr:0.000671 t:8.9s
tttg: c114/289 lr:0.000666 t:9.0s
tttg: c115/289 lr:0.000661 t:9.0s
tttg: c116/289 lr:0.000656 t:9.1s
tttg: c117/289 lr:0.000650 t:9.2s
tttg: c118/289 lr:0.000645 t:9.3s
tttg: c119/289 lr:0.000640 t:9.4s
tttg: c120/289 lr:0.000635 t:9.4s
tttg: c121/289 lr:0.000629 t:9.5s
tttg: c122/289 lr:0.000624 t:9.6s
tttg: c123/289 lr:0.000619 t:9.7s
tttg: c124/289 lr:0.000614 t:9.8s
tttg: c125/289 lr:0.000608 t:9.8s
tttg: c126/289 lr:0.000603 t:9.9s
tttg: c127/289 lr:0.000598 t:10.0s
tttg: c128/289 lr:0.000592 t:10.1s
tttg: c129/289 lr:0.000587 t:10.1s
tttg: c130/289 lr:0.000581 t:10.2s
tttg: c131/289 lr:0.000576 t:10.3s
tttg: c132/289 lr:0.000571 t:10.4s
tttg: c133/289 lr:0.000565 t:10.5s
tttg: c134/289 lr:0.000560 t:10.6s
tttg: c135/289 lr:0.000554 t:10.6s
tttg: c136/289 lr:0.000549 t:10.7s
tttg: c137/289 lr:0.000544 t:10.8s
tttg: c138/289 lr:0.000538 t:10.9s
tttg: c139/289 lr:0.000533 t:10.9s
tttg: c140/289 lr:0.000527 t:11.0s
tttg: c141/289 lr:0.000522 t:11.1s
tttg: c142/289 lr:0.000516 t:11.2s
tttg: c143/289 lr:0.000511 t:11.3s
tttg: c144/289 lr:0.000505 t:11.3s
tttg: c145/289 lr:0.000500 t:11.4s
tttg: c146/289 lr:0.000495 t:11.5s
tttg: c147/289 lr:0.000489 t:11.6s
tttg: c148/289 lr:0.000484 t:11.7s
tttg: c149/289 lr:0.000478 t:11.7s
tttg: c150/289 lr:0.000473 t:11.8s
tttg: c151/289 lr:0.000467 t:11.9s
tttg: c152/289 lr:0.000462 t:12.0s
tttg: c153/289 lr:0.000456 t:12.1s
tttg: c154/289 lr:0.000451 t:12.1s
tttg: c155/289 lr:0.000446 t:12.2s
tttg: c156/289 lr:0.000440 t:12.3s
tttg: c157/289 lr:0.000435 t:12.4s
tttg: c158/289 lr:0.000429 t:12.5s
tttg: c159/289 lr:0.000424 t:12.5s
tttg: c160/289 lr:0.000419 t:12.6s
tttg: c161/289 lr:0.000413 t:12.7s
tttg: c162/289 lr:0.000408 t:12.8s
tttg: c163/289 lr:0.000402 t:12.9s
tttg: c164/289 lr:0.000397 t:12.9s
tttg: c165/289 lr:0.000392 t:13.0s
tttg: c166/289 lr:0.000386 t:13.1s
tttg: c167/289 lr:0.000381 t:13.2s
tttg: c168/289 lr:0.000376 t:13.2s
tttg: c169/289 lr:0.000371 t:13.3s
tttg: c170/289 lr:0.000365 t:13.4s
tttg: c171/289 lr:0.000360 t:13.5s
tttg: c172/289 lr:0.000355 t:13.6s
tttg: c173/289 lr:0.000350 t:13.6s
tttg: c174/289 lr:0.000344 t:13.7s
tttg: c175/289 lr:0.000339 t:13.8s
tttg: c176/289 lr:0.000334 t:13.9s
tttg: c177/289 lr:0.000329 t:13.9s
tttg: c178/289 lr:0.000324 t:14.0s
tttg: c179/289 lr:0.000319 t:14.1s
tttg: c180/289 lr:0.000314 t:14.2s
tttg: c181/289 lr:0.000309 t:14.3s
tttg: c182/289 lr:0.000304 t:14.3s
tttg: c183/289 lr:0.000299 t:14.4s
tttg: c184/289 lr:0.000294 t:14.5s
tttg: c185/289 lr:0.000289 t:14.6s
tttg: c186/289 lr:0.000284 t:14.7s
tttg: c187/289 lr:0.000279 t:14.7s
tttg: c188/289 lr:0.000274 t:14.8s
tttg: c189/289 lr:0.000269 t:14.9s
tttg: c190/289 lr:0.000264 t:15.0s
tttg: c191/289 lr:0.000260 t:15.1s
tttg: c192/289 lr:0.000255 t:15.1s
tttg: c193/289 lr:0.000250 t:15.2s
tttg: c194/289 lr:0.000245 t:15.3s
tttg: c195/289 lr:0.000241 t:15.4s
tttg: c196/289 lr:0.000236 t:15.4s
tttg: c197/289 lr:0.000231 t:15.5s
tttg: c198/289 lr:0.000227 t:15.6s
tttg: c199/289 lr:0.000222 t:15.7s
tttg: c200/289 lr:0.000218 t:15.8s
tttg: c201/289 lr:0.000213 t:15.8s
tttg: c202/289 lr:0.000209 t:15.9s
tttg: c203/289 lr:0.000204 t:16.0s
tttg: c204/289 lr:0.000200 t:16.1s
tttg: c205/289 lr:0.000196 t:16.2s
tttg: c206/289 lr:0.000191 t:16.2s
tttg: c207/289 lr:0.000187 t:16.3s
tttg: c208/289 lr:0.000183 t:16.4s
tttg: c209/289 lr:0.000179 t:16.5s
tttg: c210/289 lr:0.000174 t:16.6s
tttg: c211/289 lr:0.000170 t:16.6s
tttg: c212/289 lr:0.000166 t:16.7s
tttg: c213/289 lr:0.000162 t:16.8s
tttg: c214/289 lr:0.000158 t:16.9s
tttg: c215/289 lr:0.000154 t:17.0s
tttg: c216/289 lr:0.000150 t:17.0s
tttg: c217/289 lr:0.000146 t:17.1s
tttg: c218/289 lr:0.000143 t:17.2s
tttg: c219/289 lr:0.000139 t:17.3s
tttg: c220/289 lr:0.000135 t:17.3s
tttg: c221/289 lr:0.000131 t:17.4s
tttg: c222/289 lr:0.000128 t:17.5s
tttg: c223/289 lr:0.000124 t:17.6s
tttg: c224/289 lr:0.000121 t:17.7s
tttg: c225/289 lr:0.000117 t:17.8s
tttg: c226/289 lr:0.000113 t:17.8s
tttg: c227/289 lr:0.000110 t:17.9s
tttg: c228/289 lr:0.000107 t:18.0s
tttg: c229/289 lr:0.000103 t:18.1s
tttg: c230/289 lr:0.000100 t:18.1s
tttg: c231/289 lr:0.000097 t:18.2s
tttg: c232/289 lr:0.000094 t:18.3s
tttg: c233/289 lr:0.000090 t:18.4s
tttg: c234/289 lr:0.000087 t:18.5s
tttg: c235/289 lr:0.000084 t:18.5s
tttg: c236/289 lr:0.000081 t:18.6s
tttg: c237/289 lr:0.000078 t:18.7s
tttg: c238/289 lr:0.000075 t:18.8s
tttg: c239/289 lr:0.000073 t:18.8s
tttg: c240/289 lr:0.000070 t:18.9s
tttg: c241/289 lr:0.000067 t:19.0s
tttg: c242/289 lr:0.000064 t:19.1s
tttg: c243/289 lr:0.000062 t:19.2s
tttg: c244/289 lr:0.000059 t:19.2s
tttg: c245/289 lr:0.000056 t:19.3s
tttg: c246/289 lr:0.000054 t:19.4s
tttg: c247/289 lr:0.000052 t:19.5s
tttg: c248/289 lr:0.000049 t:19.6s
tttg: c249/289 lr:0.000047 t:19.6s
tttg: c250/289 lr:0.000045 t:19.7s
tttg: c251/289 lr:0.000042 t:19.8s
tttg: c252/289 lr:0.000040 t:19.9s
tttg: c253/289 lr:0.000038 t:19.9s
tttg: c254/289 lr:0.000036 t:20.0s
tttg: c255/289 lr:0.000034 t:20.1s
tttg: c256/289 lr:0.000032 t:20.2s
tttg: c257/289 lr:0.000030 t:20.3s
tttg: c258/289 lr:0.000028 t:20.3s
tttg: c259/289 lr:0.000027 t:20.4s
tttg: c260/289 lr:0.000025 t:20.5s
tttg: c261/289 lr:0.000023 t:20.6s
tttg: c262/289 lr:0.000022 t:20.7s
tttg: c263/289 lr:0.000020 t:20.7s
tttg: c264/289 lr:0.000018 t:20.8s
tttg: c265/289 lr:0.000017 t:20.9s
tttg: c266/289 lr:0.000016 t:21.0s
tttg: c267/289 lr:0.000014 t:21.1s
tttg: c268/289 lr:0.000013 t:21.1s
tttg: c269/289 lr:0.000012 t:21.2s
tttg: c270/289 lr:0.000011 t:21.3s
tttg: c271/289 lr:0.000010 t:21.4s
tttg: c272/289 lr:0.000009 t:21.4s
tttg: c273/289 lr:0.000008 t:21.5s
tttg: c274/289 lr:0.000007 t:21.6s
tttg: c275/289 lr:0.000006 t:21.7s
tttg: c276/289 lr:0.000005 t:21.8s
tttg: c277/289 lr:0.000004 t:21.8s
tttg: c278/289 lr:0.000004 t:21.9s
tttg: c279/289 lr:0.000003 t:22.0s
tttg: c280/289 lr:0.000002 t:22.1s
tttg: c281/289 lr:0.000002 t:22.1s
tttg: c282/289 lr:0.000001 t:22.2s
tttg: c283/289 lr:0.000001 t:22.3s
tttg: c284/289 lr:0.000001 t:22.4s
tttg: c285/289 lr:0.000000 t:22.5s
tttg: c286/289 lr:0.000000 t:22.5s
tttg: c287/289 lr:0.000000 t:22.6s
tttg: c288/289 lr:0.000000 t:22.7s
ttpr: phase:2/2 t:358.0s
ttp: b732/782 bl:2.3693 bb:1.0911 rl:2.2697 rb:1.0420 dl:2416-2441 gd:1
ttp: b722/782 bl:2.3461 bb:1.0513 rl:2.2754 rb:1.0427 dl:2163-2185 gd:1
ttp: b712/782 bl:2.3324 bb:1.0578 rl:2.2790 rb:1.0437 dl:1984-2002 gd:1
ttp: b709/782 bl:2.4430 bb:1.0928 rl:2.2887 rb:1.0466 dl:1937-1952 gd:1
ttp: b698/782 bl:2.2491 bb:1.0295 rl:2.2866 rb:1.0457 dl:1803-1814 gd:1
ttp: b681/782 bl:2.3286 bb:1.0411 rl:2.2885 rb:1.0455 dl:1628-1637 gd:1
ttp: b673/782 bl:2.3613 bb:1.0600 rl:2.2915 rb:1.0461 dl:1562-1571 gd:1
ttp: b666/782 bl:2.4103 bb:1.0639 rl:2.2960 rb:1.0468 dl:1507-1514 gd:1
ttp: b659/782 bl:2.3051 bb:1.0403 rl:2.2963 rb:1.0466 dl:1459-1466 gd:1
ttp: b654/782 bl:2.2884 bb:1.0350 rl:2.2961 rb:1.0462 dl:1425-1432 gd:1
ttp: b646/782 bl:2.2684 bb:1.0489 rl:2.2952 rb:1.0463 dl:1375-1382 gd:1
ttp: b638/782 bl:2.3426 bb:1.0673 rl:2.2966 rb:1.0469 dl:1325-1331 gd:1
ttp: b631/782 bl:2.3115 bb:1.0066 rl:2.2970 rb:1.0457 dl:1285-1290 gd:1
ttp: b620/782 bl:2.3424 bb:1.0551 rl:2.2982 rb:1.0460 dl:1226-1231 gd:1
ttp: b613/782 bl:2.3369 bb:1.0404 rl:2.2991 rb:1.0458 dl:1190-1195 gd:1
ttp: b606/782 bl:2.3579 bb:1.0654 rl:2.3005 rb:1.0463 dl:1159-1164 gd:1
ttp: b598/782 bl:2.3543 bb:1.0649 rl:2.3017 rb:1.0467 dl:1124-1129 gd:1
ttp: b590/782 bl:2.3063 bb:1.0567 rl:2.3017 rb:1.0469 dl:1089-1093 gd:1
ttp: b581/782 bl:2.3189 bb:1.0348 rl:2.3021 rb:1.0467 dl:1052-1056 gd:1
ttp: b574/782 bl:2.3642 bb:1.0609 rl:2.3033 rb:1.0469 dl:1025-1029 gd:1
ttp: b567/782 bl:2.2617 bb:1.0153 rl:2.3025 rb:1.0464 dl:1001-1004 gd:1
ttp: b560/782 bl:2.2652 bb:1.0080 rl:2.3019 rb:1.0457 dl:975-979 gd:1
ttp: b553/782 bl:2.2783 bb:1.0272 rl:2.3015 rb:1.0454 dl:952-955 gd:1
ttp: b545/782 bl:2.3351 bb:1.0325 rl:2.3020 rb:1.0452 dl:927-930 gd:1
ttp: b537/782 bl:2.3712 bb:1.0695 rl:2.3031 rb:1.0455 dl:902-905 gd:1
ttp: b529/782 bl:2.3103 bb:1.0149 rl:2.3032 rb:1.0451 dl:878-882 gd:1
ttp: b521/782 bl:2.3532 bb:1.0666 rl:2.3039 rb:1.0454 dl:854-858 gd:1
ttp: b513/782 bl:2.3647 bb:1.0381 rl:2.3047 rb:1.0453 dl:832-835 gd:1
ttp: b504/782 bl:2.3145 bb:1.0325 rl:2.3048 rb:1.0451 dl:807-809 gd:1
ttp: b496/782 bl:2.4189 bb:1.0472 rl:2.3062 rb:1.0451 dl:785-788 gd:1
ttp: b488/782 bl:2.2914 bb:1.0083 rl:2.3061 rb:1.0447 dl:766-769 gd:1
ttp: b481/782 bl:2.2946 bb:1.0430 rl:2.3059 rb:1.0447 dl:749-752 gd:1
ttp: b473/782 bl:2.2647 bb:1.0304 rl:2.3055 rb:1.0445 dl:730-733 gd:1
ttp: b465/782 bl:2.3810 bb:1.0620 rl:2.3063 rb:1.0447 dl:712-714 gd:1
ttp: b457/782 bl:2.2510 bb:1.0305 rl:2.3057 rb:1.0446 dl:695-697 gd:1
ttp: b451/782 bl:2.3971 bb:1.0846 rl:2.3066 rb:1.0450 dl:682-685 gd:1
ttp: b443/782 bl:2.2301 bb:1.0493 rl:2.3059 rb:1.0450 dl:666-668 gd:1
ttp: b435/782 bl:2.3107 bb:1.0206 rl:2.3059 rb:1.0448 dl:648-651 gd:1
ttp: b428/782 bl:2.3025 bb:1.0492 rl:2.3059 rb:1.0448 dl:636-638 gd:1
ttp: b423/782 bl:2.3107 bb:1.0543 rl:2.3059 rb:1.0449 dl:626-629 gd:1
ttp: b416/782 bl:2.3719 bb:1.0429 rl:2.3065 rb:1.0449 dl:613-615 gd:1
ttp: b409/782 bl:2.3209 bb:1.0652 rl:2.3066 rb:1.0450 dl:598-601 gd:1
ttp: b403/782 bl:2.3246 bb:1.0431 rl:2.3068 rb:1.0450 dl:588-590 gd:1
ttp: b394/782 bl:2.2499 bb:0.9905 rl:2.3063 rb:1.0446 dl:571-573 gd:1
ttp: b386/782 bl:2.3341 bb:1.0961 rl:2.3065 rb:1.0450 dl:557-559 gd:1
ttp: b378/782 bl:2.4242 bb:1.0519 rl:2.3074 rb:1.0450 dl:544-545 gd:1
ttp: b370/782 bl:2.3636 bb:1.0820 rl:2.3078 rb:1.0453 dl:530-532 gd:1
ttp: b362/782 bl:2.3560 bb:1.0768 rl:2.3081 rb:1.0455 dl:517-518 gd:1
ttp: b353/782 bl:2.1975 bb:1.0049 rl:2.3074 rb:1.0452 dl:501-503 gd:1
ttp: b345/782 bl:2.3563 bb:1.0727 rl:2.3077 rb:1.0454 dl:489-491 gd:1
ttp: b336/782 bl:2.4075 bb:1.0849 rl:2.3083 rb:1.0456 dl:476-477 gd:1
ttp: b328/782 bl:2.2808 bb:1.0138 rl:2.3082 rb:1.0455 dl:463-465 gd:1
ttp: b320/782 bl:2.3381 bb:1.0811 rl:2.3084 rb:1.0457 dl:451-453 gd:1
ttp: b312/782 bl:2.3112 bb:1.0527 rl:2.3084 rb:1.0457 dl:439-440 gd:1
ttp: b304/782 bl:2.3457 bb:1.0759 rl:2.3086 rb:1.0459 dl:427-429 gd:1
ttp: b296/782 bl:2.3874 bb:1.0992 rl:2.3090 rb:1.0461 dl:415-417 gd:1
ttp: b288/782 bl:2.2367 bb:1.0181 rl:2.3086 rb:1.0460 dl:403-405 gd:1
ttp: b280/782 bl:2.3338 bb:1.0881 rl:2.3087 rb:1.0462 dl:392-394 gd:1
ttp: b272/782 bl:2.3616 bb:1.0908 rl:2.3090 rb:1.0464 dl:382-383 gd:1
ttp: b264/782 bl:2.4176 bb:1.1017 rl:2.3095 rb:1.0467 dl:371-372 gd:1
ttp: b256/782 bl:2.5406 bb:1.1214 rl:2.3105 rb:1.0470 dl:361-362 gd:1
ttp: b248/782 bl:2.4583 bb:1.1865 rl:2.3112 rb:1.0476 dl:351-352 gd:1
ttp: b240/782 bl:2.2978 bb:1.0547 rl:2.3111 rb:1.0476 dl:341-342 gd:1
ttp: b231/782 bl:2.2979 bb:1.0795 rl:2.3111 rb:1.0477 dl:330-331 gd:1
ttp: b223/782 bl:2.3318 bb:1.1258 rl:2.3112 rb:1.0480 dl:321-322 gd:1
ttp: b214/782 bl:2.3365 bb:1.1180 rl:2.3112 rb:1.0483 dl:310-312 gd:1
ttp: b207/782 bl:2.3511 bb:1.1299 rl:2.3114 rb:1.0486 dl:303-304 gd:1
ttp: b199/782 bl:2.4289 bb:1.1428 rl:2.3118 rb:1.0489 dl:295-296 gd:1
ttp: b191/782 bl:2.4171 bb:1.0996 rl:2.3122 rb:1.0491 dl:285-286 gd:1
ttp: b183/782 bl:2.3227 bb:1.0697 rl:2.3122 rb:1.0491 dl:277-278 gd:1
ttp: b175/782 bl:2.3829 bb:1.1514 rl:2.3124 rb:1.0494 dl:269-270 gd:1
ttp: b166/782 bl:2.4789 bb:1.1081 rl:2.3130 rb:1.0496 dl:260-262 gd:1
ttp: b157/782 bl:2.3652 bb:1.1328 rl:2.3131 rb:1.0499 dl:252-253 gd:1
ttp: b149/782 bl:2.3748 bb:1.1568 rl:2.3133 rb:1.0501 dl:244-245 gd:1
ttp: b141/782 bl:2.4693 bb:1.1269 rl:2.3137 rb:1.0504 dl:236-237 gd:1
ttp: b133/782 bl:2.3700 bb:1.1368 rl:2.3139 rb:1.0506 dl:229-230 gd:1
ttp: b124/782 bl:2.3801 bb:1.1626 rl:2.3140 rb:1.0508 dl:220-222 gd:1
ttp: b117/782 bl:2.4748 bb:1.2025 rl:2.3145 rb:1.0512 dl:214-215 gd:1
ttp: b110/782 bl:2.3697 bb:1.1246 rl:2.3146 rb:1.0514 dl:208-208 gd:1
ttp: b101/782 bl:2.5138 bb:1.1554 rl:2.3151 rb:1.0516 dl:200-201 gd:1
ttp: b93/782 bl:2.4737 bb:1.1864 rl:2.3154 rb:1.0519 dl:192-193 gd:1
ttp: b87/782 bl:2.4405 bb:1.1647 rl:2.3157 rb:1.0521 dl:187-188 gd:1
ttp: b78/782 bl:2.5441 bb:1.1910 rl:2.3162 rb:1.0524 dl:179-180 gd:1
ttp: b71/782 bl:2.4631 bb:1.1772 rl:2.3164 rb:1.0526 dl:173-173 gd:1
ttp: b63/782 bl:2.5218 bb:1.2029 rl:2.3168 rb:1.0529 dl:166-166 gd:1
ttp: b54/782 bl:2.4722 bb:1.2127 rl:2.3171 rb:1.0532 dl:157-158 gd:1
ttp: b46/782 bl:2.5416 bb:1.2135 rl:2.3175 rb:1.0534 dl:149-150 gd:1
ttp: b38/782 bl:2.5985 bb:1.1918 rl:2.3180 rb:1.0537 dl:141-142 gd:1
ttp: b30/782 bl:2.5919 bb:1.2638 rl:2.3184 rb:1.0540 dl:133-134 gd:1
ttp: b22/782 bl:2.5644 bb:1.2004 rl:2.3187 rb:1.0542 dl:124-126 gd:1
ttp: b14/782 bl:2.6047 bb:1.1890 rl:2.3191 rb:1.0543 dl:114-115 gd:1
ttp: b6/782 bl:2.7055 bb:1.2063 rl:2.3195 rb:1.0545 dl:99-101 gd:1
quantized_ttt_phased val_loss:2.31926953 val_bpb:1.05981567 eval_time:427569ms
total_eval_time:427.6s
